******************************************************************************
             TMS320C2000 Linker PC v22.6.1                     
******************************************************************************
>> Linked Thu Feb 20 23:24:37 2025

OUTPUT FILE NAME:   <DAB_500W.out>
ENTRY POINT SYMBOL: "code_start"  address: 00000000


MEMORY CONFIGURATION

         name            origin    length      used     unused   attr    fill
----------------------  --------  ---------  --------  --------  ----  --------
  RAMM0_BEGIN           00000000   00000002  00000002  00000000  RWIX
  RAMM0                 00000128   000002d8  0000005e  0000027a  RWIX
  RAMM1                 00000400   000003f8  00000200  000001f8  RWIX
  CLATOCPU_MSGRAM       00001480   00000080  00000000  00000080  RWIX
  CPUTOCLA_MSGRAM       00001500   00000080  00000000  00000080  RWIX
  CLATODMA_MSGRAM       00001680   00000080  00000000  00000080  RWIX
  DMATOCLA_MSGRAM       00001700   00000080  00000000  00000080  RWIX
  RAMLS0                00008000   00000800  000002ee  00000512  RWIX
  RAMLS1                00008800   00000800  00000000  00000800  RWIX
  RAMLS2                00009000   00000800  00000000  00000800  RWIX
  RAMLS3                00009800   00000800  00000498  00000368  RWIX
  RAMLS4                0000a000   00000800  00000800  00000000  RWIX
  RAMLS5                0000a800   00000800  00000800  00000000  RWIX
  RAMLS6                0000b000   00000800  0000038f  00000471  RWIX
  RAMLS7                0000b800   00000800  0000001f  000007e1  RWIX
  RAMGS0                0000c000   00001000  00000091  00000f6f  RWIX
  RAMGS1                0000d000   00001000  00001000  00000000  RWIX
  RAMGS2                0000e000   00001000  000007b1  0000084f  RWIX
  RAMGS3                0000f000   00000ff8  00000ff8  00000000  RWIX
  FLASH_BANK0_SEC0      00080000   00001000  00000000  00001000  RWIX
  FLASH_BANK0_SEC1      00081000   00001000  00000000  00001000  RWIX
  FLASH_BANK0_SEC2      00082000   00001000  00000000  00001000  RWIX
  FLASH_BANK0_SEC3      00083000   00001000  00000000  00001000  RWIX
  FLASH_BANK0_SEC4      00084000   00001000  00000000  00001000  RWIX
  FLASH_BANK0_SEC5      00085000   00001000  00000000  00001000  RWIX
  FLASH_BANK0_SEC6      00086000   00001000  00000000  00001000  RWIX
  FLASH_BANK0_SEC7      00087000   00001000  00000000  00001000  RWIX
  FLASH_BANK0_SEC8      00088000   00001000  00000000  00001000  RWIX
  FLASH_BANK0_SEC9      00089000   00001000  00000000  00001000  RWIX
  FLASH_BANK0_SEC10     0008a000   00001000  00000000  00001000  RWIX
  FLASH_BANK0_SEC11     0008b000   00001000  00000000  00001000  RWIX
  FLASH_BANK0_SEC12     0008c000   00001000  00000000  00001000  RWIX
  FLASH_BANK0_SEC13     0008d000   00001000  00000000  00001000  RWIX
  FLASH_BANK0_SEC14     0008e000   00001000  00000000  00001000  RWIX
  FLASH_BANK0_SEC15     0008f000   00001000  00000000  00001000  RWIX
  FLASH_BANK1_SEC0      00090000   00001000  00000000  00001000  RWIX
  FLASH_BANK1_SEC1      00091000   00001000  00000000  00001000  RWIX
  FLASH_BANK1_SEC2      00092000   00001000  00000000  00001000  RWIX
  FLASH_BANK1_SEC3      00093000   00001000  00000000  00001000  RWIX
  FLASH_BANK1_SEC4      00094000   00001000  00000000  00001000  RWIX
  FLASH_BANK1_SEC5      00095000   00001000  00000000  00001000  RWIX
  FLASH_BANK1_SEC6      00096000   00001000  00000000  00001000  RWIX
  FLASH_BANK1_SEC7      00097000   00001000  00000000  00001000  RWIX
  FLASH_BANK1_SEC8      00098000   00001000  00000000  00001000  RWIX
  FLASH_BANK1_SEC9      00099000   00001000  00000000  00001000  RWIX
  FLASH_BANK1_SEC10     0009a000   00001000  00000000  00001000  RWIX
  FLASH_BANK1_SEC11     0009b000   00001000  00000000  00001000  RWIX
  FLASH_BANK1_SEC12     0009c000   00001000  00000000  00001000  RWIX
  FLASH_BANK1_SEC13     0009d000   00001000  00000000  00001000  RWIX
  FLASH_BANK1_SEC14     0009e000   00001000  00000000  00001000  RWIX
  FLASH_BANK1_SEC15     0009f000   00001000  00000000  00001000  RWIX
  FLASH_BANK2_SEC0      000a0000   00001000  00000000  00001000  RWIX
  FLASH_BANK2_SEC1      000a1000   00001000  00000000  00001000  RWIX
  FLASH_BANK2_SEC2      000a2000   00001000  00000000  00001000  RWIX
  FLASH_BANK2_SEC3      000a3000   00001000  00000000  00001000  RWIX
  FLASH_BANK2_SEC4      000a4000   00001000  00000000  00001000  RWIX
  FLASH_BANK2_SEC5      000a5000   00001000  00000000  00001000  RWIX
  FLASH_BANK2_SEC6      000a6000   00001000  00000000  00001000  RWIX
  FLASH_BANK2_SEC7      000a7000   00001000  00000000  00001000  RWIX
  FLASH_BANK2_SEC8      000a8000   00001000  00000000  00001000  RWIX
  FLASH_BANK2_SEC9      000a9000   00001000  00000000  00001000  RWIX
  FLASH_BANK2_SEC10     000aa000   00001000  00000000  00001000  RWIX
  FLASH_BANK2_SEC11     000ab000   00001000  00000000  00001000  RWIX
  FLASH_BANK2_SEC12     000ac000   00001000  00000000  00001000  RWIX
  FLASH_BANK2_SEC13     000ad000   00001000  00000000  00001000  RWIX
  FLASH_BANK2_SEC14     000ae000   00001000  00000000  00001000  RWIX
  FLASH_BANK2_SEC15     000af000   00000ff0  00000000  00000ff0  RWIX
  RESET                 003fffc0   00000002  00000000  00000002  RWIX


SECTION ALLOCATION MAP

 output                                  attributes/
section   page    origin      length       input sections
--------  ----  ----------  ----------   ----------------
.reset     0    003fffc0    00000000     DSECT

codestart 
*          0    00000000    00000002     
                  00000000    00000002     f28003x_codestartbranch.obj (codestart)

.TI.ramfunc 
*          0    00000128    00000004     
                  00000128    00000004     driverlib.lib : sysctl.obj (.TI.ramfunc)

.cinit     0    0000012c    0000005a     
                  0000012c    00000030     (.cinit..data.load) [load image, compression = lzss]
                  0000015c    0000000c     (.cinit.cla_shared.load) [load image, compression = lzss]
                  00000168    00000006     (__TI_handler_table)
                  0000016e    00000004     (.cinit..bss.load) [load image, compression = zero_init]
                  00000172    00000004     (.cinit..scratchpad.load) [load image, compression = zero_init]
                  00000176    00000010     (__TI_cinit_table)

.stack     0    00000400    00000200     UNINITIALIZED
                  00000400    00000200     --HOLE--

.init_array 
*          0    00000128    00000000     UNINITIALIZED

Cla1Prog   0    00008000    000002ee     
                  00008000    000000c2     DAB_500W_cla_tasks.obj (Cla1Prog:DAB_calculatePWMDutyPeriodPhaseShiftTicks_CLA)
                  000080c2    00000080     DAB_500W_cla_tasks.obj (Cla1Prog:DAB_readSensedSignals)
                  00008142    0000006e     DAB_500W_cla_tasks.obj (Cla1Prog:ADC_readPPBResult)
                  000081b0    00000054     DAB_500W_cla_tasks.obj (Cla1Prog:SDFM_getFilterData)
                  00008204    00000050     DAB_500W_cla_tasks.obj (Cla1Prog:SDFM_isBaseValid)
                  00008254    00000034     DAB_500W_cla_tasks.obj (Cla1Prog:loop1_task)
                  00008288    0000002a     DCL_PI_L1.obj (Cla1Prog:_DCL_runPI_L1)
                  000082b2    00000020     DAB_500W_cla_tasks.obj (Cla1Prog:Cla1Task1)
                  000082d2    0000000e     DAB_500W_cla_tasks.obj (Cla1Prog:resetProfilingGPIO)
                  000082e0    0000000e     DAB_500W_cla_tasks.obj (Cla1Prog:setProfilingGPIO)

.bss       0    0000b800    0000001f     UNINITIALIZED
                  0000b800    00000010     DAB_500W.obj (.bss)
                  0000b810    00000009     SFO_v8_fpu_lib_build_c28_driverlib_eabi.lib : SFO_v8_fpu_lib_build_c28_driverlib.obj (.bss:MEP_SF)
                  0000b819    00000005                                                 : SFO_v8_fpu_lib_build_c28_driverlib.obj (.bss)
                  0000b81e    00000001     c2000ware_libraries.obj (.bss)

.data      0    0000c000    00000091     UNINITIALIZED
                  0000c000    0000006a     c2000ware_libraries.obj (.data)
                  0000c06a    00000010     c2000ware_libraries.obj (.data:ePWM)
                  0000c07a    00000006     rts2800_fpu32_eabi.lib : exit.c.obj (.data)
                  0000c080    0000000c     DAB_500W.obj (.data)
                  0000c08c    00000002     rts2800_fpu32_eabi.lib : _lock.c.obj (.data:_lock)
                  0000c08e    00000002                            : _lock.c.obj (.data:_unlock)
                  0000c090    00000001     SFO_v8_fpu_lib_build_c28_driverlib_eabi.lib : SFO_v8_fpu_lib_build_c28_driverlib.obj (.data)

.const     0    0000e000    000007b1     
                  0000e000    000002b6     board.obj (.const:.string)
                  0000e2b6    00000115     DAB_500W.obj (.const:.string)
                  0000e3cb    00000001     --HOLE-- [fill = 0]
                  0000e3cc    0000009a     device.obj (.const:.string)
                  0000e466    0000009a     driverlib.lib : sysctl.obj (.const:.string)
                  0000e500    00000098                   : epwm.obj (.const:.string)
                  0000e598    00000098                   : gpio.obj (.const:.string)
                  0000e630    00000098                   : sdfm.obj (.const:.string)
                  0000e6c8    00000050                   : cputimer.obj (.const:.string)
                  0000e718    0000004e                   : memcfg.obj (.const:.string)
                  0000e766    0000004b                   : adc.obj (.const:.string)

.scratchpad 
*          0    00009c80    00000018     UNINITIALIZED
                  00009c80    00000005     DCL_PI_L1.obj (.scratchpad:Cla1Prog:_DCL_runPI_L1)
                  00009c80    00000016     DAB_500W_cla_tasks.obj (.scratchpad:Cla1Prog:DAB_calculatePWMDutyPeriodPhaseShiftTicks_CLA)
                  00009c80    00000004     DAB_500W_cla_tasks.obj (.scratchpad:Cla1Prog:ADC_readPPBResult)
                  00009c80    00000006     DAB_500W_cla_tasks.obj (.scratchpad:Cla1Prog:SDFM_getFilterData)
                  00009c86    00000004     DAB_500W_cla_tasks.obj (.scratchpad:Cla1Prog:SDFM_isBaseValid)
                  00009c8a    00000002     DAB_500W_cla_tasks.obj (.scratchpad:Cla1Prog:DAB_readSensedSignals)
                  00009c96    00000002     DAB_500W_cla_tasks.obj (.scratchpad:Cla1Prog:loop1_task)

dclfuncs_RAM 
*          0    00009800    00000450     
                  00009800    00000447     DAB_500W.obj (dclfuncs:DCL_runRefgen)
                  00009c47    00000009     DAB_500W.obj (dclfuncs:DCL_getRefgenPhaseA)

cla_shared 
*          0    00009c50    00000030     UNINITIALIZED
                  00009c50    00000026     DAB_500W.obj (cla_shared:init)
                  00009c76    00000002     --HOLE--
                  00009c78    00000008     DAB_500W.obj (cla_shared:uninit)

.text.1    0    0000a000    00000800     
                  0000a000    00000037     driverlib.lib : gpio.obj (.text:GPIO_setControllerCore)
                  0000a037    00000037                   : gpio.obj (.text:GPIO_setPinConfig)
                  0000a06e    00000037                   : gpio.obj (.text:GPIO_setQualificationMode)
                  0000a0a5    00000037                   : interrupt.obj (.text:Interrupt_enable)
                  0000a0dc    00000031                   : gpio.obj (.text:GPIO_setDirectionMode)
                  0000a10d    00000030     rts2800_fpu32_eabi.lib : copy_decompress_lzss.c.obj (.text:decompress:lzss)
                  0000a13d    0000002f     board.obj (.text:ADC_setInterruptSource)
                  0000a16c    0000002f     c2000ware_libraries.obj (.text:PI_CONTROLLER_init)
                  0000a19b    0000002e     board.obj (.text:ADC_setInterruptSOCTrigger)
                  0000a1c9    0000002e     board.obj (.text:EPWM_setDeadBandOutputSwapMode)
                  0000a1f7    0000002e     c2000ware_libraries.obj (.text:myREFGEN0_init)
                  0000a225    0000002c     board.obj (.text:EPWM_setDeadBandDelayMode)
                  0000a251    0000002b     DAB_500W.obj (.text:EPWM_isBaseValid)
                  0000a27c    0000002b     board.obj (.text:EPWM_isBaseValid)
                  0000a2a7    0000002b     driverlib.lib : epwm.obj (.text:EPWM_isBaseValid)
                  0000a2d2    0000002b     rts2800_fpu32_eabi.lib : autoinit.c.obj (.text:__TI_auto_init_nobinit_nopinit)
                  0000a2fd    00000029     driverlib.lib : sdfm.obj (.text:SDFM_setDataShiftValue)
                  0000a326    00000029     DAB_500W.obj (.text:controller_initialize)
                  0000a34f    00000029     rts2800_fpu32_eabi.lib : exit.c.obj (.text)
                  0000a378    00000028     driverlib.lib : adc.obj (.text:ADC_setOffsetTrimAll)
                  0000a3a0    00000028     board.obj (.text:EPWM_setInterruptEventCount)
                  0000a3c8    00000027     driverlib.lib : adc.obj (.text:ADC_setVREF)
                  0000a3ef    00000027     device.obj (.text:CAN_selectClockSource)
                  0000a416    00000027     board.obj (.text:GPIO_writePin)
                  0000a43d    00000027     board.obj (.text:HRPWM_setCounterCompareShadowLoadEvent)
                  0000a464    00000026     driverlib.lib : cla.obj (.text:CLA_setTriggerSource)
                  0000a48a    00000026                   : sdfm.obj (.text:SDFM_setFilterOverSamplingRatio)
                  0000a4b0    00000025     board.obj (.text:ADC_disablePPBEvent)
                  0000a4d5    00000025     board.obj (.text:ADC_disablePPBEventInterrupt)
                  0000a4fa    00000025     driverlib.lib : sysctl.obj (.text:SysCtl_configureType)
                  0000a51f    00000025                   : sysctl.obj (.text:SysCtl_selectXTALSingleEnded)
                  0000a544    00000024                   : sysctl.obj (.text:DCC_enableSingleShotMode)
                  0000a568    00000024     board.obj (.text:EPWM_setDeadBandDelayPolarity)
                  0000a58c    00000024     board.obj (.text:EPWM_setupEPWMLinks)
                  0000a5b0    00000024     board.obj (.text:MemCfg_setCLAMemType)
                  0000a5d4    00000024     board.obj (.text:SDFM_setupModulatorClock)
                  0000a5f8    00000024     board.obj (.text:myCPUTIMER0_init)
                  0000a61c    00000024     board.obj (.text:myCPUTIMER1_init)
                  0000a640    00000023     board.obj (.text:ADC_setPPBCalibrationOffset)
                  0000a663    00000023     board.obj (.text:ADC_setupPPB)
                  0000a686    00000022     DAB_500W.obj (.text:EPWM_setCounterCompareValue)
                  0000a6a8    00000022     board.obj (.text:EPWM_setCounterCompareValue)
                  0000a6ca    00000022     board.obj (.text:HRPWM_setMEPEdgeSelect)
                  0000a6ec    00000021     DAB_500W.obj (.text:A2)
                  0000a70d    00000021     board.obj (.text:ADC_disableContinuousMode)
                  0000a72e    00000021     board.obj (.text:EPWM_enableGlobalLoadRegisters)
                  0000a74f    00000020     board.obj (.text:ADC_enableInterrupt)
                  0000a76f    00000020     driverlib.lib : sdfm.obj (.text:SDFM_setFilterType)
                  0000a78f    00000020                   : sdfm.obj (.text:SDFM_setOutputDataFormat)
                  0000a7af    0000001f     DAB_500W.obj (.text:CPUTimer_getTimerOverflowStatus)
                  0000a7ce    0000001f     DAB_500W.obj (.text:DAB_HAL_updatePWMPhaseShift)
                  0000a7ed    00000013     board.obj (.text:ADC_enableConverter)

.text.2    0    0000a800    00000800     
                  0000a800    0000001f     board.obj (.text:EPWM_setFallingEdgeDelayCountShadowLoadMode)
                  0000a81f    0000001f     board.obj (.text:EPWM_setRisingEdgeDelayCountShadowLoadMode)
                  0000a83e    0000001f     DAB_500W.obj (.text:HRPWM_setPhaseShift)
                  0000a85d    0000001f     board.obj (.text:HRPWM_setPhaseShift)
                  0000a87c    0000001e     board.obj (.text:DAB_IIN_SDFM_init)
                  0000a89a    0000001e     board.obj (.text:DAB_IOUT_SDFM_init)
                  0000a8b8    0000001e     driverlib.lib : sysctl.obj (.text:DCC_setCounter0ClkSource)
                  0000a8d6    0000001e                   : sysctl.obj (.text:DCC_setCounter1ClkSource)
                  0000a8f4    0000001e     board.obj (.text:EPWM_setPhaseShift)
                  0000a912    0000001e     driverlib.lib : interrupt.obj (.text:Interrupt_initVectorTable)
                  0000a930    0000001d     board.obj (.text:EPWM_enableSyncOutPulseSource)
                  0000a94d    0000001d     board.obj (.text:EPWM_setFallingEdgeDelayCount)
                  0000a96a    0000001d     board.obj (.text:EPWM_setRisingEdgeDelayCount)
                  0000a987    0000001d     board.obj (.text:SDFM_selectClockSource)
                  0000a9a4    0000001d     rts2800_fpu32_eabi.lib : memcpy.c.obj (.text)
                  0000a9c1    0000001c     board.obj (.text:ADC_setSOCPriority)
                  0000a9dd    0000001c     board.obj (.text:EPWM_enableADCTrigger)
                  0000a9f9    0000001c     board.obj (.text:EPWM_setClockPrescaler)
                  0000aa15    0000001b     DAB_500W.obj (.text:HRPWM_isBaseValid)
                  0000aa30    0000001b     board.obj (.text:HRPWM_isBaseValid)
                  0000aa4b    0000001b     board.obj (.text:SysCtl_setStandbyQualificationPeriod)
                  0000aa66    0000001a     board.obj (.text:ADC_disablePPBEventCBCClear)
                  0000aa80    0000001a     board.obj (.text:ADC_disablePPBTwosComplement)
                  0000aa9a    0000001a     board.obj (.text:ASysCtl_setAnalogReference1P65)
                  0000aab4    0000001a     board.obj (.text:CPUTimer_startTimer)
                  0000aace    0000001a     board.obj (.text:SDFM_enableSynchronizer)
                  0000aae8    0000001a     driverlib.lib : sysctl.obj (.text:SysCtl_getLowSpeedClock)
                  0000ab02    00000019     board.obj (.text:ADC_setPPBReferenceOffset)
                  0000ab1b    00000019     DAB_500W.obj (.text:EPWM_setCountModeAfterSync)
                  0000ab34    00000019     board.obj (.text:INTERRUPT_init)
                  0000ab4d    00000019     driverlib.lib : sdfm.obj (.text:SDFM_disableFilter)
                  0000ab66    00000019                   : sdfm.obj (.text:SDFM_enableFilter)
                  0000ab7f    00000019                   : sysctl.obj (.text:SysCtl_setPLLSysClk)
                  0000ab98    00000019     board.obj (.text:TEST_IO1_init)
                  0000abb1    00000019     board.obj (.text:TEST_IO2_init)
                  0000abca    00000019     board.obj (.text:TEST_IO_init)
                  0000abe3    00000019     board.obj (.text:myGPIO0_init)
                  0000abfc    00000018     board.obj (.text:ASysCtl_setAnalogReferenceInternal)
                  0000ac14    00000018     board.obj (.text:EPWM_disableFallingEdgeDelayCountShadowLoadMode)
                  0000ac2c    00000018     board.obj (.text:EPWM_disableRisingEdgeDelayCountShadowLoadMode)
                  0000ac44    00000018     DAB_500W.obj (.text:SysCtl_disablePeripheral)
                  0000ac5c    00000018     board.obj (.text:SysCtl_disablePeripheral)
                  0000ac74    00000018     DAB_500W.obj (.text:soft_start)
                  0000ac8c    00000017     DAB_500W.obj (.text:ADC_isBaseValid)
                  0000aca3    00000017     board.obj (.text:ADC_isBaseValid)
                  0000acba    00000017     driverlib.lib : adc.obj (.text:ADC_isBaseValid)
                  0000acd1    00000017     DAB_500W.obj (.text:CPUTimer_isBaseValid)
                  0000ace8    00000017     board.obj (.text:CPUTimer_isBaseValid)
                  0000acff    00000017     driverlib.lib : cputimer.obj (.text:CPUTimer_isBaseValid)
                  0000ad16    00000017     board.obj (.text:CPUTimer_setPreScaler)
                  0000ad2d    00000017     board.obj (.text:EPWM_selectPeriodLoadEvent)
                  0000ad44    00000017     DAB_500W.obj (.text:SysCtl_enablePeripheral)
                  0000ad5b    00000017     board.obj (.text:SysCtl_enablePeripheral)
                  0000ad72    00000017     driverlib.lib : sysctl.obj (.text:SysCtl_enablePeripheral)
                  0000ad89    00000017     rts2800_fpu32_eabi.lib : boot28.asm.obj (.text)
                  0000ada0    00000016     board.obj (.text:ADC_setInterruptPulseMode)
                  0000adb6    00000016     board.obj (.text:ADC_setPrescaler)
                  0000adcc    00000016     board.obj (.text:CLA_enableTasks)
                  0000ade2    00000016     board.obj (.text:CLA_mapTaskVector)
                  0000adf8    00000016     driverlib.lib : sysctl.obj (.text:DCC_disableDoneSignal)
                  0000ae0e    00000016                   : epwm.obj (.text:EPWM_setEmulationMode)
                  0000ae24    00000016     board.obj (.text:EPWM_setSyncInPulseSource)
                  0000ae3a    00000016     driverlib.lib : interrupt.obj (.text:Interrupt_defaultHandler)
                  0000ae50    00000015     board.obj (.text:ADC_disableBurstMode)
                  0000ae65    00000015     board.obj (.text:CLA_enableIACK)
                  0000ae7a    00000015     driverlib.lib : sysctl.obj (.text:DCC_clearDoneFlag)
                  0000ae8f    00000015                   : sysctl.obj (.text:DCC_clearErrorFlag)
                  0000aea4    00000015                   : sysctl.obj (.text:DCC_disableErrorSignal)
                  0000aeb9    00000015                   : sysctl.obj (.text:DCC_isBaseValid)
                  0000aece    00000015     board.obj (.text:EPWM_enableGlobalLoad)
                  0000aee3    00000015     board.obj (.text:EPWM_enableGlobalLoadOneShotMode)
                  0000aef8    00000015     board.obj (.text:EPWM_forceGlobalLoadOneShotEvent)
                  0000af0d    00000015     DAB_500W.obj (.text:EPWM_setGlobalLoadOneShotLatch)
                  0000af22    00000015     board.obj (.text:EPWM_setGlobalLoadOneShotLatch)
                  0000af37    00000015     device.obj (.text:GPIO_unlockPortConfig)
                  0000af4c    00000015     board.obj (.text:HRPWM_disablePhaseShiftLoad)
                  0000af61    00000015     board.obj (.text:HRPWM_enableAutoConversion)
                  0000af76    00000015     board.obj (.text:HRPWM_enablePeriodControl)
                  0000af8b    00000015     DAB_500W.obj (.text:HRPWM_enablePhaseShiftLoad)
                  0000afa0    00000015     board.obj (.text:SDFM_enableMainFilter)
                  0000afb5    00000015     board.obj (.text:myCLA0_init)
                  0000afca    00000014     DAB_500W.obj (.text:A0)
                  0000afde    00000014     DAB_500W.obj (.text:ADC_clearInterruptStatus)
                  0000aff2    0000000d     driverlib.lib : interrupt.obj (.text:Interrupt_disableGlobal)
                  0000afff    00000001     device_cmd.obj (.text:CMD_RAM_init)

.text.3    0    0000b000    0000038f     
                  0000b000    00000014     board.obj (.text:ADC_clearInterruptStatus)
                  0000b014    00000014     DAB_500W.obj (.text:B0)
                  0000b028    00000014     board.obj (.text:CPUTimer_reloadTimerCounter)
                  0000b03c    00000014     board.obj (.text:CPUTimer_stopTimer)
                  0000b050    00000014     driverlib.lib : sysctl.obj (.text:DCC_disableModule)
                  0000b064    00000014                   : sysctl.obj (.text:DCC_enableModule)
                  0000b078    00000014     board.obj (.text:EPWM_setTimeBaseCounterMode)
                  0000b08c    00000014     board.obj (.text:EPWM_setTimeBasePeriod)
                  0000b0a0    00000014     board.obj (.text:GPIO_isPinValid)
                  0000b0b4    00000014     driverlib.lib : gpio.obj (.text:GPIO_isPinValid)
                  0000b0c8    00000014     board.obj (.text:SysCtl_selectErrPinPolarity)
                  0000b0dc    00000014     board.obj (.text:SysCtl_setPeripheralAccessControl)
                  0000b0f0    00000013     driverlib.lib : cputimer.obj (.text:CPUTimer_setEmulationMode)
                  0000b103    00000013     DAB_500W.obj (.text:EPWM_clearEventTriggerInterruptFlag)
                  0000b116    00000013     board.obj (.text:EPWM_enableInterrupt)
                  0000b129    00000013     board.obj (.text:SDFM_isBaseValid)
                  0000b13c    00000013     driverlib.lib : sdfm.obj (.text:SDFM_isBaseValid)
                  0000b14f    00000012     DAB_500W.obj (.text:CPUTimer_clearOverflowFlag)
                  0000b161    00000012     board.obj (.text:CPUTimer_disableInterrupt)
                  0000b173    00000012     board.obj (.text:EPWM_setTimeBaseCounter)
                  0000b185    00000012     device.obj (.text:SysCtl_setMCANClk)
                  0000b197    00000012     board.obj (.text:SysCtl_setSyncOutputConfig)
                  0000b1a9    00000012     DAB_500W.obj (.text:__signbitf)
                  0000b1bb    00000012     c2000ware_libraries.obj (.text:mySFO0_init)
                  0000b1cd    00000011     board.obj (.text:CPUTimer_setPeriod)
                  0000b1de    00000011     board.obj (.text:EPWM_disablePhaseShiftLoad)
                  0000b1ef    00000011     DAB_500W.obj (.text:EPWM_enablePhaseShiftLoad)
                  0000b200    00000011     board.obj (.text:EPWM_enablePhaseShiftLoad)
                  0000b211    00000010     device.obj (.text:CAN_isBaseValid)
                  0000b221    00000010     device.obj (.text:Device_initGPIO)
                  0000b231    0000000f     board.obj (.text:CLA_isBaseValid)
                  0000b240    0000000f     board.obj (.text:Interrupt_register)
                  0000b24f    0000000d     driverlib.lib : interrupt.obj (.text:Interrupt_enableGlobal)
                  0000b25c    0000000d     device.obj (.text:SysCtl_setLowSpeedClock)
                  0000b269    0000000d     rts2800_fpu32_eabi.lib : copy_zero_init.c.obj (.text:decompress:ZI:__TI_zero_init_nomemset)
                  0000b276    0000000c     board.obj (.text:SysCtl_enableExtADCSOCSource)
                  0000b282    0000000c     rts2800_fpu32_eabi.lib : args_main.c.obj (.text)
                  0000b28e    0000000b     board.obj (.text:MemCfg_disableCorrErrorInterrupt)
                  0000b299    0000000b     device.obj (.text:SysCtl_disableWatchdog)
                  0000b2a4    0000000b     driverlib.lib : sysctl.obj (.text:SysCtl_isMCDClockFailureDetected)
                  0000b2af    0000000a                   : interrupt.obj (.text:Interrupt_illegalOperationHandler)
                  0000b2b9    0000000a                   : interrupt.obj (.text:Interrupt_nmiHandler)
                  0000b2c3    0000000a     board.obj (.text:SYNC_init)
                  0000b2cd    0000000a     c2000ware_libraries.obj (.text:mySFO0_runtime)
                  0000b2d7    00000009     board.obj (.text:ASYSCTL_init)
                  0000b2e0    00000009     DCL_error.obj (.text:DCL_runErrorHandler)
                  0000b2e9    00000009     board.obj (.text:GPIO_init)
                  0000b2f2    00000009     board.obj (.text:MemCfg_setCorrErrorThreshold)
                  0000b2fb    00000009     rts2800_fpu32_eabi.lib : _lock.c.obj (.text)
                  0000b304    00000008     DAB_500W.obj (.text:B1)
                  0000b30c    00000008     rts2800_fpu32_eabi.lib : copy_decompress_none.c.obj (.text:decompress:none)
                  0000b314    00000008     f28003x_codestartbranch.obj (.text)
                  0000b31c    00000007     board.obj (.text:ASysCtl_disableTemperatureSensor)
                  0000b323    00000007     device.obj (.text:ASysCtl_lockVREG)
                  0000b32a    00000007     c2000ware_libraries.obj (.text:C2000Ware_libraries_init)
                  0000b331    00000007     board.obj (.text:SysCtl_disableMCD)
                  0000b338    00000007     driverlib.lib : sysctl.obj (.text:SysCtl_resetMCD)
                  0000b33f    00000007     device.obj (.text:__error__)
                  0000b346    00000006     DAB_500W.obj (.text:B2)
                  0000b34c    00000006     DAB_500W.obj (.text:B3)
                  0000b352    00000006     DAB_500W.obj (.text:Interrupt_clearACKGroup)
                  0000b358    00000005     board.obj (.text:ADC_init)
                  0000b35d    00000005     board.obj (.text:CPUTIMER_init)
                  0000b362    00000005     board.obj (.text:SD_init)
                  0000b367    00000005     DAB_500W.obj (.text:resetProfilingGPIO2)
                  0000b36c    00000005     DAB_500W.obj (.text:resetProfilingGPIO3)
                  0000b371    00000005     DAB_500W.obj (.text:setProfilingGPIO2)
                  0000b376    00000005     DAB_500W.obj (.text:setProfilingGPIO3)
                  0000b37b    00000004     device.obj (.text:SysCtl_deviceCal)
                  0000b37f    00000003     board.obj (.text:CLA_init)
                  0000b382    00000003     device_cmd.obj (.text:CMD_init)
                  0000b385    00000003     c2000ware_libraries.obj (.text:CONTROLLER_init)
                  0000b388    00000003     c2000ware_libraries.obj (.text:HRPWM_SFO_init)
                  0000b38b    00000003     c2000ware_libraries.obj (.text:REFGEN_init)
                  0000b38e    00000001     rts2800_fpu32_eabi.lib : startup.c.obj (.text)

.text.4    0    0000d000    00001000     
                  0000d000    000006a4     board.obj (.text:EPWM_init)
                  0000d6a4    0000042e     board.obj (.text:SYSCTL_init)
                  0000dad2    000001f1     SFO_v8_fpu_lib_build_c28_driverlib_eabi.lib : SFO_v8_fpu_lib_build_c28_driverlib.obj (.text)
                  0000dcc3    0000015a     board.obj (.text:PinMux_init)
                  0000de1d    00000123     driverlib.lib : sysctl.obj (.text:SysCtl_setClock)
                  0000df40    000000be     board.obj (.text:myADC0_init)
                  0000dffe    00000002     rts2800_fpu32_eabi.lib : pre_init.c.obj (.text)

.text.5    0    0000f000    00000ff8     
                  0000f000    00000110     DAB_500W.obj (.text:setEPWMDutyCycle)
                  0000f110    000000fe     driverlib.lib : sysctl.obj (.text:SysCtl_isPLLValid)
                  0000f20e    000000c7     board.obj (.text:MEMCFG_init)
                  0000f2d5    000000c2     c2000ware_libraries.obj (.text:DCL_setRefgenFreq)
                  0000f397    000000b4     DAB_500W.obj (.text:DCL_setRefgenRamp)
                  0000f44b    000000b4     c2000ware_libraries.obj (.text:DCL_setRefgenRamp)
                  0000f4ff    000000b2     c2000ware_libraries.obj (.text:DCL_setRefgenAmpl)
                  0000f5b1    000000a9     board.obj (.text:myADC1_init)
                  0000f65a    00000090     driverlib.lib : memcfg.obj (.text:MemCfg_getInitStatus)
                  0000f6ea    0000008c                   : memcfg.obj (.text:MemCfg_setProtection)
                  0000f776    00000088     rts2800_fpu32_eabi.lib : fs_div28.asm.obj (.text)
                  0000f7fe    0000007b     driverlib.lib : memcfg.obj (.text:MemCfg_initSections)
                  0000f879    00000075     board.obj (.text:EPWM_setADCTriggerSource)
                  0000f8ee    00000073     driverlib.lib : sysctl.obj (.text:DCC_setCounterSeeds)
                  0000f961    00000070     DAB_500W.obj (.text:A1)
                  0000f9d1    0000006a     driverlib.lib : gpio.obj (.text:GPIO_setAnalogMode)
                  0000fa3b    00000065                   : sysctl.obj (.text:SysCtl_getClock)
                  0000faa0    0000005c                   : adc.obj (.text:ADC_setPPBTripLimits)
                  0000fafc    00000052                   : gpio.obj (.text:GPIO_setPadConfig)
                  0000fb4e    0000004d                   : sysctl.obj (.text:SysCtl_selectOscSource)
                  0000fb9b    0000004b     board.obj (.text:EPWM_setInterruptSource)
                  0000fbe6    00000047     device.obj (.text:Device_init)
                  0000fc2d    00000046     board.obj (.text:ADC_setupSOC)
                  0000fc73    00000046     driverlib.lib : sysctl.obj (.text:SysCtl_selectXTAL)
                  0000fcb9    00000046     DAB_500W.obj (.text:cla1Isr1)
                  0000fcff    00000045     driverlib.lib : sysctl.obj (.text:SysCtl_pollX1Counter)
                  0000fd44    00000042     DAB_500W.obj (.text:INT_myEPWM5_ISR)
                  0000fd86    00000040     DAB_500W.obj (.text:EPWM_setActionQualifierAction)
                  0000fdc6    00000040     board.obj (.text:EPWM_setActionQualifierAction)
                  0000fe06    0000003e     board.obj (.text:EPWM_setCounterCompareShadowLoadMode)
                  0000fe44    0000003d     driverlib.lib : interrupt.obj (.text:Interrupt_initModule)
                  0000fe81    0000003c                   : sdfm.obj (.text:SDFM_configDataFilter)
                  0000febd    0000003c     DAB_500W.obj (.text:main)
                  0000fef9    0000003a     c2000ware_libraries.obj (.text:DCL_resetRefgen)
                  0000ff33    0000003a     board.obj (.text:EPWM_setADCTriggerEventPrescale)
                  0000ff6d    00000039     driverlib.lib : memcfg.obj (.text:MemCfg_setLSRAMControllerSel)
                  0000ffa6    00000037     board.obj (.text:EPWM_setFallingEdgeDeadBandDelayInput)
                  0000ffdd    0000001b     board.obj (.text:Board_init)

MODULE SUMMARY

       Module                                   code    ro data   rw data
       ------                                   ----    -------   -------
    .\
       DAB_500W.obj                             2561    277       74     
       DAB_500W_cla_tasks.obj                   708     0         40     
       DCL_PI_L1.obj                            42      0         5      
       f28003x_codestartbranch.obj              10      0         0      
       DCL_error.obj                            9       0         0      
    +--+----------------------------------------+-------+---------+---------+
       Total:                                   3330    277       119    
                                                                         
    .\syscfg\
       board.obj                                6785    694       0      
       c2000ware_libraries.obj                  747     0         123    
       device.obj                               223     154       0      
       device_cmd.obj                           4       0         0      
    +--+----------------------------------------+-------+---------+---------+
       Total:                                   7759    848       123    
                                                                         
    D:/ti/c2000/C2000Ware_5_04_00_00/driverlib/f28003x/driverlib/ccs/Debug/driverlib.lib
       sysctl.obj                               1389    154       0      
       gpio.obj                                 422     152       0      
       memcfg.obj                               464     78        0      
       sdfm.obj                                 272     152       0      
       adc.obj                                  194     75        0      
       epwm.obj                                 65      152       0      
       interrupt.obj                            214     0         0      
       cputimer.obj                             42      80        0      
       cla.obj                                  38      0         0      
    +--+----------------------------------------+-------+---------+---------+
       Total:                                   3100    843       0      
                                                                         
    D:\ti\c2000\C2000Ware_5_04_00_00\libraries\calibration\hrpwm\f28003x\lib\SFO_v8_fpu_lib_build_c28_driverlib_eabi.lib
       SFO_v8_fpu_lib_build_c28_driverlib.obj   497     0         15     
    +--+----------------------------------------+-------+---------+---------+
       Total:                                   497     0         15     
                                                                         
    D:\ti\ccs1281\ccs\tools\compiler\ti-cgt-c2000_22.6.1.LTS\lib\rts2800_fpu32_eabi.lib
       fs_div28.asm.obj                         136     0         0      
       copy_decompress_lzss.c.obj               48      0         0      
       exit.c.obj                               41      0         6      
       autoinit.c.obj                           43      0         0      
       memcpy.c.obj                             29      0         0      
       boot28.asm.obj                           23      0         0      
       _lock.c.obj                              9       0         4      
       copy_zero_init.c.obj                     13      0         0      
       args_main.c.obj                          12      0         0      
       copy_decompress_none.c.obj               8       0         0      
       pre_init.c.obj                           2       0         0      
       startup.c.obj                            1       0         0      
    +--+----------------------------------------+-------+---------+---------+
       Total:                                   365     0         10     
                                                                         
       Stack:                                   0       0         512    
       Linker Generated:                        0       90        0      
    +--+----------------------------------------+-------+---------+---------+
       Grand Total:                             15051   2058      779    


LINKER GENERATED COPY TABLES

__TI_cinit_table @ 00000176 records: 4, size/record: 4, table size: 16
	.data: load addr=0000012c, load size=00000030 bytes, run addr=0000c000, run size=00000091 bytes, compression=lzss
	cla_shared: load addr=0000015c, load size=0000000c bytes, run addr=00009c50, run size=00000030 bytes, compression=lzss
	.bss: load addr=0000016e, load size=00000004 bytes, run addr=0000b800, run size=0000001f bytes, compression=zero_init
	.scratchpad: load addr=00000172, load size=00000004 bytes, run addr=00009c80, run size=00000018 bytes, compression=zero_init


LINKER GENERATED HANDLER TABLE

__TI_handler_table @ 00000168 records: 3, size/record: 2, table size: 6
	index: 0, handler: __TI_zero_init
	index: 1, handler: __TI_decompress_lzss
	index: 2, handler: __TI_decompress_none


GLOBAL DATA SYMBOLS: SORTED BY DATA PAGE

address     data page           name
--------    ----------------    ----
00000400      10 (00000400)     __stack

00009c50     271 (00009c40)     ref_data
00009c54     271 (00009c40)     control_out_data
00009c58     271 (00009c40)     sense_data
00009c64     271 (00009c40)     pi_loop1
00009c78     271 (00009c40)     HR_Phase

00009c80     272 (00009c80)     __cla_DCL_runPI_L1_sp

0000b800     2e0 (0000b800)     DAB_phaseSyncP1_S1CountDirection
0000b801     2e0 (0000b800)     myADC0Results
0000b802     2e0 (0000b800)     filter1Result
0000b804     2e0 (0000b800)     Phase_pu
0000b806     2e0 (0000b800)     HR_Phase_ticks
0000b808     2e0 (0000b800)     Vout
0000b80a     2e0 (0000b800)     Alpha_State_Ptr
0000b80c     2e0 (0000b800)     A_Task_Ptr
0000b80e     2e0 (0000b800)     B_Task_Ptr
0000b810     2e0 (0000b800)     MEP_SF
0000b819     2e0 (0000b800)     SFO_CAL
0000b81e     2e0 (0000b800)     MEP_ScaleFactor

0000c000     300 (0000c000)     PI_CONTROLLER_css
0000c00a     300 (0000c000)     myREFGEN0_css
0000c014     300 (0000c000)     PI_CONTROLLER_sps
0000c020     300 (0000c000)     PI_CONTROLLER

0000c040     301 (0000c040)     myREFGEN0
0000c06a     301 (0000c040)     ePWM
0000c07a     301 (0000c040)     __TI_enable_exit_profile_output
0000c07c     301 (0000c040)     __TI_cleanup_ptr
0000c07e     301 (0000c040)     __TI_dtors_ptr

0000c080     302 (0000c080)     soft_start_state
0000c082     302 (0000c080)     dutyFine
0000c084     302 (0000c080)     previousDutyFine
0000c086     302 (0000c080)     Kp_UP
0000c088     302 (0000c080)     Ki_UP
0000c08a     302 (0000c080)     soft_start_value
0000c08c     302 (0000c080)     _lock
0000c08e     302 (0000c080)     _unlock


GLOBAL SYMBOLS: SORTED ALPHABETICALLY BY Name 

page  address   name                             
----  -------   ----                             
0     0000afca  A0                               
0     0000f961  A1                               
0     0000a6ec  A2                               
0     0000b358  ADC_init                         
0     0000a378  ADC_setOffsetTrimAll             
0     0000faa0  ADC_setPPBTripLimits             
0     0000a3c8  ADC_setVREF                      
0     0000b2d7  ASYSCTL_init                     
0     0000b80c  A_Task_Ptr                       
0     0000b80a  Alpha_State_Ptr                  
0     0000b014  B0                               
0     0000b304  B1                               
0     0000b346  B2                               
0     0000b34c  B3                               
0     0000b80e  B_Task_Ptr                       
0     0000ffdd  Board_init                       
0     0000a34f  C$$EXIT                          
0     0000b32a  C2000Ware_libraries_init         
0     0000b37f  CLA_init                         
0     0000a464  CLA_setTriggerSource             
0     0000afff  CMD_RAM_init                     
0     0000b382  CMD_init                         
0     0000b385  CONTROLLER_init                  
0     0000b35d  CPUTIMER_init                    
0     0000b0f0  CPUTimer_setEmulationMode        
0     000082b2  Cla1Task1                        
0     0000a87c  DAB_IIN_SDFM_init                
0     0000a89a  DAB_IOUT_SDFM_init               
0     0000b800  DAB_phaseSyncP1_S1CountDirection 
0     0000b2e0  DCL_runErrorHandler              
0     00008288  DCL_runPI_L1                     
0     0000fbe6  Device_init                      
0     0000b221  Device_initGPIO                  
0     0000d000  EPWM_init                        
0     0000ae0e  EPWM_setEmulationMode            
0     0000b2e9  GPIO_init                        
0     0000f9d1  GPIO_setAnalogMode               
0     0000a000  GPIO_setControllerCore           
0     0000a0dc  GPIO_setDirectionMode            
0     0000fafc  GPIO_setPadConfig                
0     0000a037  GPIO_setPinConfig                
0     0000a06e  GPIO_setQualificationMode        
0     0000b388  HRPWM_SFO_init                   
0     00009c78  HR_Phase                         
0     0000b806  HR_Phase_ticks                   
0     0000ab34  INTERRUPT_init                   
0     0000fd44  INT_myEPWM5_ISR                  
0     0000ae3a  Interrupt_defaultHandler         
0     0000a0a5  Interrupt_enable                 
0     0000b2af  Interrupt_illegalOperationHandler
0     0000fe44  Interrupt_initModule             
0     0000a912  Interrupt_initVectorTable        
0     0000b2b9  Interrupt_nmiHandler             
0     0000c088  Ki_UP                            
0     0000c086  Kp_UP                            
0     0000f20e  MEMCFG_init                      
0     0000b810  MEP_SF                           
0     0000b81e  MEP_ScaleFactor                  
0     0000f65a  MemCfg_getInitStatus             
0     0000f7fe  MemCfg_initSections              
0     0000ff6d  MemCfg_setLSRAMControllerSel     
0     0000f6ea  MemCfg_setProtection             
0     0000c020  PI_CONTROLLER                    
0     0000c000  PI_CONTROLLER_css                
0     0000a16c  PI_CONTROLLER_init               
0     0000c014  PI_CONTROLLER_sps                
0     0000b804  Phase_pu                         
0     0000dcc3  PinMux_init                      
0     0000b38b  REFGEN_init                      
0     0000fe81  SDFM_configDataFilter            
0     0000b362  SD_init                          
0     0000dad2  SFO                              
0     0000b819  SFO_CAL                          
0     0000b2c3  SYNC_init                        
0     0000d6a4  SYSCTL_init                      
0     0000a4fa  SysCtl_configureType             
0     00000128  SysCtl_delay                     
0     0000fa3b  SysCtl_getClock                  
0     0000aae8  SysCtl_getLowSpeedClock          
0     0000f110  SysCtl_isPLLValid                
0     0000fb4e  SysCtl_selectOscSource           
0     0000fc73  SysCtl_selectXTAL                
0     0000a51f  SysCtl_selectXTALSingleEnded     
0     0000de1d  SysCtl_setClock                  
0     0000ab98  TEST_IO1_init                    
0     0000abb1  TEST_IO2_init                    
0     0000abca  TEST_IO_init                     
0     0000b808  Vout                             
0     00000176  __TI_CINIT_Base                  
0     00000186  __TI_CINIT_Limit                 
0     00000186  __TI_CINIT_Warm                  
0     00000168  __TI_Handler_Table_Base          
0     0000016e  __TI_Handler_Table_Limit         
0     00000600  __TI_STACK_END                   
abs   00000200  __TI_STACK_SIZE                  
0     0000a2d2  __TI_auto_init_nobinit_nopinit   
0     0000c07c  __TI_cleanup_ptr                 
0     0000a10d  __TI_decompress_lzss             
0     0000b30c  __TI_decompress_none             
0     0000c07e  __TI_dtors_ptr                   
0     0000c07a  __TI_enable_exit_profile_output  
abs   ffffffff  __TI_pprof_out_hndl              
abs   ffffffff  __TI_prof_data_size              
abs   ffffffff  __TI_prof_data_start             
0     0000b269  __TI_zero_init_nomemset          
0     0000f776  __c28xabi_divf                   
n/a   UNDEFED   __c_args__                       
0     00009c80  __cla_DCL_runPI_L1_sp            
0     0000b33f  __error__                        
0     0000b1a9  __signbitf                       
0     00000400  __stack                          
0     0000b282  _args_main                       
0     0000ad89  _c_int00                         
0     0000c08c  _lock                            
0     0000b303  _nop                             
0     0000b2ff  _register_lock                   
0     0000b2fb  _register_unlock                 
0     0000b38e  _system_post_cinit               
0     0000dffe  _system_pre_init                 
0     0000c08e  _unlock                          
0     0000a34f  abort                            
0     0000fcb9  cla1Isr1                         
0     00000000  code_start                       
0     00009c54  control_out_data                 
0     0000a326  controller_initialize            
0     0000c082  dutyFine                         
0     0000c06a  ePWM                             
0     0000a351  exit                             
0     0000b802  filter1Result                    
0     0000febd  main                             
0     0000a9a4  memcpy                           
0     0000b801  myADC0Results                    
0     0000df40  myADC0_init                      
0     0000f5b1  myADC1_init                      
0     0000afb5  myCLA0_init                      
0     0000a5f8  myCPUTIMER0_init                 
0     0000a61c  myCPUTIMER1_init                 
0     0000abe3  myGPIO0_init                     
0     0000c040  myREFGEN0                        
0     0000c00a  myREFGEN0_css                    
0     0000a1f7  myREFGEN0_init                   
0     0000b1bb  mySFO0_init                      
0     0000b2cd  mySFO0_runtime                   
0     00009c64  pi_loop1                         
0     0000c084  previousDutyFine                 
0     00009c50  ref_data                         
0     00009c58  sense_data                       
0     0000f000  setEPWMDutyCycle                 
0     0000ac74  soft_start                       
0     0000c080  soft_start_state                 
0     0000c08a  soft_start_value                 


GLOBAL SYMBOLS: SORTED BY Symbol Address 

page  address   name                             
----  -------   ----                             
0     00000000  code_start                       
0     00000128  SysCtl_delay                     
0     00000168  __TI_Handler_Table_Base          
0     0000016e  __TI_Handler_Table_Limit         
0     00000176  __TI_CINIT_Base                  
0     00000186  __TI_CINIT_Limit                 
0     00000186  __TI_CINIT_Warm                  
0     00000400  __stack                          
0     00000600  __TI_STACK_END                   
0     00008288  DCL_runPI_L1                     
0     000082b2  Cla1Task1                        
0     00009c50  ref_data                         
0     00009c54  control_out_data                 
0     00009c58  sense_data                       
0     00009c64  pi_loop1                         
0     00009c78  HR_Phase                         
0     00009c80  __cla_DCL_runPI_L1_sp            
0     0000a000  GPIO_setControllerCore           
0     0000a037  GPIO_setPinConfig                
0     0000a06e  GPIO_setQualificationMode        
0     0000a0a5  Interrupt_enable                 
0     0000a0dc  GPIO_setDirectionMode            
0     0000a10d  __TI_decompress_lzss             
0     0000a16c  PI_CONTROLLER_init               
0     0000a1f7  myREFGEN0_init                   
0     0000a2d2  __TI_auto_init_nobinit_nopinit   
0     0000a326  controller_initialize            
0     0000a34f  C$$EXIT                          
0     0000a34f  abort                            
0     0000a351  exit                             
0     0000a378  ADC_setOffsetTrimAll             
0     0000a3c8  ADC_setVREF                      
0     0000a464  CLA_setTriggerSource             
0     0000a4fa  SysCtl_configureType             
0     0000a51f  SysCtl_selectXTALSingleEnded     
0     0000a5f8  myCPUTIMER0_init                 
0     0000a61c  myCPUTIMER1_init                 
0     0000a6ec  A2                               
0     0000a87c  DAB_IIN_SDFM_init                
0     0000a89a  DAB_IOUT_SDFM_init               
0     0000a912  Interrupt_initVectorTable        
0     0000a9a4  memcpy                           
0     0000aae8  SysCtl_getLowSpeedClock          
0     0000ab34  INTERRUPT_init                   
0     0000ab98  TEST_IO1_init                    
0     0000abb1  TEST_IO2_init                    
0     0000abca  TEST_IO_init                     
0     0000abe3  myGPIO0_init                     
0     0000ac74  soft_start                       
0     0000ad89  _c_int00                         
0     0000ae0e  EPWM_setEmulationMode            
0     0000ae3a  Interrupt_defaultHandler         
0     0000afb5  myCLA0_init                      
0     0000afca  A0                               
0     0000afff  CMD_RAM_init                     
0     0000b014  B0                               
0     0000b0f0  CPUTimer_setEmulationMode        
0     0000b1a9  __signbitf                       
0     0000b1bb  mySFO0_init                      
0     0000b221  Device_initGPIO                  
0     0000b269  __TI_zero_init_nomemset          
0     0000b282  _args_main                       
0     0000b2af  Interrupt_illegalOperationHandler
0     0000b2b9  Interrupt_nmiHandler             
0     0000b2c3  SYNC_init                        
0     0000b2cd  mySFO0_runtime                   
0     0000b2d7  ASYSCTL_init                     
0     0000b2e0  DCL_runErrorHandler              
0     0000b2e9  GPIO_init                        
0     0000b2fb  _register_unlock                 
0     0000b2ff  _register_lock                   
0     0000b303  _nop                             
0     0000b304  B1                               
0     0000b30c  __TI_decompress_none             
0     0000b32a  C2000Ware_libraries_init         
0     0000b33f  __error__                        
0     0000b346  B2                               
0     0000b34c  B3                               
0     0000b358  ADC_init                         
0     0000b35d  CPUTIMER_init                    
0     0000b362  SD_init                          
0     0000b37f  CLA_init                         
0     0000b382  CMD_init                         
0     0000b385  CONTROLLER_init                  
0     0000b388  HRPWM_SFO_init                   
0     0000b38b  REFGEN_init                      
0     0000b38e  _system_post_cinit               
0     0000b800  DAB_phaseSyncP1_S1CountDirection 
0     0000b801  myADC0Results                    
0     0000b802  filter1Result                    
0     0000b804  Phase_pu                         
0     0000b806  HR_Phase_ticks                   
0     0000b808  Vout                             
0     0000b80a  Alpha_State_Ptr                  
0     0000b80c  A_Task_Ptr                       
0     0000b80e  B_Task_Ptr                       
0     0000b810  MEP_SF                           
0     0000b819  SFO_CAL                          
0     0000b81e  MEP_ScaleFactor                  
0     0000c000  PI_CONTROLLER_css                
0     0000c00a  myREFGEN0_css                    
0     0000c014  PI_CONTROLLER_sps                
0     0000c020  PI_CONTROLLER                    
0     0000c040  myREFGEN0                        
0     0000c06a  ePWM                             
0     0000c07a  __TI_enable_exit_profile_output  
0     0000c07c  __TI_cleanup_ptr                 
0     0000c07e  __TI_dtors_ptr                   
0     0000c080  soft_start_state                 
0     0000c082  dutyFine                         
0     0000c084  previousDutyFine                 
0     0000c086  Kp_UP                            
0     0000c088  Ki_UP                            
0     0000c08a  soft_start_value                 
0     0000c08c  _lock                            
0     0000c08e  _unlock                          
0     0000d000  EPWM_init                        
0     0000d6a4  SYSCTL_init                      
0     0000dad2  SFO                              
0     0000dcc3  PinMux_init                      
0     0000de1d  SysCtl_setClock                  
0     0000df40  myADC0_init                      
0     0000dffe  _system_pre_init                 
0     0000f000  setEPWMDutyCycle                 
0     0000f110  SysCtl_isPLLValid                
0     0000f20e  MEMCFG_init                      
0     0000f5b1  myADC1_init                      
0     0000f65a  MemCfg_getInitStatus             
0     0000f6ea  MemCfg_setProtection             
0     0000f776  __c28xabi_divf                   
0     0000f7fe  MemCfg_initSections              
0     0000f961  A1                               
0     0000f9d1  GPIO_setAnalogMode               
0     0000fa3b  SysCtl_getClock                  
0     0000faa0  ADC_setPPBTripLimits             
0     0000fafc  GPIO_setPadConfig                
0     0000fb4e  SysCtl_selectOscSource           
0     0000fbe6  Device_init                      
0     0000fc73  SysCtl_selectXTAL                
0     0000fcb9  cla1Isr1                         
0     0000fd44  INT_myEPWM5_ISR                  
0     0000fe44  Interrupt_initModule             
0     0000fe81  SDFM_configDataFilter            
0     0000febd  main                             
0     0000ff6d  MemCfg_setLSRAMControllerSel     
0     0000ffdd  Board_init                       
abs   00000200  __TI_STACK_SIZE                  
abs   ffffffff  __TI_pprof_out_hndl              
abs   ffffffff  __TI_prof_data_size              
abs   ffffffff  __TI_prof_data_start             
n/a   UNDEFED   __c_args__                       

[151 symbols]
