<?xml version="1.0" encoding="ISO-8859-1" ?>
<link_info>
   <banner>TMS320C2000 Linker PC v22.6.1.LTS</banner>
   <copyright>Copyright (c) 1996-2018 Texas Instruments Incorporated</copyright>
   <link_time>0x677cf8e4</link_time>
   <link_errors>0x0</link_errors>
   <output_file>DAB_500W.out</output_file>
   <entry_point>
      <name>code_start</name>
      <address>0x0</address>
   </entry_point>
   <input_file_list>
      <input_file id="fl-2">
         <path>.\</path>
         <kind>object</kind>
         <file>DAB_500W.obj</file>
         <name>DAB_500W.obj</name>
      </input_file>
      <input_file id="fl-3">
         <path>.\syscfg\</path>
         <kind>object</kind>
         <file>board.obj</file>
         <name>board.obj</name>
      </input_file>
      <input_file id="fl-4">
         <path>.\syscfg\</path>
         <kind>object</kind>
         <file>device_cmd.obj</file>
         <name>device_cmd.obj</name>
      </input_file>
      <input_file id="fl-5">
         <path>.\syscfg\</path>
         <kind>object</kind>
         <file>c2000ware_libraries.obj</file>
         <name>c2000ware_libraries.obj</name>
      </input_file>
      <input_file id="fl-6">
         <path>.\</path>
         <kind>object</kind>
         <file>DCL_clamp_C1.obj</file>
         <name>DCL_clamp_C1.obj</name>
      </input_file>
      <input_file id="fl-7">
         <path>.\</path>
         <kind>object</kind>
         <file>DCL_DF11_C1.obj</file>
         <name>DCL_DF11_C1.obj</name>
      </input_file>
      <input_file id="fl-8">
         <path>.\</path>
         <kind>object</kind>
         <file>DCL_DF13_C1.obj</file>
         <name>DCL_DF13_C1.obj</name>
      </input_file>
      <input_file id="fl-9">
         <path>.\</path>
         <kind>object</kind>
         <file>DCL_DF13_C2C3.obj</file>
         <name>DCL_DF13_C2C3.obj</name>
      </input_file>
      <input_file id="fl-a">
         <path>.\</path>
         <kind>object</kind>
         <file>DCL_DF22_C1.obj</file>
         <name>DCL_DF22_C1.obj</name>
      </input_file>
      <input_file id="fl-b">
         <path>.\</path>
         <kind>object</kind>
         <file>DCL_DF22_C2C3.obj</file>
         <name>DCL_DF22_C2C3.obj</name>
      </input_file>
      <input_file id="fl-c">
         <path>.\</path>
         <kind>object</kind>
         <file>DCL_DF23_C1.obj</file>
         <name>DCL_DF23_C1.obj</name>
      </input_file>
      <input_file id="fl-d">
         <path>.\</path>
         <kind>object</kind>
         <file>DCL_DF23_C2C3.obj</file>
         <name>DCL_DF23_C2C3.obj</name>
      </input_file>
      <input_file id="fl-e">
         <path>.\</path>
         <kind>object</kind>
         <file>DCL_error.obj</file>
         <name>DCL_error.obj</name>
      </input_file>
      <input_file id="fl-f">
         <path>.\</path>
         <kind>object</kind>
         <file>DCL_futils.obj</file>
         <name>DCL_futils.obj</name>
      </input_file>
      <input_file id="fl-10">
         <path>.\</path>
         <kind>object</kind>
         <file>DCL_PI_C1.obj</file>
         <name>DCL_PI_C1.obj</name>
      </input_file>
      <input_file id="fl-11">
         <path>.\</path>
         <kind>object</kind>
         <file>DCL_PI_C4.obj</file>
         <name>DCL_PI_C4.obj</name>
      </input_file>
      <input_file id="fl-12">
         <path>.\</path>
         <kind>object</kind>
         <file>DCL_PI_C7.obj</file>
         <name>DCL_PI_C7.obj</name>
      </input_file>
      <input_file id="fl-13">
         <path>.\</path>
         <kind>object</kind>
         <file>DCL_PID_C1.obj</file>
         <name>DCL_PID_C1.obj</name>
      </input_file>
      <input_file id="fl-14">
         <path>.\</path>
         <kind>object</kind>
         <file>DCL_PID_C4.obj</file>
         <name>DCL_PID_C4.obj</name>
      </input_file>
      <input_file id="fl-15">
         <path>.\device\</path>
         <kind>object</kind>
         <file>device.obj</file>
         <name>device.obj</name>
      </input_file>
      <input_file id="fl-16">
         <path>.\device\</path>
         <kind>object</kind>
         <file>f28003x_codestartbranch.obj</file>
         <name>f28003x_codestartbranch.obj</name>
      </input_file>
      <input_file id="fl-1d">
         <kind>object</kind>
         <file>&lt;internal&gt;</file>
         <name>&lt;internal&gt;</name>
      </input_file>
      <input_file id="fl-1e">
         <path>D:\ti\c2000\C2000Ware_5_04_00_00\driverlib\f28003x\driverlib\ccs\Debug\</path>
         <kind>archive</kind>
         <file>driverlib.lib</file>
         <name>adc.obj</name>
      </input_file>
      <input_file id="fl-1f">
         <path>D:\ti\c2000\C2000Ware_5_04_00_00\driverlib\f28003x\driverlib\ccs\Debug\</path>
         <kind>archive</kind>
         <file>driverlib.lib</file>
         <name>dcc.obj</name>
      </input_file>
      <input_file id="fl-20">
         <path>D:\ti\c2000\C2000Ware_5_04_00_00\driverlib\f28003x\driverlib\ccs\Debug\</path>
         <kind>archive</kind>
         <file>driverlib.lib</file>
         <name>gpio.obj</name>
      </input_file>
      <input_file id="fl-21">
         <path>D:\ti\c2000\C2000Ware_5_04_00_00\driverlib\f28003x\driverlib\ccs\Debug\</path>
         <kind>archive</kind>
         <file>driverlib.lib</file>
         <name>interrupt.obj</name>
      </input_file>
      <input_file id="fl-22">
         <path>D:\ti\c2000\C2000Ware_5_04_00_00\driverlib\f28003x\driverlib\ccs\Debug\</path>
         <kind>archive</kind>
         <file>driverlib.lib</file>
         <name>sysctl.obj</name>
      </input_file>
      <input_file id="fl-26">
         <path>D:\ti\c2000\C2000Ware_5_04_00_00\libraries\calibration\hrpwm\f28003x\lib\</path>
         <kind>archive</kind>
         <file>SFO_v8_fpu_lib_build_c28_driverlib_eabi.lib</file>
         <name>SFO_v8_fpu_lib_build_c28_driverlib.obj</name>
      </input_file>
      <input_file id="fl-32">
         <path>D:\ti\ccs1250\ccs\tools\compiler\ti-cgt-c2000_22.6.1.LTS\lib\</path>
         <kind>archive</kind>
         <file>rts2800_fpu32_eabi.lib</file>
         <name>boot28.asm.obj</name>
      </input_file>
      <input_file id="fl-33">
         <path>D:\ti\ccs1250\ccs\tools\compiler\ti-cgt-c2000_22.6.1.LTS\lib\</path>
         <kind>archive</kind>
         <file>rts2800_fpu32_eabi.lib</file>
         <name>fs_div28.asm.obj</name>
      </input_file>
      <input_file id="fl-34">
         <path>D:\ti\ccs1250\ccs\tools\compiler\ti-cgt-c2000_22.6.1.LTS\lib\</path>
         <kind>archive</kind>
         <file>rts2800_fpu32_eabi.lib</file>
         <name>ll_cmp28.asm.obj</name>
      </input_file>
      <input_file id="fl-35">
         <path>D:\ti\ccs1250\ccs\tools\compiler\ti-cgt-c2000_22.6.1.LTS\lib\</path>
         <kind>archive</kind>
         <file>rts2800_fpu32_eabi.lib</file>
         <name>pre_init.c.obj</name>
      </input_file>
      <input_file id="fl-36">
         <path>D:\ti\ccs1250\ccs\tools\compiler\ti-cgt-c2000_22.6.1.LTS\lib\</path>
         <kind>archive</kind>
         <file>rts2800_fpu32_eabi.lib</file>
         <name>autoinit.c.obj</name>
      </input_file>
      <input_file id="fl-37">
         <path>D:\ti\ccs1250\ccs\tools\compiler\ti-cgt-c2000_22.6.1.LTS\lib\</path>
         <kind>archive</kind>
         <file>rts2800_fpu32_eabi.lib</file>
         <name>copy_zero_init.c.obj</name>
      </input_file>
      <input_file id="fl-38">
         <path>D:\ti\ccs1250\ccs\tools\compiler\ti-cgt-c2000_22.6.1.LTS\lib\</path>
         <kind>archive</kind>
         <file>rts2800_fpu32_eabi.lib</file>
         <name>copy_decompress_none.c.obj</name>
      </input_file>
      <input_file id="fl-39">
         <path>D:\ti\ccs1250\ccs\tools\compiler\ti-cgt-c2000_22.6.1.LTS\lib\</path>
         <kind>archive</kind>
         <file>rts2800_fpu32_eabi.lib</file>
         <name>copy_decompress_lzss.c.obj</name>
      </input_file>
      <input_file id="fl-3a">
         <path>D:\ti\ccs1250\ccs\tools\compiler\ti-cgt-c2000_22.6.1.LTS\lib\</path>
         <kind>archive</kind>
         <file>rts2800_fpu32_eabi.lib</file>
         <name>exit.c.obj</name>
      </input_file>
      <input_file id="fl-3b">
         <path>D:\ti\ccs1250\ccs\tools\compiler\ti-cgt-c2000_22.6.1.LTS\lib\</path>
         <kind>archive</kind>
         <file>rts2800_fpu32_eabi.lib</file>
         <name>_lock.c.obj</name>
      </input_file>
      <input_file id="fl-3c">
         <path>D:\ti\ccs1250\ccs\tools\compiler\ti-cgt-c2000_22.6.1.LTS\lib\</path>
         <kind>archive</kind>
         <file>rts2800_fpu32_eabi.lib</file>
         <name>args_main.c.obj</name>
      </input_file>
      <input_file id="fl-3d">
         <path>D:\ti\ccs1250\ccs\tools\compiler\ti-cgt-c2000_22.6.1.LTS\lib\</path>
         <kind>archive</kind>
         <file>rts2800_fpu32_eabi.lib</file>
         <name>memset.c.obj</name>
      </input_file>
      <input_file id="fl-3e">
         <path>D:\ti\ccs1250\ccs\tools\compiler\ti-cgt-c2000_22.6.1.LTS\lib\</path>
         <kind>archive</kind>
         <file>rts2800_fpu32_eabi.lib</file>
         <name>cpy_tbl.c.obj</name>
      </input_file>
      <input_file id="fl-3f">
         <path>D:\ti\ccs1250\ccs\tools\compiler\ti-cgt-c2000_22.6.1.LTS\lib\</path>
         <kind>archive</kind>
         <file>rts2800_fpu32_eabi.lib</file>
         <name>memcpy.c.obj</name>
      </input_file>
      <input_file id="fl-40">
         <path>D:\ti\ccs1250\ccs\tools\compiler\ti-cgt-c2000_22.6.1.LTS\lib\</path>
         <kind>archive</kind>
         <file>rts2800_fpu32_eabi.lib</file>
         <name>startup.c.obj</name>
      </input_file>
   </input_file_list>
   <object_component_list>
      <object_component id="oc-1d">
         <name>codestart</name>
         <load_address>0x0</load_address>
         <run_address>0x0</run_address>
         <size>0x2</size>
         <input_file_ref idref="fl-16"/>
      </object_component>
      <object_component id="oc-24d">
         <name>.text:EPWM_init</name>
         <load_address>0x8000</load_address>
         <run_address>0x8000</run_address>
         <size>0x3b2</size>
         <input_file_ref idref="fl-3"/>
      </object_component>
      <object_component id="oc-4b8">
         <name>.text</name>
         <load_address>0x83b2</load_address>
         <run_address>0x83b2</run_address>
         <size>0x1f1</size>
         <input_file_ref idref="fl-26"/>
      </object_component>
      <object_component id="oc-1fa">
         <name>.text:SysCtl_setClock</name>
         <load_address>0x85a3</load_address>
         <run_address>0x85a3</run_address>
         <size>0x123</size>
         <input_file_ref idref="fl-22"/>
      </object_component>
      <object_component id="oc-295">
         <name>.text:SysCtl_isPLLValid</name>
         <load_address>0x86c6</load_address>
         <run_address>0x86c6</run_address>
         <size>0xfe</size>
         <input_file_ref idref="fl-22"/>
      </object_component>
      <object_component id="oc-37d">
         <name>.text:EPWM_setADCTriggerEventPrescale</name>
         <load_address>0x87c4</load_address>
         <run_address>0x87c4</run_address>
         <size>0x3a</size>
         <input_file_ref idref="fl-3"/>
      </object_component>
      <object_component id="oc-11c">
         <name>.text</name>
         <load_address>0x87fe</load_address>
         <run_address>0x87fe</run_address>
         <size>0x2</size>
         <input_file_ref idref="fl-35"/>
      </object_component>
      <object_component id="oc-219">
         <name>.text:Device_enableAllPeripherals</name>
         <load_address>0x8800</load_address>
         <run_address>0x8800</run_address>
         <size>0xce</size>
         <input_file_ref idref="fl-15"/>
      </object_component>
      <object_component id="oc-28">
         <name>.text:INT_myADC0_1_ISR</name>
         <load_address>0x88ce</load_address>
         <run_address>0x88ce</run_address>
         <size>0x94</size>
         <input_file_ref idref="fl-2"/>
      </object_component>
      <object_component id="oc-3d2">
         <name>.text</name>
         <load_address>0x8962</load_address>
         <run_address>0x8962</run_address>
         <size>0x88</size>
         <input_file_ref idref="fl-33"/>
      </object_component>
      <object_component id="oc-235">
         <name>.text:PinMux_init</name>
         <load_address>0x89ea</load_address>
         <run_address>0x89ea</run_address>
         <size>0x7f</size>
         <input_file_ref idref="fl-3"/>
      </object_component>
      <object_component id="oc-377">
         <name>.text:EPWM_setADCTriggerSource</name>
         <load_address>0x8a69</load_address>
         <run_address>0x8a69</run_address>
         <size>0x75</size>
         <input_file_ref idref="fl-3"/>
      </object_component>
      <object_component id="oc-407">
         <name>.text:DCC_setCounterSeeds</name>
         <load_address>0x8ade</load_address>
         <run_address>0x8ade</run_address>
         <size>0x73</size>
         <input_file_ref idref="fl-22"/>
      </object_component>
      <object_component id="oc-16f">
         <name>.text:main</name>
         <load_address>0x8b51</load_address>
         <run_address>0x8b51</run_address>
         <size>0x71</size>
         <input_file_ref idref="fl-2"/>
      </object_component>
      <object_component id="oc-225">
         <name>.text:GPIO_setAnalogMode</name>
         <load_address>0x8bc2</load_address>
         <run_address>0x8bc2</run_address>
         <size>0x6a</size>
         <input_file_ref idref="fl-20"/>
      </object_component>
      <object_component id="oc-206">
         <name>.text:SysCtl_getClock</name>
         <load_address>0x8c2c</load_address>
         <run_address>0x8c2c</run_address>
         <size>0x65</size>
         <input_file_ref idref="fl-22"/>
      </object_component>
      <object_component id="oc-2b3">
         <name>.text:GPIO_setPadConfig</name>
         <load_address>0x8c91</load_address>
         <run_address>0x8c91</run_address>
         <size>0x52</size>
         <input_file_ref idref="fl-20"/>
      </object_component>
      <object_component id="oc-289">
         <name>.text:SysCtl_selectOscSource</name>
         <load_address>0x8ce3</load_address>
         <run_address>0x8ce3</run_address>
         <size>0x4d</size>
         <input_file_ref idref="fl-22"/>
      </object_component>
      <object_component id="oc-2e0">
         <name>.text:myADC0_init</name>
         <load_address>0x8d30</load_address>
         <run_address>0x8d30</run_address>
         <size>0x4a</size>
         <input_file_ref idref="fl-3"/>
      </object_component>
      <object_component id="oc-79">
         <name>.text:DAB_calculatePWMDutyPeriodPhaseShiftTicks</name>
         <load_address>0x8d7a</load_address>
         <run_address>0x8d7a</run_address>
         <size>0x49</size>
         <input_file_ref idref="fl-2"/>
      </object_component>
      <object_component id="oc-454">
         <name>.text:ADC_setupSOC</name>
         <load_address>0x8dc3</load_address>
         <run_address>0x8dc3</run_address>
         <size>0x46</size>
         <input_file_ref idref="fl-3"/>
      </object_component>
      <object_component id="oc-3c4">
         <name>.text:SysCtl_selectXTAL</name>
         <load_address>0x8e09</load_address>
         <run_address>0x8e09</run_address>
         <size>0x46</size>
         <input_file_ref idref="fl-22"/>
      </object_component>
      <object_component id="oc-4c0">
         <name>.text:SysCtl_pollX1Counter</name>
         <load_address>0x8e4f</load_address>
         <run_address>0x8e4f</run_address>
         <size>0x45</size>
         <input_file_ref idref="fl-22"/>
      </object_component>
      <object_component id="oc-19a">
         <name>.text:Device_init</name>
         <load_address>0x8e94</load_address>
         <run_address>0x8e94</run_address>
         <size>0x40</size>
         <input_file_ref idref="fl-15"/>
      </object_component>
      <object_component id="oc-323">
         <name>.text:EPWM_setActionQualifierAction</name>
         <load_address>0x8ed4</load_address>
         <run_address>0x8ed4</run_address>
         <size>0x40</size>
         <input_file_ref idref="fl-3"/>
      </object_component>
      <object_component id="oc-31d">
         <name>.text:EPWM_setCounterCompareShadowLoadMode</name>
         <load_address>0x8f14</load_address>
         <run_address>0x8f14</run_address>
         <size>0x3e</size>
         <input_file_ref idref="fl-3"/>
      </object_component>
      <object_component id="oc-1a6">
         <name>.text:Interrupt_initModule</name>
         <load_address>0x8f52</load_address>
         <run_address>0x8f52</run_address>
         <size>0x3d</size>
         <input_file_ref idref="fl-21"/>
      </object_component>
      <object_component id="oc-36b">
         <name>.text:EPWM_setFallingEdgeDeadBandDelayInput</name>
         <load_address>0x8f8f</load_address>
         <run_address>0x8f8f</run_address>
         <size>0x37</size>
         <input_file_ref idref="fl-3"/>
      </object_component>
      <object_component id="oc-4b1">
         <name>.text:GPIO_setControllerCore</name>
         <load_address>0x8fc6</load_address>
         <run_address>0x8fc6</run_address>
         <size>0x37</size>
         <input_file_ref idref="fl-20"/>
      </object_component>
      <object_component id="oc-247">
         <name>.text:ADC_init</name>
         <load_address>0x8ffd</load_address>
         <run_address>0x8ffd</run_address>
         <size>0x3</size>
         <input_file_ref idref="fl-3"/>
      </object_component>
      <object_component id="oc-2ad">
         <name>.text:GPIO_setPinConfig</name>
         <load_address>0x9000</load_address>
         <run_address>0x9000</run_address>
         <size>0x37</size>
         <input_file_ref idref="fl-20"/>
      </object_component>
      <object_component id="oc-2b9">
         <name>.text:GPIO_setQualificationMode</name>
         <load_address>0x9037</load_address>
         <run_address>0x9037</run_address>
         <size>0x37</size>
         <input_file_ref idref="fl-20"/>
      </object_component>
      <object_component id="oc-b0">
         <name>.text:Interrupt_enable</name>
         <load_address>0x906e</load_address>
         <run_address>0x906e</run_address>
         <size>0x37</size>
         <input_file_ref idref="fl-21"/>
      </object_component>
      <object_component id="oc-4ab">
         <name>.text:GPIO_setDirectionMode</name>
         <load_address>0x90a5</load_address>
         <run_address>0x90a5</run_address>
         <size>0x31</size>
         <input_file_ref idref="fl-20"/>
      </object_component>
      <object_component id="oc-10">
         <name>.text:decompress:lzss</name>
         <load_address>0x90d6</load_address>
         <run_address>0x90d6</run_address>
         <size>0x30</size>
         <input_file_ref idref="fl-39"/>
      </object_component>
      <object_component id="oc-460">
         <name>.text:ADC_setInterruptSource</name>
         <load_address>0x9106</load_address>
         <run_address>0x9106</run_address>
         <size>0x2f</size>
         <input_file_ref idref="fl-3"/>
      </object_component>
      <object_component id="oc-3b6">
         <name>.text:PI_CONTROLLER_init</name>
         <load_address>0x9135</load_address>
         <run_address>0x9135</run_address>
         <size>0x2f</size>
         <input_file_ref idref="fl-5"/>
      </object_component>
      <object_component id="oc-45a">
         <name>.text:ADC_setInterruptSOCTrigger</name>
         <load_address>0x9164</load_address>
         <run_address>0x9164</run_address>
         <size>0x2e</size>
         <input_file_ref idref="fl-3"/>
      </object_component>
      <object_component id="oc-3a1">
         <name>.text:EPWM_setDeadBandOutputSwapMode</name>
         <load_address>0x9192</load_address>
         <run_address>0x9192</run_address>
         <size>0x2e</size>
         <input_file_ref idref="fl-3"/>
      </object_component>
      <object_component id="oc-32f">
         <name>.text:EPWM_setDeadBandDelayMode</name>
         <load_address>0x91c0</load_address>
         <run_address>0x91c0</run_address>
         <size>0x2c</size>
         <input_file_ref idref="fl-3"/>
      </object_component>
      <object_component id="oc-eb">
         <name>.text:EPWM_isBaseValid</name>
         <load_address>0x91ec</load_address>
         <run_address>0x91ec</run_address>
         <size>0x2b</size>
         <input_file_ref idref="fl-2"/>
      </object_component>
      <object_component id="oc-479">
         <name>.text:EPWM_isBaseValid</name>
         <load_address>0x9217</load_address>
         <run_address>0x9217</run_address>
         <size>0x2b</size>
         <input_file_ref idref="fl-3"/>
      </object_component>
      <object_component id="oc-13f">
         <name>.text:__TI_auto_init_nobinit_nopinit</name>
         <load_address>0x9242</load_address>
         <run_address>0x9242</run_address>
         <size>0x2b</size>
         <input_file_ref idref="fl-36"/>
      </object_component>
      <object_component id="oc-129">
         <name>.text</name>
         <load_address>0x926d</load_address>
         <run_address>0x926d</run_address>
         <size>0x29</size>
         <input_file_ref idref="fl-3a"/>
      </object_component>
      <object_component id="oc-4e8">
         <name>.text:ADC_setOffsetTrimAll</name>
         <load_address>0x9296</load_address>
         <run_address>0x9296</run_address>
         <size>0x28</size>
         <input_file_ref idref="fl-1e"/>
      </object_component>
      <object_component id="oc-430">
         <name>.text:ADC_setVREF</name>
         <load_address>0x92be</load_address>
         <run_address>0x92be</run_address>
         <size>0x27</size>
         <input_file_ref idref="fl-1e"/>
      </object_component>
      <object_component id="oc-4a5">
         <name>.text:GPIO_writePin</name>
         <load_address>0x92e5</load_address>
         <run_address>0x92e5</run_address>
         <size>0x27</size>
         <input_file_ref idref="fl-3"/>
      </object_component>
      <object_component id="oc-38f">
         <name>.text:HRPWM_setCounterCompareShadowLoadEvent</name>
         <load_address>0x930c</load_address>
         <run_address>0x930c</run_address>
         <size>0x27</size>
         <input_file_ref idref="fl-3"/>
      </object_component>
      <object_component id="oc-3ca">
         <name>.text:SysCtl_selectXTALSingleEnded</name>
         <load_address>0x9333</load_address>
         <run_address>0x9333</run_address>
         <size>0x25</size>
         <input_file_ref idref="fl-22"/>
      </object_component>
      <object_component id="oc-40d">
         <name>.text:DCC_enableSingleShotMode</name>
         <load_address>0x9358</load_address>
         <run_address>0x9358</run_address>
         <size>0x24</size>
         <input_file_ref idref="fl-22"/>
      </object_component>
      <object_component id="oc-329">
         <name>.text:EPWM_setDeadBandDelayPolarity</name>
         <load_address>0x937c</load_address>
         <run_address>0x937c</run_address>
         <size>0x24</size>
         <input_file_ref idref="fl-3"/>
      </object_component>
      <object_component id="oc-317">
         <name>.text:EPWM_setCounterCompareValue</name>
         <load_address>0x93a0</load_address>
         <run_address>0x93a0</run_address>
         <size>0x22</size>
         <input_file_ref idref="fl-3"/>
      </object_component>
      <object_component id="oc-389">
         <name>.text:HRPWM_setMEPEdgeSelect</name>
         <load_address>0x93c2</load_address>
         <run_address>0x93c2</run_address>
         <size>0x22</size>
         <input_file_ref idref="fl-3"/>
      </object_component>
      <object_component id="oc-46c">
         <name>.text:ADC_disableContinuousMode</name>
         <load_address>0x93e4</load_address>
         <run_address>0x93e4</run_address>
         <size>0x21</size>
         <input_file_ref idref="fl-3"/>
      </object_component>
      <object_component id="oc-472">
         <name>.text:ADC_enableInterrupt</name>
         <load_address>0x9405</load_address>
         <run_address>0x9405</run_address>
         <size>0x20</size>
         <input_file_ref idref="fl-3"/>
      </object_component>
      <object_component id="oc-347">
         <name>.text:EPWM_setFallingEdgeDelayCountShadowLoadMode</name>
         <load_address>0x9425</load_address>
         <run_address>0x9425</run_address>
         <size>0x1f</size>
         <input_file_ref idref="fl-3"/>
      </object_component>
      <object_component id="oc-335">
         <name>.text:EPWM_setRisingEdgeDelayCountShadowLoadMode</name>
         <load_address>0x9444</load_address>
         <run_address>0x9444</run_address>
         <size>0x1f</size>
         <input_file_ref idref="fl-3"/>
      </object_component>
      <object_component id="oc-7f">
         <name>.text:HRPWM_setPhaseShift</name>
         <load_address>0x9463</load_address>
         <run_address>0x9463</run_address>
         <size>0x1f</size>
         <input_file_ref idref="fl-2"/>
      </object_component>
      <object_component id="oc-365">
         <name>.text:HRPWM_setPhaseShift</name>
         <load_address>0x9482</load_address>
         <run_address>0x9482</run_address>
         <size>0x1f</size>
         <input_file_ref idref="fl-3"/>
      </object_component>
      <object_component id="oc-3fb">
         <name>.text:DCC_setCounter0ClkSource</name>
         <load_address>0x94a1</load_address>
         <run_address>0x94a1</run_address>
         <size>0x1e</size>
         <input_file_ref idref="fl-22"/>
      </object_component>
      <object_component id="oc-401">
         <name>.text:DCC_setCounter1ClkSource</name>
         <load_address>0x94bf</load_address>
         <run_address>0x94bf</run_address>
         <size>0x1e</size>
         <input_file_ref idref="fl-22"/>
      </object_component>
      <object_component id="oc-305">
         <name>.text:EPWM_setPhaseShift</name>
         <load_address>0x94dd</load_address>
         <run_address>0x94dd</run_address>
         <size>0x1e</size>
         <input_file_ref idref="fl-3"/>
      </object_component>
      <object_component id="oc-35">
         <name>.text:Interrupt_initVectorTable</name>
         <load_address>0x94fb</load_address>
         <run_address>0x94fb</run_address>
         <size>0x1e</size>
         <input_file_ref idref="fl-21"/>
      </object_component>
      <object_component id="oc-91">
         <name>.text:ADC_getInterruptOverflowStatus</name>
         <load_address>0x9519</load_address>
         <run_address>0x9519</run_address>
         <size>0x1d</size>
         <input_file_ref idref="fl-2"/>
      </object_component>
      <object_component id="oc-311">
         <name>.text:EPWM_enableSyncOutPulseSource</name>
         <load_address>0x9536</load_address>
         <run_address>0x9536</run_address>
         <size>0x1d</size>
         <input_file_ref idref="fl-3"/>
      </object_component>
      <object_component id="oc-353">
         <name>.text:EPWM_setFallingEdgeDelayCount</name>
         <load_address>0x9553</load_address>
         <run_address>0x9553</run_address>
         <size>0x1d</size>
         <input_file_ref idref="fl-3"/>
      </object_component>
      <object_component id="oc-341">
         <name>.text:EPWM_setRisingEdgeDelayCount</name>
         <load_address>0x9570</load_address>
         <run_address>0x9570</run_address>
         <size>0x1d</size>
         <input_file_ref idref="fl-3"/>
      </object_component>
      <object_component id="oc-4f">
         <name>.text</name>
         <load_address>0x958d</load_address>
         <run_address>0x958d</run_address>
         <size>0x1d</size>
         <input_file_ref idref="fl-3f"/>
      </object_component>
      <object_component id="oc-44e">
         <name>.text:ADC_setSOCPriority</name>
         <load_address>0x95aa</load_address>
         <run_address>0x95aa</run_address>
         <size>0x1c</size>
         <input_file_ref idref="fl-3"/>
      </object_component>
      <object_component id="oc-371">
         <name>.text:EPWM_enableADCTrigger</name>
         <load_address>0x95c6</load_address>
         <run_address>0x95c6</run_address>
         <size>0x1c</size>
         <input_file_ref idref="fl-3"/>
      </object_component>
      <object_component id="oc-2e7">
         <name>.text:EPWM_setClockPrescaler</name>
         <load_address>0x95e2</load_address>
         <run_address>0x95e2</run_address>
         <size>0x1c</size>
         <input_file_ref idref="fl-3"/>
      </object_component>
      <object_component id="oc-e4">
         <name>.text:HRPWM_isBaseValid</name>
         <load_address>0x95fe</load_address>
         <run_address>0x95fe</run_address>
         <size>0x1b</size>
         <input_file_ref idref="fl-2"/>
      </object_component>
      <object_component id="oc-493">
         <name>.text:HRPWM_isBaseValid</name>
         <load_address>0x9619</load_address>
         <run_address>0x9619</run_address>
         <size>0x1b</size>
         <input_file_ref idref="fl-3"/>
      </object_component>
      <object_component id="oc-6b">
         <name>.text:ADC_readResult</name>
         <load_address>0x9634</load_address>
         <run_address>0x9634</run_address>
         <size>0x1a</size>
         <input_file_ref idref="fl-2"/>
      </object_component>
      <object_component id="oc-2d9">
         <name>.text:ASysCtl_setAnalogReference1P65</name>
         <load_address>0x964e</load_address>
         <run_address>0x964e</run_address>
         <size>0x1a</size>
         <input_file_ref idref="fl-3"/>
      </object_component>
      <object_component id="oc-20d">
         <name>.text:SysCtl_getLowSpeedClock</name>
         <load_address>0x9668</load_address>
         <run_address>0x9668</run_address>
         <size>0x1a</size>
         <input_file_ref idref="fl-22"/>
      </object_component>
      <object_component id="oc-85">
         <name>.text:EPWM_setCountModeAfterSync</name>
         <load_address>0x9682</load_address>
         <run_address>0x9682</run_address>
         <size>0x19</size>
         <input_file_ref idref="fl-2"/>
      </object_component>
      <object_component id="oc-39b">
         <name>.text:EPWM_setCountModeAfterSync</name>
         <load_address>0x969b</load_address>
         <run_address>0x969b</run_address>
         <size>0x19</size>
         <input_file_ref idref="fl-3"/>
      </object_component>
      <object_component id="oc-28f">
         <name>.text:SysCtl_setPLLSysClk</name>
         <load_address>0x96b4</load_address>
         <run_address>0x96b4</run_address>
         <size>0x19</size>
         <input_file_ref idref="fl-22"/>
      </object_component>
      <object_component id="oc-3a8">
         <name>.text:myGPIO0_init</name>
         <load_address>0x96cd</load_address>
         <run_address>0x96cd</run_address>
         <size>0x19</size>
         <input_file_ref idref="fl-3"/>
      </object_component>
      <object_component id="oc-2d3">
         <name>.text:ASysCtl_setAnalogReferenceInternal</name>
         <load_address>0x96e6</load_address>
         <run_address>0x96e6</run_address>
         <size>0x18</size>
         <input_file_ref idref="fl-3"/>
      </object_component>
      <object_component id="oc-34d">
         <name>.text:EPWM_disableFallingEdgeDelayCountShadowLoadMode</name>
         <load_address>0x96fe</load_address>
         <run_address>0x96fe</run_address>
         <size>0x18</size>
         <input_file_ref idref="fl-3"/>
      </object_component>
      <object_component id="oc-33b">
         <name>.text:EPWM_disableRisingEdgeDelayCountShadowLoadMode</name>
         <load_address>0x9716</load_address>
         <run_address>0x9716</run_address>
         <size>0x18</size>
         <input_file_ref idref="fl-3"/>
      </object_component>
      <object_component id="oc-1ac">
         <name>.text:SysCtl_disablePeripheral</name>
         <load_address>0x972e</load_address>
         <run_address>0x972e</run_address>
         <size>0x18</size>
         <input_file_ref idref="fl-2"/>
      </object_component>
      <object_component id="oc-f2">
         <name>.text:ADC_isBaseValid</name>
         <load_address>0x9746</load_address>
         <run_address>0x9746</run_address>
         <size>0x17</size>
         <input_file_ref idref="fl-2"/>
      </object_component>
      <object_component id="oc-4f0">
         <name>.text:ADC_isBaseValid</name>
         <load_address>0x975d</load_address>
         <run_address>0x975d</run_address>
         <size>0x17</size>
         <input_file_ref idref="fl-3"/>
      </object_component>
      <object_component id="oc-4e1">
         <name>.text:ADC_isBaseValid</name>
         <load_address>0x9774</load_address>
         <run_address>0x9774</run_address>
         <size>0x17</size>
         <input_file_ref idref="fl-1e"/>
      </object_component>
      <object_component id="oc-1b8">
         <name>.text:SysCtl_enablePeripheral</name>
         <load_address>0x978b</load_address>
         <run_address>0x978b</run_address>
         <size>0x17</size>
         <input_file_ref idref="fl-2"/>
      </object_component>
      <object_component id="oc-2a1">
         <name>.text:SysCtl_enablePeripheral</name>
         <load_address>0x97a2</load_address>
         <run_address>0x97a2</run_address>
         <size>0x17</size>
         <input_file_ref idref="fl-15"/>
      </object_component>
      <object_component id="oc-3d7">
         <name>.text:SysCtl_enablePeripheral</name>
         <load_address>0x97b9</load_address>
         <run_address>0x97b9</run_address>
         <size>0x17</size>
         <input_file_ref idref="fl-22"/>
      </object_component>
      <object_component id="oc-ce">
         <name>.text</name>
         <load_address>0x97d0</load_address>
         <run_address>0x97d0</run_address>
         <size>0x17</size>
         <input_file_ref idref="fl-32"/>
      </object_component>
      <object_component id="oc-43c">
         <name>.text:ADC_setInterruptPulseMode</name>
         <load_address>0x97e7</load_address>
         <run_address>0x97e7</run_address>
         <size>0x16</size>
         <input_file_ref idref="fl-3"/>
      </object_component>
      <object_component id="oc-1f4">
         <name>.text:CMD_init</name>
         <load_address>0x97fd</load_address>
         <run_address>0x97fd</run_address>
         <size>0x3</size>
         <input_file_ref idref="fl-4"/>
      </object_component>
      <object_component id="oc-436">
         <name>.text:ADC_setPrescaler</name>
         <load_address>0x992f</load_address>
         <run_address>0x992f</run_address>
         <size>0x16</size>
         <input_file_ref idref="fl-3"/>
      </object_component>
      <object_component id="oc-3f5">
         <name>.text:DCC_disableDoneSignal</name>
         <load_address>0x9945</load_address>
         <run_address>0x9945</run_address>
         <size>0x16</size>
         <input_file_ref idref="fl-22"/>
      </object_component>
      <object_component id="oc-30b">
         <name>.text:EPWM_setSyncInPulseSource</name>
         <load_address>0x995b</load_address>
         <run_address>0x995b</run_address>
         <size>0x16</size>
         <input_file_ref idref="fl-3"/>
      </object_component>
      <object_component id="oc-34">
         <name>.text:Interrupt_defaultHandler</name>
         <load_address>0x9971</load_address>
         <run_address>0x9971</run_address>
         <size>0x16</size>
         <input_file_ref idref="fl-21"/>
      </object_component>
      <object_component id="oc-448">
         <name>.text:ADC_disableBurstMode</name>
         <load_address>0x9987</load_address>
         <run_address>0x9987</run_address>
         <size>0x15</size>
         <input_file_ref idref="fl-3"/>
      </object_component>
      <object_component id="oc-3e3">
         <name>.text:DCC_clearDoneFlag</name>
         <load_address>0x999c</load_address>
         <run_address>0x999c</run_address>
         <size>0x15</size>
         <input_file_ref idref="fl-22"/>
      </object_component>
      <object_component id="oc-3dd">
         <name>.text:DCC_clearErrorFlag</name>
         <load_address>0x99b1</load_address>
         <run_address>0x99b1</run_address>
         <size>0x15</size>
         <input_file_ref idref="fl-22"/>
      </object_component>
      <object_component id="oc-3ef">
         <name>.text:DCC_disableErrorSignal</name>
         <load_address>0x99c6</load_address>
         <run_address>0x99c6</run_address>
         <size>0x15</size>
         <input_file_ref idref="fl-22"/>
      </object_component>
      <object_component id="oc-4d0">
         <name>.text:DCC_isBaseValid</name>
         <load_address>0x99db</load_address>
         <run_address>0x99db</run_address>
         <size>0x15</size>
         <input_file_ref idref="fl-22"/>
      </object_component>
      <object_component id="oc-22c">
         <name>.text:GPIO_unlockPortConfig</name>
         <load_address>0x99f0</load_address>
         <run_address>0x99f0</run_address>
         <size>0x15</size>
         <input_file_ref idref="fl-15"/>
      </object_component>
      <object_component id="oc-35f">
         <name>.text:HRPWM_disablePhaseShiftLoad</name>
         <load_address>0x9a05</load_address>
         <run_address>0x9a05</run_address>
         <size>0x15</size>
         <input_file_ref idref="fl-3"/>
      </object_component>
      <object_component id="oc-383">
         <name>.text:HRPWM_enableAutoConversion</name>
         <load_address>0x9a1a</load_address>
         <run_address>0x9a1a</run_address>
         <size>0x15</size>
         <input_file_ref idref="fl-3"/>
      </object_component>
      <object_component id="oc-395">
         <name>.text:HRPWM_enablePeriodControl</name>
         <load_address>0x9a2f</load_address>
         <run_address>0x9a2f</run_address>
         <size>0x15</size>
         <input_file_ref idref="fl-3"/>
      </object_component>
      <object_component id="oc-1ca">
         <name>.text:HRPWM_enablePhaseShiftLoad</name>
         <load_address>0x9a44</load_address>
         <run_address>0x9a44</run_address>
         <size>0x15</size>
         <input_file_ref idref="fl-2"/>
      </object_component>
      <object_component id="oc-97">
         <name>.text:ADC_clearInterruptOverflowStatus</name>
         <load_address>0x9a59</load_address>
         <run_address>0x9a59</run_address>
         <size>0x14</size>
         <input_file_ref idref="fl-2"/>
      </object_component>
      <object_component id="oc-8b">
         <name>.text:ADC_clearInterruptStatus</name>
         <load_address>0x9a6d</load_address>
         <run_address>0x9a6d</run_address>
         <size>0x14</size>
         <input_file_ref idref="fl-2"/>
      </object_component>
      <object_component id="oc-466">
         <name>.text:ADC_clearInterruptStatus</name>
         <load_address>0x9a81</load_address>
         <run_address>0x9a81</run_address>
         <size>0x14</size>
         <input_file_ref idref="fl-3"/>
      </object_component>
      <object_component id="oc-3e9">
         <name>.text:DCC_disableModule</name>
         <load_address>0x9a95</load_address>
         <run_address>0x9a95</run_address>
         <size>0x14</size>
         <input_file_ref idref="fl-22"/>
      </object_component>
      <object_component id="oc-413">
         <name>.text:DCC_enableModule</name>
         <load_address>0x9aa9</load_address>
         <run_address>0x9aa9</run_address>
         <size>0x14</size>
         <input_file_ref idref="fl-22"/>
      </object_component>
      <object_component id="oc-2f9">
         <name>.text:EPWM_setTimeBaseCounterMode</name>
         <load_address>0x9abd</load_address>
         <run_address>0x9abd</run_address>
         <size>0x14</size>
         <input_file_ref idref="fl-3"/>
      </object_component>
      <object_component id="oc-2ed">
         <name>.text:EPWM_setTimeBasePeriod</name>
         <load_address>0x9ad1</load_address>
         <run_address>0x9ad1</run_address>
         <size>0x14</size>
         <input_file_ref idref="fl-3"/>
      </object_component>
      <object_component id="oc-503">
         <name>.text:GPIO_isPinValid</name>
         <load_address>0x9ae5</load_address>
         <run_address>0x9ae5</run_address>
         <size>0x14</size>
         <input_file_ref idref="fl-3"/>
      </object_component>
      <object_component id="oc-422">
         <name>.text:GPIO_isPinValid</name>
         <load_address>0x9af9</load_address>
         <run_address>0x9af9</run_address>
         <size>0x14</size>
         <input_file_ref idref="fl-20"/>
      </object_component>
      <object_component id="oc-442">
         <name>.text:ADC_enableConverter</name>
         <load_address>0x9b0d</load_address>
         <run_address>0x9b0d</run_address>
         <size>0x13</size>
         <input_file_ref idref="fl-3"/>
      </object_component>
      <object_component id="oc-2f3">
         <name>.text:EPWM_setTimeBaseCounter</name>
         <load_address>0x9b20</load_address>
         <run_address>0x9b20</run_address>
         <size>0x12</size>
         <input_file_ref idref="fl-3"/>
      </object_component>
      <object_component id="oc-2c0">
         <name>.text:SysCtl_setSyncOutputConfig</name>
         <load_address>0x9b32</load_address>
         <run_address>0x9b32</run_address>
         <size>0x12</size>
         <input_file_ref idref="fl-3"/>
      </object_component>
      <object_component id="oc-3af">
         <name>.text:mySFO0_init</name>
         <load_address>0x9b44</load_address>
         <run_address>0x9b44</run_address>
         <size>0x12</size>
         <input_file_ref idref="fl-5"/>
      </object_component>
      <object_component id="oc-1b2">
         <name>.text:Board_init</name>
         <load_address>0x9b56</load_address>
         <run_address>0x9b56</run_address>
         <size>0x11</size>
         <input_file_ref idref="fl-3"/>
      </object_component>
      <object_component id="oc-2ff">
         <name>.text:EPWM_disablePhaseShiftLoad</name>
         <load_address>0x9b67</load_address>
         <run_address>0x9b67</run_address>
         <size>0x11</size>
         <input_file_ref idref="fl-3"/>
      </object_component>
      <object_component id="oc-1c4">
         <name>.text:EPWM_enablePhaseShiftLoad</name>
         <load_address>0x9b78</load_address>
         <run_address>0x9b78</run_address>
         <size>0x11</size>
         <input_file_ref idref="fl-2"/>
      </object_component>
      <object_component id="oc-359">
         <name>.text:EPWM_enablePhaseShiftLoad</name>
         <load_address>0x9b89</load_address>
         <run_address>0x9b89</run_address>
         <size>0x11</size>
         <input_file_ref idref="fl-3"/>
      </object_component>
      <object_component id="oc-1a0">
         <name>.text:Device_initGPIO</name>
         <load_address>0x9b9a</load_address>
         <run_address>0x9b9a</run_address>
         <size>0x10</size>
         <input_file_ref idref="fl-15"/>
      </object_component>
      <object_component id="oc-aa">
         <name>.text:Interrupt_register</name>
         <load_address>0x9baa</load_address>
         <run_address>0x9baa</run_address>
         <size>0xf</size>
         <input_file_ref idref="fl-3"/>
      </object_component>
      <object_component id="oc-2e">
         <name>.text:INTERRUPT_init</name>
         <load_address>0x9bb9</load_address>
         <run_address>0x9bb9</run_address>
         <size>0xd</size>
         <input_file_ref idref="fl-3"/>
      </object_component>
      <object_component id="oc-22">
         <name>.text:INT_myCPUTIMER0_ISR</name>
         <load_address>0x9bc6</load_address>
         <run_address>0x9bc6</run_address>
         <size>0xd</size>
         <input_file_ref idref="fl-2"/>
      </object_component>
      <object_component id="oc-101">
         <name>.text:Interrupt_disableGlobal</name>
         <load_address>0x9bd3</load_address>
         <run_address>0x9bd3</run_address>
         <size>0xd</size>
         <input_file_ref idref="fl-21"/>
      </object_component>
      <object_component id="oc-107">
         <name>.text:Interrupt_enableGlobal</name>
         <load_address>0x9be0</load_address>
         <run_address>0x9be0</run_address>
         <size>0xd</size>
         <input_file_ref idref="fl-21"/>
      </object_component>
      <object_component id="oc-200">
         <name>.text:SysCtl_setLowSpeedClock</name>
         <load_address>0x9bed</load_address>
         <run_address>0x9bed</run_address>
         <size>0xd</size>
         <input_file_ref idref="fl-15"/>
      </object_component>
      <object_component id="oc-57">
         <name>.text:decompress:ZI:__TI_zero_init_nomemset</name>
         <load_address>0x9bfa</load_address>
         <run_address>0x9bfa</run_address>
         <size>0xd</size>
         <input_file_ref idref="fl-37"/>
      </object_component>
      <object_component id="oc-2c6">
         <name>.text:SysCtl_enableExtADCSOCSource</name>
         <load_address>0x9c07</load_address>
         <run_address>0x9c07</run_address>
         <size>0xc</size>
         <input_file_ref idref="fl-3"/>
      </object_component>
      <object_component id="oc-123">
         <name>.text</name>
         <load_address>0x9c13</load_address>
         <run_address>0x9c13</run_address>
         <size>0xc</size>
         <input_file_ref idref="fl-3c"/>
      </object_component>
      <object_component id="oc-1ee">
         <name>.text:SysCtl_disableWatchdog</name>
         <load_address>0x9c1f</load_address>
         <run_address>0x9c1f</run_address>
         <size>0xb</size>
         <input_file_ref idref="fl-15"/>
      </object_component>
      <object_component id="oc-282">
         <name>.text:SysCtl_isMCDClockFailureDetected</name>
         <load_address>0x9c2a</load_address>
         <run_address>0x9c2a</run_address>
         <size>0xb</size>
         <input_file_ref idref="fl-22"/>
      </object_component>
      <object_component id="oc-40">
         <name>.text:Interrupt_illegalOperationHandler</name>
         <load_address>0x9c35</load_address>
         <run_address>0x9c35</run_address>
         <size>0xa</size>
         <input_file_ref idref="fl-21"/>
      </object_component>
      <object_component id="oc-46">
         <name>.text:Interrupt_nmiHandler</name>
         <load_address>0x9c3f</load_address>
         <run_address>0x9c3f</run_address>
         <size>0xa</size>
         <input_file_ref idref="fl-21"/>
      </object_component>
      <object_component id="oc-23b">
         <name>.text:SYNC_init</name>
         <load_address>0x9c49</load_address>
         <run_address>0x9c49</run_address>
         <size>0xa</size>
         <input_file_ref idref="fl-3"/>
      </object_component>
      <object_component id="oc-241">
         <name>.text:ASYSCTL_init</name>
         <load_address>0x9c53</load_address>
         <run_address>0x9c53</run_address>
         <size>0x9</size>
         <input_file_ref idref="fl-3"/>
      </object_component>
      <object_component id="oc-1db">
         <name>.text</name>
         <load_address>0x9c5c</load_address>
         <run_address>0x9c5c</run_address>
         <size>0x9</size>
         <input_file_ref idref="fl-3b"/>
      </object_component>
      <object_component id="oc-16">
         <name>.text:decompress:none</name>
         <load_address>0x9c65</load_address>
         <run_address>0x9c65</run_address>
         <size>0x8</size>
         <input_file_ref idref="fl-38"/>
      </object_component>
      <object_component id="oc-63">
         <name>.text</name>
         <load_address>0x9c6d</load_address>
         <run_address>0x9c6d</run_address>
         <size>0x8</size>
         <input_file_ref idref="fl-16"/>
      </object_component>
      <object_component id="oc-2cd">
         <name>.text:ASysCtl_disableTemperatureSensor</name>
         <load_address>0x9c75</load_address>
         <run_address>0x9c75</run_address>
         <size>0x7</size>
         <input_file_ref idref="fl-3"/>
      </object_component>
      <object_component id="oc-21f">
         <name>.text:ASysCtl_lockVREG</name>
         <load_address>0x9c7c</load_address>
         <run_address>0x9c7c</run_address>
         <size>0x7</size>
         <input_file_ref idref="fl-15"/>
      </object_component>
      <object_component id="oc-4c6">
         <name>.text:SysCtl_resetMCD</name>
         <load_address>0x9c83</load_address>
         <run_address>0x9c83</run_address>
         <size>0x7</size>
         <input_file_ref idref="fl-22"/>
      </object_component>
      <object_component id="oc-d8">
         <name>.text:__error__</name>
         <load_address>0x9c8a</load_address>
         <run_address>0x9c8a</run_address>
         <size>0x7</size>
         <input_file_ref idref="fl-15"/>
      </object_component>
      <object_component id="oc-9d">
         <name>.text:Interrupt_clearACKGroup</name>
         <load_address>0x9c91</load_address>
         <run_address>0x9c91</run_address>
         <size>0x6</size>
         <input_file_ref idref="fl-2"/>
      </object_component>
      <object_component id="oc-1be">
         <name>.text:C2000Ware_libraries_init</name>
         <load_address>0x9c97</load_address>
         <run_address>0x9c97</run_address>
         <size>0x5</size>
         <input_file_ref idref="fl-5"/>
      </object_component>
      <object_component id="oc-213">
         <name>.text:SysCtl_deviceCal</name>
         <load_address>0x9c9c</load_address>
         <run_address>0x9c9c</run_address>
         <size>0x4</size>
         <input_file_ref idref="fl-15"/>
      </object_component>
      <object_component id="oc-261">
         <name>.text:CONTROLLER_init</name>
         <load_address>0x9ca0</load_address>
         <run_address>0x9ca0</run_address>
         <size>0x3</size>
         <input_file_ref idref="fl-5"/>
      </object_component>
      <object_component id="oc-253">
         <name>.text:GPIO_init</name>
         <load_address>0x9ca3</load_address>
         <run_address>0x9ca3</run_address>
         <size>0x3</size>
         <input_file_ref idref="fl-3"/>
      </object_component>
      <object_component id="oc-25b">
         <name>.text:HRPWM_SFO_init</name>
         <load_address>0x9ca6</load_address>
         <run_address>0x9ca6</run_address>
         <size>0x3</size>
         <input_file_ref idref="fl-5"/>
      </object_component>
      <object_component id="oc-279">
         <name>.text:CMD_RAM_init</name>
         <load_address>0x9ca9</load_address>
         <run_address>0x9ca9</run_address>
         <size>0x1</size>
         <input_file_ref idref="fl-4"/>
      </object_component>
      <object_component id="oc-185">
         <name>.text</name>
         <load_address>0x9caa</load_address>
         <run_address>0x9caa</run_address>
         <size>0x1</size>
         <input_file_ref idref="fl-40"/>
      </object_component>
      <object_component id="oc-288">
         <name>.TI.ramfunc</name>
         <load_address>0x128</load_address>
         <run_address>0x128</run_address>
         <size>0x4</size>
         <input_file_ref idref="fl-22"/>
      </object_component>
      <object_component id="oc-556">
         <name>.cinit..data.load</name>
         <load_address>0x12c</load_address>
         <run_address>0x12c</run_address>
         <size>0x2b</size>
      </object_component>
      <object_component id="oc-553">
         <name>__TI_handler_table</name>
         <load_address>0x158</load_address>
         <run_address>0x158</run_address>
         <size>0x6</size>
      </object_component>
      <object_component id="oc-555">
         <name>.cinit..bss.load</name>
         <load_address>0x15e</load_address>
         <run_address>0x15e</run_address>
         <size>0x4</size>
      </object_component>
      <object_component id="oc-554">
         <name>__TI_cinit_table</name>
         <load_address>0x162</load_address>
         <run_address>0x162</run_address>
         <size>0x8</size>
      </object_component>
      <object_component id="oc-4c">
         <name>.stack</name>
         <uninitialized>true</uninitialized>
         <run_address>0x400</run_address>
         <size>0x0</size>
         <input_file_ref idref="fl-32"/>
      </object_component>
      <object_component id="oc-557">
         <name>.stack</name>
         <uninitialized>true</uninitialized>
         <run_address>0x400</run_address>
         <size>0x0</size>
      </object_component>
      <object_component id="oc-a3">
         <name>.bss</name>
         <uninitialized>true</uninitialized>
         <run_address>0xac56</run_address>
         <size>0x10</size>
         <input_file_ref idref="fl-2"/>
      </object_component>
      <object_component id="oc-513">
         <name>.bss</name>
         <uninitialized>true</uninitialized>
         <run_address>0xac74</run_address>
         <size>0x1</size>
         <input_file_ref idref="fl-5"/>
      </object_component>
      <object_component id="oc-50c">
         <name>.bss</name>
         <uninitialized>true</uninitialized>
         <run_address>0xac6f</run_address>
         <size>0x5</size>
         <input_file_ref idref="fl-26"/>
      </object_component>
      <object_component id="oc-510">
         <name>.bss:MEP_SF</name>
         <uninitialized>true</uninitialized>
         <run_address>0xac66</run_address>
         <size>0x9</size>
         <input_file_ref idref="fl-26"/>
      </object_component>
      <object_component id="oc-42d">
         <name>.const:.string</name>
         <load_address>0xa800</load_address>
         <run_address>0xa800</run_address>
         <size>0x159</size>
         <input_file_ref idref="fl-3"/>
      </object_component>
      <object_component id="oc-d7">
         <name>.const:.string</name>
         <load_address>0xa95a</load_address>
         <run_address>0xa95a</run_address>
         <size>0xcd</size>
         <input_file_ref idref="fl-2"/>
      </object_component>
      <object_component id="oc-281">
         <name>.const:.string</name>
         <load_address>0xaa28</load_address>
         <run_address>0xaa28</run_address>
         <size>0x9a</size>
         <input_file_ref idref="fl-22"/>
      </object_component>
      <object_component id="oc-2a9">
         <name>.const:.string</name>
         <load_address>0xaac2</load_address>
         <run_address>0xaac2</run_address>
         <size>0x98</size>
         <input_file_ref idref="fl-20"/>
      </object_component>
      <object_component id="oc-20c">
         <name>.const:.string</name>
         <load_address>0xab5a</load_address>
         <run_address>0xab5a</run_address>
         <size>0x59</size>
         <input_file_ref idref="fl-15"/>
      </object_component>
      <object_component id="oc-4e7">
         <name>.const:.string</name>
         <load_address>0xabb4</load_address>
         <run_address>0xabb4</run_address>
         <size>0x4b</size>
         <input_file_ref idref="fl-1e"/>
      </object_component>
      <object_component id="oc-a6">
         <name>.data</name>
         <load_address>0xac40</load_address>
         <run_address>0xac40</run_address>
         <size>0xe</size>
         <input_file_ref idref="fl-2"/>
      </object_component>
      <object_component id="oc-71">
         <name>.data</name>
         <load_address>0xac00</load_address>
         <run_address>0xac00</run_address>
         <size>0x2c</size>
         <input_file_ref idref="fl-5"/>
      </object_component>
      <object_component id="oc-516">
         <name>.data:ePWM</name>
         <load_address>0xac2c</load_address>
         <run_address>0xac2c</run_address>
         <size>0x10</size>
         <input_file_ref idref="fl-5"/>
      </object_component>
      <object_component id="oc-50f">
         <name>.data</name>
         <load_address>0xac54</load_address>
         <run_address>0xac54</run_address>
         <size>0x1</size>
         <input_file_ref idref="fl-26"/>
      </object_component>
      <object_component id="oc-177">
         <name>.data</name>
         <load_address>0xac4e</load_address>
         <run_address>0xac4e</run_address>
         <size>0x6</size>
         <input_file_ref idref="fl-3a"/>
      </object_component>
      <object_component id="oc-17a">
         <name>.data:_lock</name>
         <load_address>0xac3c</load_address>
         <run_address>0xac3c</run_address>
         <size>0x2</size>
         <input_file_ref idref="fl-3b"/>
      </object_component>
      <object_component id="oc-26b">
         <name>.data:_unlock</name>
         <load_address>0xac3e</load_address>
         <run_address>0xac3e</run_address>
         <size>0x2</size>
         <input_file_ref idref="fl-3b"/>
      </object_component>
      <object_component id="oc-1d0">
         <name>dclfuncs</name>
         <load_address>0x9800</load_address>
         <run_address>0x9800</run_address>
         <size>0xf8</size>
         <input_file_ref idref="fl-f"/>
      </object_component>
      <object_component id="oc-74">
         <name>dclfuncs</name>
         <load_address>0x98f8</load_address>
         <run_address>0x98f8</run_address>
         <size>0x37</size>
         <input_file_ref idref="fl-10"/>
      </object_component>
      <object_component id="oc-6a">
         <name>.debug_types</name>
         <load_address>0x0</load_address>
         <run_address>0x0</run_address>
         <size>0x139e</size>
         <input_file_ref idref="fl-2"/>
      </object_component>
      <object_component id="oc-b7">
         <name>.debug_types</name>
         <load_address>0x139e</load_address>
         <run_address>0x139e</run_address>
         <size>0x24b0</size>
         <input_file_ref idref="fl-3"/>
      </object_component>
      <object_component id="oc-280">
         <name>.debug_types</name>
         <load_address>0x0</load_address>
         <run_address>0x0</run_address>
         <size>0x0</size>
         <input_file_ref idref="fl-4"/>
      </object_component>
      <object_component id="oc-e1">
         <name>.debug_types</name>
         <load_address>0x384e</load_address>
         <run_address>0x384e</run_address>
         <size>0x32</size>
         <input_file_ref idref="fl-5"/>
      </object_component>
      <object_component id="oc-131">
         <name>.debug_types</name>
         <load_address>0x3880</load_address>
         <run_address>0x3880</run_address>
         <size>0x480</size>
         <input_file_ref idref="fl-15"/>
      </object_component>
      <object_component id="oc-4ef">
         <name>.debug_types</name>
         <load_address>0x3d00</load_address>
         <run_address>0x3d00</run_address>
         <size>0x110</size>
         <input_file_ref idref="fl-1e"/>
      </object_component>
      <object_component id="oc-2ab">
         <name>.debug_types</name>
         <load_address>0x3e10</load_address>
         <run_address>0x3e10</run_address>
         <size>0x25f</size>
         <input_file_ref idref="fl-20"/>
      </object_component>
      <object_component id="oc-b9">
         <name>.debug_types</name>
         <load_address>0x0</load_address>
         <run_address>0x0</run_address>
         <size>0x0</size>
         <input_file_ref idref="fl-21"/>
      </object_component>
      <object_component id="oc-29c">
         <name>.debug_types</name>
         <load_address>0x406f</load_address>
         <run_address>0x406f</run_address>
         <size>0x768</size>
         <input_file_ref idref="fl-22"/>
      </object_component>
      <object_component id="oc-51a">
         <name>.debug_types</name>
         <load_address>0x47d7</load_address>
         <run_address>0x47d7</run_address>
         <size>0xce</size>
         <input_file_ref idref="fl-26"/>
      </object_component>
      <object_component id="oc-13e">
         <name>.debug_types</name>
         <load_address>0x0</load_address>
         <run_address>0x0</run_address>
         <size>0x0</size>
         <input_file_ref idref="fl-35"/>
      </object_component>
      <object_component id="oc-18c">
         <name>.debug_types</name>
         <load_address>0x48a5</load_address>
         <run_address>0x48a5</run_address>
         <size>0x49b</size>
         <input_file_ref idref="fl-36"/>
      </object_component>
      <object_component id="oc-c6">
         <name>.debug_types</name>
         <load_address>0x4d40</load_address>
         <run_address>0x4d40</run_address>
         <size>0x1f3</size>
         <input_file_ref idref="fl-37"/>
      </object_component>
      <object_component id="oc-56">
         <name>.debug_types</name>
         <load_address>0x0</load_address>
         <run_address>0x0</run_address>
         <size>0x0</size>
         <input_file_ref idref="fl-38"/>
      </object_component>
      <object_component id="oc-4e">
         <name>.debug_types</name>
         <load_address>0x4f33</load_address>
         <run_address>0x4f33</run_address>
         <size>0x191</size>
         <input_file_ref idref="fl-39"/>
      </object_component>
      <object_component id="oc-17e">
         <name>.debug_types</name>
         <load_address>0x50c4</load_address>
         <run_address>0x50c4</run_address>
         <size>0xbf</size>
         <input_file_ref idref="fl-3a"/>
      </object_component>
      <object_component id="oc-1e3">
         <name>.debug_types</name>
         <load_address>0x5183</load_address>
         <run_address>0x5183</run_address>
         <size>0x2f</size>
         <input_file_ref idref="fl-3b"/>
      </object_component>
      <object_component id="oc-176">
         <name>.debug_types</name>
         <load_address>0x51b2</load_address>
         <run_address>0x51b2</run_address>
         <size>0xe1</size>
         <input_file_ref idref="fl-3c"/>
      </object_component>
      <object_component id="oc-c1">
         <name>.debug_types</name>
         <load_address>0x5293</load_address>
         <run_address>0x5293</run_address>
         <size>0xb8</size>
         <input_file_ref idref="fl-3f"/>
      </object_component>
      <object_component id="oc-1e8">
         <name>.debug_types</name>
         <load_address>0x0</load_address>
         <run_address>0x0</run_address>
         <size>0x0</size>
         <input_file_ref idref="fl-40"/>
      </object_component>
      <object_component id="oc-a4">
         <name>.debug_info</name>
         <load_address>0x0</load_address>
         <run_address>0x0</run_address>
         <size>0x29f</size>
         <input_file_ref idref="fl-2"/>
      </object_component>
      <object_component id="oc-a7">
         <name>.debug_info</name>
         <load_address>0x29f</load_address>
         <run_address>0x29f</run_address>
         <size>0x18f</size>
         <input_file_ref idref="fl-2"/>
      </object_component>
      <object_component id="oc-f4">
         <name>.debug_info</name>
         <load_address>0x42e</load_address>
         <run_address>0x42e</run_address>
         <size>0x158</size>
         <input_file_ref idref="fl-2"/>
      </object_component>
      <object_component id="oc-8d">
         <name>.debug_info</name>
         <load_address>0x586</load_address>
         <run_address>0x586</run_address>
         <size>0x1b1</size>
         <input_file_ref idref="fl-2"/>
      </object_component>
      <object_component id="oc-92">
         <name>.debug_info</name>
         <load_address>0x737</load_address>
         <run_address>0x737</run_address>
         <size>0x1c5</size>
         <input_file_ref idref="fl-2"/>
      </object_component>
      <object_component id="oc-98">
         <name>.debug_info</name>
         <load_address>0x8fc</load_address>
         <run_address>0x8fc</run_address>
         <size>0x1c1</size>
         <input_file_ref idref="fl-2"/>
      </object_component>
      <object_component id="oc-6d">
         <name>.debug_info</name>
         <load_address>0xabd</load_address>
         <run_address>0xabd</run_address>
         <size>0x19c</size>
         <input_file_ref idref="fl-2"/>
      </object_component>
      <object_component id="oc-9e">
         <name>.debug_info</name>
         <load_address>0xc59</load_address>
         <run_address>0xc59</run_address>
         <size>0x168</size>
         <input_file_ref idref="fl-2"/>
      </object_component>
      <object_component id="oc-1b9">
         <name>.debug_info</name>
         <load_address>0xdc1</load_address>
         <run_address>0xdc1</run_address>
         <size>0x199</size>
         <input_file_ref idref="fl-2"/>
      </object_component>
      <object_component id="oc-1ad">
         <name>.debug_info</name>
         <load_address>0xf5a</load_address>
         <run_address>0xf5a</run_address>
         <size>0x19b</size>
         <input_file_ref idref="fl-2"/>
      </object_component>
      <object_component id="oc-ec">
         <name>.debug_info</name>
         <load_address>0x10f5</load_address>
         <run_address>0x10f5</run_address>
         <size>0x15b</size>
         <input_file_ref idref="fl-2"/>
      </object_component>
      <object_component id="oc-86">
         <name>.debug_info</name>
         <load_address>0x1250</load_address>
         <run_address>0x1250</run_address>
         <size>0x1ad</size>
         <input_file_ref idref="fl-2"/>
      </object_component>
      <object_component id="oc-1c5">
         <name>.debug_info</name>
         <load_address>0x13fd</load_address>
         <run_address>0x13fd</run_address>
         <size>0x18a</size>
         <input_file_ref idref="fl-2"/>
      </object_component>
      <object_component id="oc-e5">
         <name>.debug_info</name>
         <load_address>0x1587</load_address>
         <run_address>0x1587</run_address>
         <size>0x15e</size>
         <input_file_ref idref="fl-2"/>
      </object_component>
      <object_component id="oc-80">
         <name>.debug_info</name>
         <load_address>0x16e5</load_address>
         <run_address>0x16e5</run_address>
         <size>0x1a6</size>
         <input_file_ref idref="fl-2"/>
      </object_component>
      <object_component id="oc-1cb">
         <name>.debug_info</name>
         <load_address>0x188b</load_address>
         <run_address>0x188b</run_address>
         <size>0x18e</size>
         <input_file_ref idref="fl-2"/>
      </object_component>
      <object_component id="oc-170">
         <name>.debug_info</name>
         <load_address>0x1a19</load_address>
         <run_address>0x1a19</run_address>
         <size>0x2d7</size>
         <input_file_ref idref="fl-2"/>
      </object_component>
      <object_component id="oc-7a">
         <name>.debug_info</name>
         <load_address>0x1cf0</load_address>
         <run_address>0x1cf0</run_address>
         <size>0x184</size>
         <input_file_ref idref="fl-2"/>
      </object_component>
      <object_component id="oc-23">
         <name>.debug_info</name>
         <load_address>0x1e74</load_address>
         <run_address>0x1e74</run_address>
         <size>0x100</size>
         <input_file_ref idref="fl-2"/>
      </object_component>
      <object_component id="oc-29">
         <name>.debug_info</name>
         <load_address>0x1f74</load_address>
         <run_address>0x1f74</run_address>
         <size>0x265</size>
         <input_file_ref idref="fl-2"/>
      </object_component>
      <object_component id="oc-4f1">
         <name>.debug_info</name>
         <load_address>0x21d9</load_address>
         <run_address>0x21d9</run_address>
         <size>0x159</size>
         <input_file_ref idref="fl-3"/>
      </object_component>
      <object_component id="oc-437">
         <name>.debug_info</name>
         <load_address>0x2332</load_address>
         <run_address>0x2332</run_address>
         <size>0x1a6</size>
         <input_file_ref idref="fl-3"/>
      </object_component>
      <object_component id="oc-455">
         <name>.debug_info</name>
         <load_address>0x24d8</load_address>
         <run_address>0x24d8</run_address>
         <size>0x225</size>
         <input_file_ref idref="fl-3"/>
      </object_component>
      <object_component id="oc-45b">
         <name>.debug_info</name>
         <load_address>0x26fd</load_address>
         <run_address>0x26fd</run_address>
         <size>0x1f2</size>
         <input_file_ref idref="fl-3"/>
      </object_component>
      <object_component id="oc-43d">
         <name>.debug_info</name>
         <load_address>0x28ef</load_address>
         <run_address>0x28ef</run_address>
         <size>0x1b4</size>
         <input_file_ref idref="fl-3"/>
      </object_component>
      <object_component id="oc-443">
         <name>.debug_info</name>
         <load_address>0x2aa3</load_address>
         <run_address>0x2aa3</run_address>
         <size>0x17d</size>
         <input_file_ref idref="fl-3"/>
      </object_component>
      <object_component id="oc-467">
         <name>.debug_info</name>
         <load_address>0x2c20</load_address>
         <run_address>0x2c20</run_address>
         <size>0x1b2</size>
         <input_file_ref idref="fl-3"/>
      </object_component>
      <object_component id="oc-449">
         <name>.debug_info</name>
         <load_address>0x2dd2</load_address>
         <run_address>0x2dd2</run_address>
         <size>0x17f</size>
         <input_file_ref idref="fl-3"/>
      </object_component>
      <object_component id="oc-44f">
         <name>.debug_info</name>
         <load_address>0x2f51</load_address>
         <run_address>0x2f51</run_address>
         <size>0x1a2</size>
         <input_file_ref idref="fl-3"/>
      </object_component>
      <object_component id="oc-473">
         <name>.debug_info</name>
         <load_address>0x30f3</load_address>
         <run_address>0x30f3</run_address>
         <size>0x1d4</size>
         <input_file_ref idref="fl-3"/>
      </object_component>
      <object_component id="oc-461">
         <name>.debug_info</name>
         <load_address>0x32c7</load_address>
         <run_address>0x32c7</run_address>
         <size>0x216</size>
         <input_file_ref idref="fl-3"/>
      </object_component>
      <object_component id="oc-46d">
         <name>.debug_info</name>
         <load_address>0x34dd</load_address>
         <run_address>0x34dd</run_address>
         <size>0x1e0</size>
         <input_file_ref idref="fl-3"/>
      </object_component>
      <object_component id="oc-ab">
         <name>.debug_info</name>
         <load_address>0x36bd</load_address>
         <run_address>0x36bd</run_address>
         <size>0x1ad</size>
         <input_file_ref idref="fl-3"/>
      </object_component>
      <object_component id="oc-2ce">
         <name>.debug_info</name>
         <load_address>0x386a</load_address>
         <run_address>0x386a</run_address>
         <size>0x154</size>
         <input_file_ref idref="fl-3"/>
      </object_component>
      <object_component id="oc-2d4">
         <name>.debug_info</name>
         <load_address>0x39be</load_address>
         <run_address>0x39be</run_address>
         <size>0x192</size>
         <input_file_ref idref="fl-3"/>
      </object_component>
      <object_component id="oc-2da">
         <name>.debug_info</name>
         <load_address>0x3b50</load_address>
         <run_address>0x3b50</run_address>
         <size>0x18c</size>
         <input_file_ref idref="fl-3"/>
      </object_component>
      <object_component id="oc-2c1">
         <name>.debug_info</name>
         <load_address>0x3cdc</load_address>
         <run_address>0x3cdc</run_address>
         <size>0x170</size>
         <input_file_ref idref="fl-3"/>
      </object_component>
      <object_component id="oc-2c7">
         <name>.debug_info</name>
         <load_address>0x3e4c</load_address>
         <run_address>0x3e4c</run_address>
         <size>0x178</size>
         <input_file_ref idref="fl-3"/>
      </object_component>
      <object_component id="oc-47a">
         <name>.debug_info</name>
         <load_address>0x3fc4</load_address>
         <run_address>0x3fc4</run_address>
         <size>0x15c</size>
         <input_file_ref idref="fl-3"/>
      </object_component>
      <object_component id="oc-2f4">
         <name>.debug_info</name>
         <load_address>0x4120</load_address>
         <run_address>0x4120</run_address>
         <size>0x1aa</size>
         <input_file_ref idref="fl-3"/>
      </object_component>
      <object_component id="oc-39c">
         <name>.debug_info</name>
         <load_address>0x42ca</load_address>
         <run_address>0x42ca</run_address>
         <size>0x1ae</size>
         <input_file_ref idref="fl-3"/>
      </object_component>
      <object_component id="oc-2e8">
         <name>.debug_info</name>
         <load_address>0x4478</load_address>
         <run_address>0x4478</run_address>
         <size>0x1ed</size>
         <input_file_ref idref="fl-3"/>
      </object_component>
      <object_component id="oc-30c">
         <name>.debug_info</name>
         <load_address>0x4665</load_address>
         <run_address>0x4665</run_address>
         <size>0x1b0</size>
         <input_file_ref idref="fl-3"/>
      </object_component>
      <object_component id="oc-312">
         <name>.debug_info</name>
         <load_address>0x4815</load_address>
         <run_address>0x4815</run_address>
         <size>0x1c7</size>
         <input_file_ref idref="fl-3"/>
      </object_component>
      <object_component id="oc-35a">
         <name>.debug_info</name>
         <load_address>0x49dc</load_address>
         <run_address>0x49dc</run_address>
         <size>0x18b</size>
         <input_file_ref idref="fl-3"/>
      </object_component>
      <object_component id="oc-300">
         <name>.debug_info</name>
         <load_address>0x4b67</load_address>
         <run_address>0x4b67</run_address>
         <size>0x18d</size>
         <input_file_ref idref="fl-3"/>
      </object_component>
      <object_component id="oc-2fa">
         <name>.debug_info</name>
         <load_address>0x4cf4</load_address>
         <run_address>0x4cf4</run_address>
         <size>0x1be</size>
         <input_file_ref idref="fl-3"/>
      </object_component>
      <object_component id="oc-306">
         <name>.debug_info</name>
         <load_address>0x4eb2</load_address>
         <run_address>0x4eb2</run_address>
         <size>0x1aa</size>
         <input_file_ref idref="fl-3"/>
      </object_component>
      <object_component id="oc-2ee">
         <name>.debug_info</name>
         <load_address>0x505c</load_address>
         <run_address>0x505c</run_address>
         <size>0x1b4</size>
         <input_file_ref idref="fl-3"/>
      </object_component>
      <object_component id="oc-31e">
         <name>.debug_info</name>
         <load_address>0x5210</load_address>
         <run_address>0x5210</run_address>
         <size>0x265</size>
         <input_file_ref idref="fl-3"/>
      </object_component>
      <object_component id="oc-318">
         <name>.debug_info</name>
         <load_address>0x5475</load_address>
         <run_address>0x5475</run_address>
         <size>0x202</size>
         <input_file_ref idref="fl-3"/>
      </object_component>
      <object_component id="oc-324">
         <name>.debug_info</name>
         <load_address>0x5677</load_address>
         <run_address>0x5677</run_address>
         <size>0x22e</size>
         <input_file_ref idref="fl-3"/>
      </object_component>
      <object_component id="oc-3a2">
         <name>.debug_info</name>
         <load_address>0x58a5</load_address>
         <run_address>0x58a5</run_address>
         <size>0x200</size>
         <input_file_ref idref="fl-3"/>
      </object_component>
      <object_component id="oc-330">
         <name>.debug_info</name>
         <load_address>0x5aa5</load_address>
         <run_address>0x5aa5</run_address>
         <size>0x1fe</size>
         <input_file_ref idref="fl-3"/>
      </object_component>
      <object_component id="oc-32a">
         <name>.debug_info</name>
         <load_address>0x5ca3</load_address>
         <run_address>0x5ca3</run_address>
         <size>0x1f9</size>
         <input_file_ref idref="fl-3"/>
      </object_component>
      <object_component id="oc-36c">
         <name>.debug_info</name>
         <load_address>0x5e9c</load_address>
         <run_address>0x5e9c</run_address>
         <size>0x1d5</size>
         <input_file_ref idref="fl-3"/>
      </object_component>
      <object_component id="oc-336">
         <name>.debug_info</name>
         <load_address>0x6071</load_address>
         <run_address>0x6071</run_address>
         <size>0x1d6</size>
         <input_file_ref idref="fl-3"/>
      </object_component>
      <object_component id="oc-33c">
         <name>.debug_info</name>
         <load_address>0x6247</load_address>
         <run_address>0x6247</run_address>
         <size>0x1b5</size>
         <input_file_ref idref="fl-3"/>
      </object_component>
      <object_component id="oc-348">
         <name>.debug_info</name>
         <load_address>0x63fc</load_address>
         <run_address>0x63fc</run_address>
         <size>0x1d8</size>
         <input_file_ref idref="fl-3"/>
      </object_component>
      <object_component id="oc-34e">
         <name>.debug_info</name>
         <load_address>0x65d4</load_address>
         <run_address>0x65d4</run_address>
         <size>0x1b7</size>
         <input_file_ref idref="fl-3"/>
      </object_component>
      <object_component id="oc-342">
         <name>.debug_info</name>
         <load_address>0x678b</load_address>
         <run_address>0x678b</run_address>
         <size>0x1c9</size>
         <input_file_ref idref="fl-3"/>
      </object_component>
      <object_component id="oc-354">
         <name>.debug_info</name>
         <load_address>0x6954</load_address>
         <run_address>0x6954</run_address>
         <size>0x1cb</size>
         <input_file_ref idref="fl-3"/>
      </object_component>
      <object_component id="oc-372">
         <name>.debug_info</name>
         <load_address>0x6b1f</load_address>
         <run_address>0x6b1f</run_address>
         <size>0x1b0</size>
         <input_file_ref idref="fl-3"/>
      </object_component>
      <object_component id="oc-378">
         <name>.debug_info</name>
         <load_address>0x6ccf</load_address>
         <run_address>0x6ccf</run_address>
         <size>0x1f4</size>
         <input_file_ref idref="fl-3"/>
      </object_component>
      <object_component id="oc-37e">
         <name>.debug_info</name>
         <load_address>0x6ec3</load_address>
         <run_address>0x6ec3</run_address>
         <size>0x206</size>
         <input_file_ref idref="fl-3"/>
      </object_component>
      <object_component id="oc-504">
         <name>.debug_info</name>
         <load_address>0x70c9</load_address>
         <run_address>0x70c9</run_address>
         <size>0x156</size>
         <input_file_ref idref="fl-3"/>
      </object_component>
      <object_component id="oc-4a6">
         <name>.debug_info</name>
         <load_address>0x721f</load_address>
         <run_address>0x721f</run_address>
         <size>0x1af</size>
         <input_file_ref idref="fl-3"/>
      </object_component>
      <object_component id="oc-494">
         <name>.debug_info</name>
         <load_address>0x73ce</load_address>
         <run_address>0x73ce</run_address>
         <size>0x15f</size>
         <input_file_ref idref="fl-3"/>
      </object_component>
      <object_component id="oc-366">
         <name>.debug_info</name>
         <load_address>0x752d</load_address>
         <run_address>0x752d</run_address>
         <size>0x1a7</size>
         <input_file_ref idref="fl-3"/>
      </object_component>
      <object_component id="oc-38a">
         <name>.debug_info</name>
         <load_address>0x76d4</load_address>
         <run_address>0x76d4</run_address>
         <size>0x1dd</size>
[...]
         <page_id>0x0</page_id>
         <origin>0xae000</origin>
         <length>0x1000</length>
         <used_space>0x0</used_space>
         <unused_space>0x1000</unused_space>
         <attributes>RWIX</attributes>
         <usage_details>
         </usage_details>
      </memory_area>
      <memory_area display="yes" color="green">
         <name>FLASH_BANK2_SEC15</name>
         <page_id>0x0</page_id>
         <origin>0xaf000</origin>
         <length>0xff0</length>
         <used_space>0x0</used_space>
         <unused_space>0xff0</unused_space>
         <attributes>RWIX</attributes>
         <usage_details>
         </usage_details>
      </memory_area>
      <memory_area display="no" color="green">
         <name>RESET</name>
         <page_id>0x0</page_id>
         <origin>0x3fffc0</origin>
         <length>0x2</length>
         <used_space>0x0</used_space>
         <unused_space>0x2</unused_space>
         <attributes>RWIX</attributes>
         <usage_details>
         </usage_details>
      </memory_area>
   </placement_map>
   <cptbl_list>
      <cptbl>
         <name>__TI_cinit_table</name>
         <cprec>
            <name>.data</name>
            <load_address>0x12c</load_address>
            <load_size>0x2b</load_size>
            <run_address>0xac00</run_address>
            <run_size>0x55</run_size>
            <compression>lzss</compression>
         </cprec>
         <cprec>
            <name>.bss</name>
            <load_address>0x15e</load_address>
            <load_size>0x4</load_size>
            <run_address>0xac56</run_address>
            <run_size>0x1f</run_size>
            <compression>zero_init</compression>
         </cprec>
      </cptbl>
   </cptbl_list>
   <handler_table>
      <handler_table_name>__TI_handler_table</handler_table_name>
      <handler>
         <index>0x0</index>
         <name>__TI_zero_init</name>
      </handler>
      <handler>
         <index>0x1</index>
         <name>__TI_decompress_lzss</name>
      </handler>
      <handler>
         <index>0x2</index>
         <name>__TI_decompress_none</name>
      </handler>
   </handler_table>
   <symbol_table>
      <symbol id="sm-1">
         <name>__TI_CINIT_Base</name>
         <value>0x162</value>
      </symbol>
      <symbol id="sm-2">
         <name>__TI_CINIT_Limit</name>
         <value>0x16a</value>
      </symbol>
      <symbol id="sm-3">
         <name>__TI_CINIT_Warm</name>
         <value>0x16a</value>
      </symbol>
      <symbol id="sm-4">
         <name>__TI_Handler_Table_Base</name>
         <value>0x158</value>
      </symbol>
      <symbol id="sm-5">
         <name>__TI_Handler_Table_Limit</name>
         <value>0x15e</value>
      </symbol>
      <symbol id="sm-6">
         <name>__TI_STACK_SIZE</name>
         <value>0x200</value>
      </symbol>
      <symbol id="sm-7">
         <name>__TI_STACK_END</name>
         <value>0x600</value>
      </symbol>
      <symbol id="sm-8">
         <name>__TI_pprof_out_hndl</name>
         <value>0xffffffff</value>
      </symbol>
      <symbol id="sm-9">
         <name>__TI_prof_data_start</name>
         <value>0xffffffff</value>
      </symbol>
      <symbol id="sm-a">
         <name>__TI_prof_data_size</name>
         <value>0xffffffff</value>
      </symbol>
      <symbol id="sm-db">
         <name>HR_Phase_ticks</name>
         <value>0xac60</value>
         <object_component_ref idref="oc-a3"/>
      </symbol>
      <symbol id="sm-dc">
         <name>DAB_calculatePWMDutyPeriodPhaseShiftTicks</name>
         <value>0x8d7a</value>
         <object_component_ref idref="oc-79"/>
      </symbol>
      <symbol id="sm-dd">
         <name>Kp_UP</name>
         <value>0xac4a</value>
         <object_component_ref idref="oc-a6"/>
      </symbol>
      <symbol id="sm-de">
         <name>PWM_EN8</name>
         <value>0xac40</value>
         <object_component_ref idref="oc-a6"/>
      </symbol>
      <symbol id="sm-df">
         <name>yk</name>
         <value>0xac48</value>
         <object_component_ref idref="oc-a6"/>
      </symbol>
      <symbol id="sm-e0">
         <name>INT_myADC0_1_ISR</name>
         <value>0x88ce</value>
         <object_component_ref idref="oc-28"/>
      </symbol>
      <symbol id="sm-e1">
         <name>DAB_phaseSyncP1_S1CountDirection</name>
         <value>0xac57</value>
         <object_component_ref idref="oc-a3"/>
      </symbol>
      <symbol id="sm-e2">
         <name>INT_myCPUTIMER0_ISR</name>
         <value>0x9bc6</value>
         <object_component_ref idref="oc-22"/>
      </symbol>
      <symbol id="sm-e3">
         <name>uk</name>
         <value>0xac62</value>
         <object_component_ref idref="oc-a3"/>
      </symbol>
      <symbol id="sm-e4">
         <name>Ki_UP</name>
         <value>0xac4c</value>
         <object_component_ref idref="oc-a6"/>
      </symbol>
      <symbol id="sm-e5">
         <name>rk</name>
         <value>0xac46</value>
         <object_component_ref idref="oc-a6"/>
      </symbol>
      <symbol id="sm-e6">
         <name>DAB_pwmPhaseShift_P1_S1_ns</name>
         <value>0xac5a</value>
         <object_component_ref idref="oc-a3"/>
      </symbol>
      <symbol id="sm-e7">
         <name>Vout</name>
         <value>0xac64</value>
         <object_component_ref idref="oc-a3"/>
      </symbol>
      <symbol id="sm-e8">
         <name>main</name>
         <value>0x8b51</value>
         <object_component_ref idref="oc-16f"/>
      </symbol>
      <symbol id="sm-e9">
         <name>myADC0Results</name>
         <value>0xac58</value>
         <object_component_ref idref="oc-a3"/>
      </symbol>
      <symbol id="sm-ea">
         <name>previousDutyFine</name>
         <value>0xac44</value>
         <object_component_ref idref="oc-a6"/>
      </symbol>
      <symbol id="sm-eb">
         <name>Phase_pu</name>
         <value>0xac5e</value>
         <object_component_ref idref="oc-a3"/>
      </symbol>
      <symbol id="sm-ec">
         <name>DAB_pwmPhaseShiftP1_S1_HiResticks</name>
         <value>0xac56</value>
         <object_component_ref idref="oc-a3"/>
      </symbol>
      <symbol id="sm-ed">
         <name>dutyFine</name>
         <value>0xac42</value>
         <object_component_ref idref="oc-a6"/>
      </symbol>
      <symbol id="sm-ee">
         <name>DAB_pwmPhaseShift_P1_S1_ticks</name>
         <value>0xac5c</value>
         <object_component_ref idref="oc-a3"/>
      </symbol>
      <symbol id="sm-351">
         <name>INTERRUPT_init</name>
         <value>0x9bb9</value>
         <object_component_ref idref="oc-2e"/>
      </symbol>
      <symbol id="sm-352">
         <name>PinMux_init</name>
         <value>0x89ea</value>
         <object_component_ref idref="oc-235"/>
      </symbol>
      <symbol id="sm-353">
         <name>Board_init</name>
         <value>0x9b56</value>
         <object_component_ref idref="oc-1b2"/>
      </symbol>
      <symbol id="sm-354">
         <name>GPIO_init</name>
         <value>0x9ca3</value>
         <object_component_ref idref="oc-253"/>
      </symbol>
      <symbol id="sm-355">
         <name>ADC_init</name>
         <value>0x8ffd</value>
         <object_component_ref idref="oc-247"/>
      </symbol>
      <symbol id="sm-356">
         <name>myADC0_init</name>
         <value>0x8d30</value>
         <object_component_ref idref="oc-2e0"/>
      </symbol>
      <symbol id="sm-357">
         <name>SYNC_init</name>
         <value>0x9c49</value>
         <object_component_ref idref="oc-23b"/>
      </symbol>
      <symbol id="sm-358">
         <name>EPWM_init</name>
         <value>0x8000</value>
         <object_component_ref idref="oc-24d"/>
      </symbol>
      <symbol id="sm-359">
         <name>myGPIO0_init</name>
         <value>0x96cd</value>
         <object_component_ref idref="oc-3a8"/>
      </symbol>
      <symbol id="sm-35a">
         <name>ASYSCTL_init</name>
         <value>0x9c53</value>
         <object_component_ref idref="oc-241"/>
      </symbol>
      <symbol id="sm-36e">
         <name>CMD_RAM_init</name>
         <value>0x9ca9</value>
         <object_component_ref idref="oc-279"/>
      </symbol>
      <symbol id="sm-36f">
         <name>CMD_init</name>
         <value>0x97fd</value>
         <object_component_ref idref="oc-1f4"/>
      </symbol>
      <symbol id="sm-3aa">
         <name>MEP_ScaleFactor</name>
         <value>0xac74</value>
         <object_component_ref idref="oc-513"/>
      </symbol>
      <symbol id="sm-3ab">
         <name>PI_CONTROLLER</name>
         <value>0xac16</value>
         <object_component_ref idref="oc-71"/>
      </symbol>
      <symbol id="sm-3ac">
         <name>ePWM</name>
         <value>0xac2c</value>
         <object_component_ref idref="oc-516"/>
      </symbol>
      <symbol id="sm-3ad">
         <name>CONTROLLER_init</name>
         <value>0x9ca0</value>
         <object_component_ref idref="oc-261"/>
      </symbol>
      <symbol id="sm-3ae">
         <name>PI_CONTROLLER_sps</name>
         <value>0xac0a</value>
         <object_component_ref idref="oc-71"/>
      </symbol>
      <symbol id="sm-3af">
         <name>C2000Ware_libraries_init</name>
         <value>0x9c97</value>
         <object_component_ref idref="oc-1be"/>
      </symbol>
      <symbol id="sm-3b0">
         <name>HRPWM_SFO_init</name>
         <value>0x9ca6</value>
         <object_component_ref idref="oc-25b"/>
      </symbol>
      <symbol id="sm-3b1">
         <name>PI_CONTROLLER_css</name>
         <value>0xac00</value>
         <object_component_ref idref="oc-71"/>
      </symbol>
      <symbol id="sm-3b2">
         <name>PI_CONTROLLER_init</name>
         <value>0x9135</value>
         <object_component_ref idref="oc-3b6"/>
      </symbol>
      <symbol id="sm-3b3">
         <name>mySFO0_init</name>
         <value>0x9b44</value>
         <object_component_ref idref="oc-3af"/>
      </symbol>
      <symbol id="sm-3cd">
         <name>DCL_fupdateGSM</name>
         <value>0x98c2</value>
         <object_component_ref idref="oc-1d0"/>
      </symbol>
      <symbol id="sm-3ce">
         <name>DCL_fupdateDF11</name>
         <value>0x9862</value>
         <object_component_ref idref="oc-1d0"/>
      </symbol>
      <symbol id="sm-3cf">
         <name>DCL_fupdateDF13</name>
         <value>0x987a</value>
         <object_component_ref idref="oc-1d0"/>
      </symbol>
      <symbol id="sm-3d0">
         <name>DCL_fupdateDF23</name>
         <value>0x98aa</value>
         <object_component_ref idref="oc-1d0"/>
      </symbol>
      <symbol id="sm-3d1">
         <name>DCL_fupdateDF22</name>
         <value>0x9892</value>
         <object_component_ref idref="oc-1d0"/>
      </symbol>
      <symbol id="sm-3d2">
         <name>DCL_fupdatePI2</name>
         <value>0x9842</value>
         <object_component_ref idref="oc-1d0"/>
      </symbol>
      <symbol id="sm-3d3">
         <name>DCL_fupdatePID</name>
         <value>0x9800</value>
         <object_component_ref idref="oc-1d0"/>
      </symbol>
      <symbol id="sm-3d4">
         <name>DCL_fupdatePI</name>
         <value>0x981e</value>
         <object_component_ref idref="oc-1d0"/>
      </symbol>
      <symbol id="sm-3d5">
         <name>DCL_fupdateNLPID</name>
         <value>0x98da</value>
         <object_component_ref idref="oc-1d0"/>
      </symbol>
      <symbol id="sm-3dd">
         <name>DCL_runPI_C1</name>
         <value>0x98f8</value>
         <object_component_ref idref="oc-74"/>
      </symbol>
      <symbol id="sm-438">
         <name>Device_enableAllPeripherals</name>
         <value>0x8800</value>
         <object_component_ref idref="oc-219"/>
      </symbol>
      <symbol id="sm-439">
         <name>Device_initGPIO</name>
         <value>0x9b9a</value>
         <object_component_ref idref="oc-1a0"/>
      </symbol>
      <symbol id="sm-43a">
         <name>Device_init</name>
         <value>0x8e94</value>
         <object_component_ref idref="oc-19a"/>
      </symbol>
      <symbol id="sm-43b">
         <name>__error__</name>
         <value>0x9c8a</value>
         <object_component_ref idref="oc-d8"/>
      </symbol>
      <symbol id="sm-44a">
         <name>code_start</name>
         <value>0x0</value>
         <object_component_ref idref="oc-1d"/>
      </symbol>
      <symbol id="sm-471">
         <name>ADC_setOffsetTrimAll</name>
         <value>0x9296</value>
         <object_component_ref idref="oc-4e8"/>
      </symbol>
      <symbol id="sm-472">
         <name>ADC_setVREF</name>
         <value>0x92be</value>
         <object_component_ref idref="oc-430"/>
      </symbol>
      <symbol id="sm-4c3">
         <name>GPIO_setQualificationMode</name>
         <value>0x9037</value>
         <object_component_ref idref="oc-2b9"/>
      </symbol>
      <symbol id="sm-4c4">
         <name>GPIO_setPadConfig</name>
         <value>0x8c91</value>
         <object_component_ref idref="oc-2b3"/>
      </symbol>
      <symbol id="sm-4c5">
         <name>GPIO_setAnalogMode</name>
         <value>0x8bc2</value>
         <object_component_ref idref="oc-225"/>
      </symbol>
      <symbol id="sm-4c6">
         <name>GPIO_setDirectionMode</name>
         <value>0x90a5</value>
         <object_component_ref idref="oc-4ab"/>
      </symbol>
      <symbol id="sm-4c7">
         <name>GPIO_setPinConfig</name>
         <value>0x9000</value>
         <object_component_ref idref="oc-2ad"/>
      </symbol>
      <symbol id="sm-4c8">
         <name>GPIO_setControllerCore</name>
         <value>0x8fc6</value>
         <object_component_ref idref="oc-4b1"/>
      </symbol>
      <symbol id="sm-517">
         <name>Interrupt_defaultHandler</name>
         <value>0x9971</value>
         <object_component_ref idref="oc-34"/>
      </symbol>
      <symbol id="sm-518">
         <name>Interrupt_initModule</name>
         <value>0x8f52</value>
         <object_component_ref idref="oc-1a6"/>
      </symbol>
      <symbol id="sm-519">
         <name>Interrupt_nmiHandler</name>
         <value>0x9c3f</value>
         <object_component_ref idref="oc-46"/>
      </symbol>
      <symbol id="sm-51a">
         <name>Interrupt_enable</name>
         <value>0x906e</value>
         <object_component_ref idref="oc-b0"/>
      </symbol>
      <symbol id="sm-51b">
         <name>Interrupt_initVectorTable</name>
         <value>0x94fb</value>
         <object_component_ref idref="oc-35"/>
      </symbol>
      <symbol id="sm-51c">
         <name>Interrupt_illegalOperationHandler</name>
         <value>0x9c35</value>
         <object_component_ref idref="oc-40"/>
      </symbol>
      <symbol id="sm-62e">
         <name>SysCtl_isPLLValid</name>
         <value>0x86c6</value>
         <object_component_ref idref="oc-295"/>
      </symbol>
      <symbol id="sm-62f">
         <name>SysCtl_delay</name>
         <value>0x128</value>
         <object_component_ref idref="oc-288"/>
      </symbol>
      <symbol id="sm-630">
         <name>SysCtl_selectXTALSingleEnded</name>
         <value>0x9333</value>
         <object_component_ref idref="oc-3ca"/>
      </symbol>
      <symbol id="sm-631">
         <name>SysCtl_selectXTAL</name>
         <value>0x8e09</value>
         <object_component_ref idref="oc-3c4"/>
      </symbol>
      <symbol id="sm-632">
         <name>SysCtl_selectOscSource</name>
         <value>0x8ce3</value>
         <object_component_ref idref="oc-289"/>
      </symbol>
      <symbol id="sm-633">
         <name>SysCtl_getLowSpeedClock</name>
         <value>0x9668</value>
         <object_component_ref idref="oc-20d"/>
      </symbol>
      <symbol id="sm-634">
         <name>SysCtl_setClock</name>
         <value>0x85a3</value>
         <object_component_ref idref="oc-1fa"/>
      </symbol>
      <symbol id="sm-635">
         <name>SysCtl_getClock</name>
         <value>0x8c2c</value>
         <object_component_ref idref="oc-206"/>
      </symbol>
      <symbol id="sm-662">
         <name>MEP_SF</name>
         <value>0xac66</value>
         <object_component_ref idref="oc-510"/>
      </symbol>
      <symbol id="sm-663">
         <name>SFO_CAL</name>
         <value>0xac6f</value>
         <object_component_ref idref="oc-50c"/>
      </symbol>
      <symbol id="sm-664">
         <name>SFO</name>
         <value>0x83b2</value>
         <object_component_ref idref="oc-4b8"/>
      </symbol>
      <symbol id="sm-66e">
         <name>_c_int00</name>
         <value>0x97d0</value>
         <object_component_ref idref="oc-ce"/>
      </symbol>
      <symbol id="sm-66f">
         <name>__stack</name>
         <value>0x400</value>
         <object_component_ref idref="oc-4c"/>
      </symbol>
      <symbol id="sm-67c">
         <name>__c28xabi_divf</name>
         <value>0x8962</value>
         <object_component_ref idref="oc-3d2"/>
      </symbol>
      <symbol id="sm-68a">
         <name>_system_pre_init</name>
         <value>0x87fe</value>
         <object_component_ref idref="oc-11c"/>
      </symbol>
      <symbol id="sm-699">
         <name>__TI_auto_init_nobinit_nopinit</name>
         <value>0x9242</value>
         <object_component_ref idref="oc-13f"/>
      </symbol>
      <symbol id="sm-6a8">
         <name>__TI_zero_init_nomemset</name>
         <value>0x9bfa</value>
         <object_component_ref idref="oc-57"/>
      </symbol>
      <symbol id="sm-6b5">
         <name>__TI_decompress_none</name>
         <value>0x9c65</value>
         <object_component_ref idref="oc-16"/>
      </symbol>
      <symbol id="sm-6c9">
         <name>__TI_decompress_lzss</name>
         <value>0x90d6</value>
         <object_component_ref idref="oc-10"/>
      </symbol>
      <symbol id="sm-6df">
         <name>C$$EXIT</name>
         <value>0x926d</value>
         <object_component_ref idref="oc-129"/>
      </symbol>
      <symbol id="sm-6e0">
         <name>abort</name>
         <value>0x926d</value>
         <object_component_ref idref="oc-129"/>
      </symbol>
      <symbol id="sm-6e1">
         <name>exit</name>
         <value>0x926f</value>
         <object_component_ref idref="oc-129"/>
      </symbol>
      <symbol id="sm-6e2">
         <name>__TI_dtors_ptr</name>
         <value>0xac52</value>
         <object_component_ref idref="oc-177"/>
      </symbol>
      <symbol id="sm-6e3">
         <name>__TI_cleanup_ptr</name>
         <value>0xac50</value>
         <object_component_ref idref="oc-177"/>
      </symbol>
      <symbol id="sm-6e4">
         <name>__TI_enable_exit_profile_output</name>
         <value>0xac4e</value>
         <object_component_ref idref="oc-177"/>
      </symbol>
      <symbol id="sm-6fb">
         <name>_nop</name>
         <value>0x9c64</value>
         <object_component_ref idref="oc-1db"/>
      </symbol>
      <symbol id="sm-6fc">
         <name>_lock</name>
         <value>0xac3c</value>
         <object_component_ref idref="oc-17a"/>
      </symbol>
      <symbol id="sm-6fd">
         <name>_unlock</name>
         <value>0xac3e</value>
         <object_component_ref idref="oc-26b"/>
      </symbol>
      <symbol id="sm-6fe">
         <name>_register_lock</name>
         <value>0x9c60</value>
         <object_component_ref idref="oc-1db"/>
      </symbol>
      <symbol id="sm-6ff">
         <name>_register_unlock</name>
         <value>0x9c5c</value>
         <object_component_ref idref="oc-1db"/>
      </symbol>
      <symbol id="sm-70e">
         <name>_args_main</name>
         <value>0x9c13</value>
         <object_component_ref idref="oc-123"/>
      </symbol>
      <symbol id="sm-722">
         <name>memcpy</name>
         <value>0x958d</value>
         <object_component_ref idref="oc-4f"/>
      </symbol>
      <symbol id="sm-72f">
         <name>_system_post_cinit</name>
         <value>0x9caa</value>
         <object_component_ref idref="oc-185"/>
      </symbol>
      <symbol id="sm-731">
         <name>__c_args__</name>
         <value>0x0</value>
      </symbol>
   </symbol_table>
   <title>Link successful</title>
</link_info>
