******************************************************************************
             TMS320C2000 Linker PC v22.6.1                     
******************************************************************************
>> Linked Sun Dec 15 18:46:08 2024

OUTPUT FILE NAME:   <DAB_500W.out>
ENTRY POINT SYMBOL: "code_start"  address: 00000000


MEMORY CONFIGURATION

         name            origin    length      used     unused   attr    fill
----------------------  --------  ---------  --------  --------  ----  --------
  BEGIN                 00000000   00000002  00000002  00000000  RWIX
  BOOT_RSVD             00000002   00000126  00000000  00000126  RWIX
  RAMM0                 00000128   000002d8  00000026  000002b2  RWIX
  RAMM1                 00000400   000003f8  00000200  000001f8  RWIX
  RAMLS0                00008000   00000800  00000800  00000000  RWIX
  RAMLS1                00008800   00000800  00000800  00000000  RWIX
  RAMLS2                00009000   00000800  00000645  000001bb  RWIX
  RAMLS3                00009800   00000800  00000000  00000800  RWIX
  RAMLS4                0000a000   00000800  00000000  00000800  RWIX
  RAMLS5                0000a800   00000800  00000312  000004ee  RWIX
  RAMLS6_7              0000b000   00001000  00000000  00001000  RWIX
  RAMGS0                0000c000   00001000  00000000  00001000  RWIX
  RAMGS1                0000d000   00001000  00000000  00001000  RWIX
  RAMGS2                0000e000   00001000  00000000  00001000  RWIX
  RAMGS3                0000f000   00000ff8  00000000  00000ff8  RWIX
  FLASH_BANK0_SEC0      00080002   00000ffe  00000000  00000ffe  RWIX
  FLASH_BANK0_SEC1      00081000   00001000  00000000  00001000  RWIX
  FLASH_BANK0_SEC2      00082000   00001000  00000000  00001000  RWIX
  FLASH_BANK0_SEC3      00083000   00001000  00000000  00001000  RWIX
  FLASH_BANK0_SEC4      00084000   00001000  00000000  00001000  RWIX
  FLASH_BANK0_SEC5      00085000   00001000  00000000  00001000  RWIX
  FLASH_BANK0_SEC6      00086000   00001000  00000000  00001000  RWIX
  FLASH_BANK0_SEC7      00087000   00001000  00000000  00001000  RWIX
  FLASH_BANK0_SEC8      00088000   00001000  00000000  00001000  RWIX
  FLASH_BANK0_SEC9      00089000   00001000  00000000  00001000  RWIX
  FLASH_BANK0_SEC10     0008a000   00001000  00000000  00001000  RWIX
  FLASH_BANK0_SEC11     0008b000   00001000  00000000  00001000  RWIX
  FLASH_BANK0_SEC12     0008c000   00001000  00000000  00001000  RWIX
  FLASH_BANK0_SEC13     0008d000   00001000  00000000  00001000  RWIX
  FLASH_BANK0_SEC14     0008e000   00001000  00000000  00001000  RWIX
  FLASH_BANK0_SEC15     0008f000   00001000  00000000  00001000  RWIX
  FLASH_BANK1_SEC0      00090000   00001000  00000000  00001000  RWIX
  FLASH_BANK1_SEC1      00091000   00001000  00000000  00001000  RWIX
  FLASH_BANK1_SEC2      00092000   00001000  00000000  00001000  RWIX
  FLASH_BANK1_SEC3      00093000   00001000  00000000  00001000  RWIX
  FLASH_BANK1_SEC4      00094000   00001000  00000000  00001000  RWIX
  FLASH_BANK1_SEC5      00095000   00001000  00000000  00001000  RWIX
  FLASH_BANK1_SEC6      00096000   00001000  00000000  00001000  RWIX
  FLASH_BANK1_SEC7      00097000   00001000  00000000  00001000  RWIX
  FLASH_BANK1_SEC8      00098000   00001000  00000000  00001000  RWIX
  FLASH_BANK1_SEC9      00099000   00001000  00000000  00001000  RWIX
  FLASH_BANK1_SEC10     0009a000   00001000  00000000  00001000  RWIX
  FLASH_BANK1_SEC11     0009b000   00001000  00000000  00001000  RWIX
  FLASH_BANK1_SEC12     0009c000   00001000  00000000  00001000  RWIX
  FLASH_BANK1_SEC13     0009d000   00001000  00000000  00001000  RWIX
  FLASH_BANK1_SEC14     0009e000   00001000  00000000  00001000  RWIX
  FLASH_BANK1_SEC15     0009f000   00001000  00000000  00001000  RWIX
  FLASH_BANK2_SEC0      000a0000   00001000  00000000  00001000  RWIX
  FLASH_BANK2_SEC1      000a1000   00001000  00000000  00001000  RWIX
  FLASH_BANK2_SEC2      000a2000   00001000  00000000  00001000  RWIX
  FLASH_BANK2_SEC3      000a3000   00001000  00000000  00001000  RWIX
  FLASH_BANK2_SEC4      000a4000   00001000  00000000  00001000  RWIX
  FLASH_BANK2_SEC5      000a5000   00001000  00000000  00001000  RWIX
  FLASH_BANK2_SEC6      000a6000   00001000  00000000  00001000  RWIX
  FLASH_BANK2_SEC7      000a7000   00001000  00000000  00001000  RWIX
  FLASH_BANK2_SEC8      000a8000   00001000  00000000  00001000  RWIX
  FLASH_BANK2_SEC9      000a9000   00001000  00000000  00001000  RWIX
  FLASH_BANK2_SEC10     000aa000   00001000  00000000  00001000  RWIX
  FLASH_BANK2_SEC11     000ab000   00001000  00000000  00001000  RWIX
  FLASH_BANK2_SEC12     000ac000   00001000  00000000  00001000  RWIX
  FLASH_BANK2_SEC13     000ad000   00001000  00000000  00001000  RWIX
  FLASH_BANK2_SEC14     000ae000   00001000  00000000  00001000  RWIX
  FLASH_BANK2_SEC15     000af000   00000ff0  00000000  00000ff0  RWIX
  SECURE_ROM            003f2000   00006000  00000000  00006000  RWIX
  BOOTROM               003f8000   00007fc0  00000000  00007fc0  RWIX
  RESET                 003fffc0   00000002  00000000  00000002  RWIX


SECTION ALLOCATION MAP

 output                                  attributes/
section   page    origin      length       input sections
--------  ----  ----------  ----------   ----------------
codestart 
*          0    00000000    00000002     
                  00000000    00000002     f28003x_codestartbranch.obj (codestart)

.TI.ramfunc 
*          0    00000128    00000004     
                  00000128    00000004     driverlib.lib : sysctl.obj (.TI.ramfunc)

.cinit     0    0000012c    00000022     
                  0000012c    0000000f     (.cinit..data.load) [load image, compression = lzss]
                  0000013b    00000001     --HOLE-- [fill = 0]
                  0000013c    00000006     (__TI_handler_table)
                  00000142    00000004     (.cinit..bss.load) [load image, compression = zero_init]
                  00000146    00000008     (__TI_cinit_table)

.reset     0    003fffc0    00000000     DSECT

.stack     0    00000400    00000200     UNINITIALIZED
                  00000400    00000200     --HOLE--

.bss       0    0000a800    0000001a     UNINITIALIZED
                  0000a800    0000000c     DAB_500W.obj (.bss)
                  0000a80c    00000009     SFO_v8_fpu_lib_build_c28_driverlib_eabi.lib : SFO_v8_fpu_lib_build_c28_driverlib.obj (.bss:MEP_SF)
                  0000a815    00000005                                                 : SFO_v8_fpu_lib_build_c28_driverlib.obj (.bss)

.init_array 
*          0    00000128    00000000     UNINITIALIZED

.data      0    0000a81a    00000015     UNINITIALIZED
                  0000a81a    00000006     DAB_500W.obj (.data:ePWM)
                  0000a820    00000006     rts2800_fpu32_eabi.lib : exit.c.obj (.data)
                  0000a826    00000004     DAB_500W.obj (.data)
                  0000a82a    00000002     rts2800_fpu32_eabi.lib : _lock.c.obj (.data:_lock)
                  0000a82c    00000002                            : _lock.c.obj (.data:_unlock)
                  0000a82e    00000001     SFO_v8_fpu_lib_build_c28_driverlib_eabi.lib : SFO_v8_fpu_lib_build_c28_driverlib.obj (.data)

.const     0    0000a830    000002e3     
                  0000a830    000000cd     board.obj (.const:.string)
                  0000a8fd    00000001     --HOLE-- [fill = 0]
                  0000a8fe    0000009a     driverlib.lib : sysctl.obj (.const:.string)
                  0000a998    00000098                   : gpio.obj (.const:.string)
                  0000aa30    00000089     DAB_500W.obj (.const:.string)
                  0000aab9    00000001     --HOLE-- [fill = 0]
                  0000aaba    00000059     device.obj (.const:.string)

.text.1    0    00008000    00000800     
                  00008000    0000038c     board.obj (.text:EPWM_init)
                  0000838c    000001f1     SFO_v8_fpu_lib_build_c28_driverlib_eabi.lib : SFO_v8_fpu_lib_build_c28_driverlib.obj (.text)
                  0000857d    00000123     driverlib.lib : sysctl.obj (.text:SysCtl_setClock)
                  000086a0    000000fe                   : sysctl.obj (.text:SysCtl_isPLLValid)
                  0000879e    00000052                   : gpio.obj (.text:GPIO_setPadConfig)
                  000087f0    00000010     device.obj (.text:Device_initGPIO)

.text.2    0    00008800    00000800     
                  00008800    000000ce     device.obj (.text:Device_enableAllPeripherals)
                  000088ce    00000088     rts2800_fpu32_eabi.lib : fs_div28.asm.obj (.text)
                  00008956    00000078     DAB_500W.obj (.text:main)
                  000089ce    00000077     board.obj (.text:PinMux_init)
                  00008a45    00000073     driverlib.lib : sysctl.obj (.text:DCC_setCounterSeeds)
                  00008ab8    0000006a                   : gpio.obj (.text:GPIO_setAnalogMode)
                  00008b22    00000065                   : sysctl.obj (.text:SysCtl_getClock)
                  00008b87    0000004d                   : sysctl.obj (.text:SysCtl_selectOscSource)
                  00008bd4    00000049     DAB_500W.obj (.text:DAB_calculatePWMDutyPeriodPhaseShiftTicks)
                  00008c1d    00000046     driverlib.lib : sysctl.obj (.text:SysCtl_selectXTAL)
                  00008c63    00000045                   : sysctl.obj (.text:SysCtl_pollX1Counter)
                  00008ca8    00000040     board.obj (.text:EPWM_setActionQualifierAction)
                  00008ce8    0000003e     device.obj (.text:Device_init)
                  00008d26    0000003e     board.obj (.text:EPWM_setCounterCompareShadowLoadMode)
                  00008d64    0000003d     driverlib.lib : interrupt.obj (.text:Interrupt_initModule)
                  00008da1    00000037     board.obj (.text:EPWM_setFallingEdgeDeadBandDelayInput)
                  00008dd8    00000037     driverlib.lib : gpio.obj (.text:GPIO_setControllerCore)
                  00008e0f    00000037                   : gpio.obj (.text:GPIO_setPinConfig)
                  00008e46    00000037                   : gpio.obj (.text:GPIO_setQualificationMode)
                  00008e7d    00000031                   : gpio.obj (.text:GPIO_setDirectionMode)
                  00008eae    00000030     rts2800_fpu32_eabi.lib : copy_decompress_lzss.c.obj (.text:decompress:lzss)
                  00008ede    0000002e     board.obj (.text:EPWM_setDeadBandOutputSwapMode)
                  00008f0c    0000002c     board.obj (.text:EPWM_setDeadBandDelayMode)
                  00008f38    0000002b     DAB_500W.obj (.text:EPWM_isBaseValid)
                  00008f63    0000002b     board.obj (.text:EPWM_isBaseValid)
                  00008f8e    0000002b     rts2800_fpu32_eabi.lib : autoinit.c.obj (.text:__TI_auto_init_nobinit_nopinit)
                  00008fb9    00000029                            : exit.c.obj (.text)
                  00008fe2    0000001e     driverlib.lib : sysctl.obj (.text:DCC_setCounter0ClkSource)

.text.3    0    00009000    00000645     
                  00009000    00000027     board.obj (.text:GPIO_writePin)
                  00009027    00000027     board.obj (.text:HRPWM_setCounterCompareShadowLoadEvent)
                  0000904e    00000025     driverlib.lib : sysctl.obj (.text:SysCtl_selectXTALSingleEnded)
                  00009073    00000024                   : sysctl.obj (.text:DCC_enableSingleShotMode)
                  00009097    00000024     board.obj (.text:EPWM_setDeadBandDelayPolarity)
                  000090bb    00000022     board.obj (.text:EPWM_setCounterCompareValue)
                  000090dd    00000022     board.obj (.text:HRPWM_setMEPEdgeSelect)
                  000090ff    0000001f     board.obj (.text:EPWM_setFallingEdgeDelayCountShadowLoadMode)
                  0000911e    0000001f     board.obj (.text:EPWM_setRisingEdgeDelayCountShadowLoadMode)
                  0000913d    0000001f     DAB_500W.obj (.text:HRPWM_setPhaseShift)
                  0000915c    0000001f     board.obj (.text:HRPWM_setPhaseShift)
                  0000917b    0000001e     driverlib.lib : sysctl.obj (.text:DCC_setCounter1ClkSource)
                  00009199    0000001e     board.obj (.text:EPWM_setPhaseShift)
                  000091b7    0000001e     driverlib.lib : interrupt.obj (.text:Interrupt_initVectorTable)
                  000091d5    0000001d     board.obj (.text:EPWM_enableSyncOutPulseSource)
                  000091f2    0000001d     board.obj (.text:EPWM_setFallingEdgeDelayCount)
                  0000920f    0000001d     board.obj (.text:EPWM_setRisingEdgeDelayCount)
                  0000922c    0000001d     rts2800_fpu32_eabi.lib : memcpy.c.obj (.text)
                  00009249    0000001c     board.obj (.text:EPWM_setClockPrescaler)
                  00009265    0000001b     DAB_500W.obj (.text:HRPWM_isBaseValid)
                  00009280    0000001b     board.obj (.text:HRPWM_isBaseValid)
                  0000929b    0000001a     driverlib.lib : sysctl.obj (.text:SysCtl_getLowSpeedClock)
                  000092b5    00000019     DAB_500W.obj (.text:EPWM_setCountModeAfterSync)
                  000092ce    00000019     board.obj (.text:EPWM_setCountModeAfterSync)
                  000092e7    00000019     driverlib.lib : sysctl.obj (.text:SysCtl_setPLLSysClk)
                  00009300    00000019     board.obj (.text:myGPIO0_init)
                  00009319    00000018     board.obj (.text:EPWM_disableFallingEdgeDelayCountShadowLoadMode)
                  00009331    00000018     board.obj (.text:EPWM_disableRisingEdgeDelayCountShadowLoadMode)
                  00009349    00000018     DAB_500W.obj (.text:SysCtl_disablePeripheral)
                  00009361    00000017     DAB_500W.obj (.text:SysCtl_enablePeripheral)
                  00009378    00000017     device.obj (.text:SysCtl_enablePeripheral)
                  0000938f    00000017     driverlib.lib : sysctl.obj (.text:SysCtl_enablePeripheral)
                  000093a6    00000017     rts2800_fpu32_eabi.lib : boot28.asm.obj (.text)
                  000093bd    00000016     driverlib.lib : sysctl.obj (.text:DCC_disableDoneSignal)
                  000093d3    00000016     board.obj (.text:EPWM_setSyncInPulseSource)
                  000093e9    00000016     driverlib.lib : interrupt.obj (.text:Interrupt_defaultHandler)
                  000093ff    00000015                   : sysctl.obj (.text:DCC_clearDoneFlag)
                  00009414    00000015                   : sysctl.obj (.text:DCC_clearErrorFlag)
                  00009429    00000015                   : sysctl.obj (.text:DCC_disableErrorSignal)
                  0000943e    00000015                   : sysctl.obj (.text:DCC_isBaseValid)
                  00009453    00000015     device.obj (.text:GPIO_unlockPortConfig)
                  00009468    00000015     board.obj (.text:HRPWM_disablePhaseShiftLoad)
                  0000947d    00000015     board.obj (.text:HRPWM_enableAutoConversion)
                  00009492    00000015     board.obj (.text:HRPWM_enablePeriodControl)
                  000094a7    00000015     DAB_500W.obj (.text:HRPWM_enablePhaseShiftLoad)
                  000094bc    00000014     driverlib.lib : sysctl.obj (.text:DCC_disableModule)
                  000094d0    00000014                   : sysctl.obj (.text:DCC_enableModule)
                  000094e4    00000014     board.obj (.text:EPWM_setTimeBaseCounterMode)
                  000094f8    00000014     board.obj (.text:EPWM_setTimeBasePeriod)
                  0000950c    00000014     board.obj (.text:GPIO_isPinValid)
                  00009520    00000014     driverlib.lib : gpio.obj (.text:GPIO_isPinValid)
                  00009534    00000012     board.obj (.text:EPWM_setTimeBaseCounter)
                  00009546    00000012     board.obj (.text:SysCtl_setSyncOutputConfig)
                  00009558    00000011     board.obj (.text:EPWM_disablePhaseShiftLoad)
                  00009569    00000011     DAB_500W.obj (.text:EPWM_enablePhaseShiftLoad)
                  0000957a    00000011     board.obj (.text:EPWM_enablePhaseShiftLoad)
                  0000958b    0000000d     driverlib.lib : interrupt.obj (.text:Interrupt_disableGlobal)
                  00009598    0000000d     device.obj (.text:SysCtl_setLowSpeedClock)
                  000095a5    0000000d     rts2800_fpu32_eabi.lib : copy_zero_init.c.obj (.text:decompress:ZI:__TI_zero_init_nomemset)
                  000095b2    0000000c     board.obj (.text:SysCtl_enableExtADCSOCSource)
                  000095be    0000000c     rts2800_fpu32_eabi.lib : args_main.c.obj (.text)
                  000095ca    0000000b     board.obj (.text:Board_init)
                  000095d5    0000000b     device.obj (.text:SysCtl_disableWatchdog)
                  000095e0    0000000b     driverlib.lib : sysctl.obj (.text:SysCtl_isMCDClockFailureDetected)
                  000095eb    0000000a                   : interrupt.obj (.text:Interrupt_illegalOperationHandler)
                  000095f5    0000000a                   : interrupt.obj (.text:Interrupt_nmiHandler)
                  000095ff    0000000a     board.obj (.text:SYNC_init)
                  00009609    00000009     rts2800_fpu32_eabi.lib : _lock.c.obj (.text)
                  00009612    00000008                            : copy_decompress_none.c.obj (.text:decompress:none)
                  0000961a    00000008     f28003x_codestartbranch.obj (.text)
                  00009622    00000007     device.obj (.text:ASysCtl_lockVREG)
                  00009629    00000007     driverlib.lib : sysctl.obj (.text:SysCtl_resetMCD)
                  00009630    00000007     device.obj (.text:__error__)
                  00009637    00000004     device.obj (.text:SysCtl_deviceCal)
                  0000963b    00000003     board.obj (.text:GPIO_init)
                  0000963e    00000003     DAB_500W.obj (.text:error)
                  00009641    00000002     rts2800_fpu32_eabi.lib : pre_init.c.obj (.text)
                  00009643    00000001     c2000ware_libraries.obj (.text:C2000Ware_libraries_init)
                  00009644    00000001     rts2800_fpu32_eabi.lib : startup.c.obj (.text)

MODULE SUMMARY

       Module                                   code   ro data   rw data
       ------                                   ----   -------   -------
    .\
       DAB_500W.obj                             407    137       22     
    +--+----------------------------------------+------+---------+---------+
       Total:                                   407    137       22     
                                                                        
    .\device\
       device.obj                               370    89        0      
       f28003x_codestartbranch.obj              10     0         0      
    +--+----------------------------------------+------+---------+---------+
       Total:                                   380    89        0      
                                                                        
    .\syscfg\
       board.obj                                2137   205       0      
       c2000ware_libraries.obj                  1      0         0      
    +--+----------------------------------------+------+---------+---------+
       Total:                                   2138   205       0      
                                                                        
    D:/ti/c2000/C2000Ware_5_04_00_00/driverlib/f28003x/driverlib/ccs/Debug/driverlib.lib
       sysctl.obj                               1352   154       0      
       gpio.obj                                 422    152       0      
       interrupt.obj                            146    0         0      
    +--+----------------------------------------+------+---------+---------+
       Total:                                   1920   306       0      
                                                                        
    D:\ti\c2000\C2000Ware_5_04_00_00\libraries\calibration\hrpwm\f28003x\lib\SFO_v8_fpu_lib_build_c28_driverlib_eabi.lib
       SFO_v8_fpu_lib_build_c28_driverlib.obj   497    0         15     
    +--+----------------------------------------+------+---------+---------+
       Total:                                   497    0         15     
                                                                        
    D:\ti\ccs1250\ccs\tools\compiler\ti-cgt-c2000_22.6.1.LTS\lib\rts2800_fpu32_eabi.lib
       fs_div28.asm.obj                         136    0         0      
       copy_decompress_lzss.c.obj               48     0         0      
       exit.c.obj                               41     0         6      
       autoinit.c.obj                           43     0         0      
       memcpy.c.obj                             29     0         0      
       boot28.asm.obj                           23     0         0      
       _lock.c.obj                              9      0         4      
       copy_zero_init.c.obj                     13     0         0      
       args_main.c.obj                          12     0         0      
       copy_decompress_none.c.obj               8      0         0      
       pre_init.c.obj                           2      0         0      
       startup.c.obj                            1      0         0      
    +--+----------------------------------------+------+---------+---------+
       Total:                                   365    0         10     
                                                                        
       Stack:                                   0      0         512    
       Linker Generated:                        0      33        0      
    +--+----------------------------------------+------+---------+---------+
       Grand Total:                             5707   770       559    


LINKER GENERATED COPY TABLES

__TI_cinit_table @ 00000146 records: 2, size/record: 4, table size: 8
	.data: load addr=0000012c, load size=0000000f bytes, run addr=0000a81a, run size=00000015 bytes, compression=lzss
	.bss: load addr=00000142, load size=00000004 bytes, run addr=0000a800, run size=0000001a bytes, compression=zero_init


LINKER GENERATED HANDLER TABLE

__TI_handler_table @ 0000013c records: 3, size/record: 2, table size: 6
	index: 0, handler: __TI_zero_init
	index: 1, handler: __TI_decompress_lzss
	index: 2, handler: __TI_decompress_none


GLOBAL DATA SYMBOLS: SORTED BY DATA PAGE

address     data page           name
--------    ----------------    ----
00000400      10 (00000400)     __stack

0000a800     2a0 (0000a800)     status
0000a801     2a0 (0000a800)     DAB_pwmPhaseShiftP1_S1_HiResticks
0000a802     2a0 (0000a800)     DAB_phaseSyncP1_S1CountDirection
0000a803     2a0 (0000a800)     MEP_ScaleFactor
0000a804     2a0 (0000a800)     DAB_pwmPhaseShift_P1_S1_ns
0000a806     2a0 (0000a800)     DAB_pwmPhaseShift_P1_S1_ticks
0000a808     2a0 (0000a800)     Phase_pu
0000a80a     2a0 (0000a800)     HR_Phase_ticks
0000a80c     2a0 (0000a800)     MEP_SF
0000a815     2a0 (0000a800)     SFO_CAL
0000a81a     2a0 (0000a800)     ePWM
0000a820     2a0 (0000a800)     __TI_enable_exit_profile_output
0000a822     2a0 (0000a800)     __TI_cleanup_ptr
0000a824     2a0 (0000a800)     __TI_dtors_ptr
0000a826     2a0 (0000a800)     dutyFine
0000a828     2a0 (0000a800)     previousDutyFine
0000a82a     2a0 (0000a800)     _lock
0000a82c     2a0 (0000a800)     _unlock


GLOBAL SYMBOLS: SORTED ALPHABETICALLY BY Name 

page  address   name                                     
----  -------   ----                                     
0     000095ca  Board_init                               
0     00008fb9  C$$EXIT                                  
0     00009643  C2000Ware_libraries_init                 
0     00008bd4  DAB_calculatePWMDutyPeriodPhaseShiftTicks
0     0000a802  DAB_phaseSyncP1_S1CountDirection         
0     0000a801  DAB_pwmPhaseShiftP1_S1_HiResticks        
0     0000a804  DAB_pwmPhaseShift_P1_S1_ns               
0     0000a806  DAB_pwmPhaseShift_P1_S1_ticks            
0     00008800  Device_enableAllPeripherals              
0     00008ce8  Device_init                              
0     000087f0  Device_initGPIO                          
0     00008000  EPWM_init                                
0     0000963b  GPIO_init                                
0     00008ab8  GPIO_setAnalogMode                       
0     00008dd8  GPIO_setControllerCore                   
0     00008e7d  GPIO_setDirectionMode                    
0     0000879e  GPIO_setPadConfig                        
0     00008e0f  GPIO_setPinConfig                        
0     00008e46  GPIO_setQualificationMode                
0     0000a80a  HR_Phase_ticks                           
0     000093e9  Interrupt_defaultHandler                 
0     000095eb  Interrupt_illegalOperationHandler        
0     00008d64  Interrupt_initModule                     
0     000091b7  Interrupt_initVectorTable                
0     000095f5  Interrupt_nmiHandler                     
0     0000a80c  MEP_SF                                   
0     0000a803  MEP_ScaleFactor                          
0     0000a808  Phase_pu                                 
0     000089ce  PinMux_init                              
0     0000838c  SFO                                      
0     0000a815  SFO_CAL                                  
0     000095ff  SYNC_init                                
0     00000128  SysCtl_delay                             
0     00008b22  SysCtl_getClock                          
0     0000929b  SysCtl_getLowSpeedClock                  
0     000086a0  SysCtl_isPLLValid                        
0     00008b87  SysCtl_selectOscSource                   
0     00008c1d  SysCtl_selectXTAL                        
0     0000904e  SysCtl_selectXTALSingleEnded             
0     0000857d  SysCtl_setClock                          
0     00000146  __TI_CINIT_Base                          
0     0000014e  __TI_CINIT_Limit                         
0     0000014e  __TI_CINIT_Warm                          
0     0000013c  __TI_Handler_Table_Base                  
0     00000142  __TI_Handler_Table_Limit                 
0     00000600  __TI_STACK_END                           
abs   00000200  __TI_STACK_SIZE                          
0     00008f8e  __TI_auto_init_nobinit_nopinit           
0     0000a822  __TI_cleanup_ptr                         
0     00008eae  __TI_decompress_lzss                     
0     00009612  __TI_decompress_none                     
0     0000a824  __TI_dtors_ptr                           
0     0000a820  __TI_enable_exit_profile_output          
abs   ffffffff  __TI_pprof_out_hndl                      
abs   ffffffff  __TI_prof_data_size                      
abs   ffffffff  __TI_prof_data_start                     
0     000095a5  __TI_zero_init_nomemset                  
0     000088ce  __c28xabi_divf                           
n/a   UNDEFED   __c_args__                               
0     00009630  __error__                                
0     00000400  __stack                                  
0     000095be  _args_main                               
0     000093a6  _c_int00                                 
0     0000a82a  _lock                                    
0     00009611  _nop                                     
0     0000960d  _register_lock                           
0     00009609  _register_unlock                         
0     00009644  _system_post_cinit                       
0     00009641  _system_pre_init                         
0     0000a82c  _unlock                                  
0     00008fb9  abort                                    
0     00000000  code_start                               
0     0000a826  dutyFine                                 
0     0000a81a  ePWM                                     
0     0000963e  error                                    
0     00008fbb  exit                                     
0     00008956  main                                     
0     0000922c  memcpy                                   
0     00009300  myGPIO0_init                             
0     0000a828  previousDutyFine                         
0     0000a800  status                                   


GLOBAL SYMBOLS: SORTED BY Symbol Address 

page  address   name                                     
----  -------   ----                                     
0     00000000  code_start                               
0     00000128  SysCtl_delay                             
0     0000013c  __TI_Handler_Table_Base                  
0     00000142  __TI_Handler_Table_Limit                 
0     00000146  __TI_CINIT_Base                          
0     0000014e  __TI_CINIT_Limit                         
0     0000014e  __TI_CINIT_Warm                          
0     00000400  __stack                                  
0     00000600  __TI_STACK_END                           
0     00008000  EPWM_init                                
0     0000838c  SFO                                      
0     0000857d  SysCtl_setClock                          
0     000086a0  SysCtl_isPLLValid                        
0     0000879e  GPIO_setPadConfig                        
0     000087f0  Device_initGPIO                          
0     00008800  Device_enableAllPeripherals              
0     000088ce  __c28xabi_divf                           
0     00008956  main                                     
0     000089ce  PinMux_init                              
0     00008ab8  GPIO_setAnalogMode                       
0     00008b22  SysCtl_getClock                          
0     00008b87  SysCtl_selectOscSource                   
0     00008bd4  DAB_calculatePWMDutyPeriodPhaseShiftTicks
0     00008c1d  SysCtl_selectXTAL                        
0     00008ce8  Device_init                              
0     00008d64  Interrupt_initModule                     
0     00008dd8  GPIO_setControllerCore                   
0     00008e0f  GPIO_setPinConfig                        
0     00008e46  GPIO_setQualificationMode                
0     00008e7d  GPIO_setDirectionMode                    
0     00008eae  __TI_decompress_lzss                     
0     00008f8e  __TI_auto_init_nobinit_nopinit           
0     00008fb9  C$$EXIT                                  
0     00008fb9  abort                                    
0     00008fbb  exit                                     
0     0000904e  SysCtl_selectXTALSingleEnded             
0     000091b7  Interrupt_initVectorTable                
0     0000922c  memcpy                                   
0     0000929b  SysCtl_getLowSpeedClock                  
0     00009300  myGPIO0_init                             
0     000093a6  _c_int00                                 
0     000093e9  Interrupt_defaultHandler                 
0     000095a5  __TI_zero_init_nomemset                  
0     000095be  _args_main                               
0     000095ca  Board_init                               
0     000095eb  Interrupt_illegalOperationHandler        
0     000095f5  Interrupt_nmiHandler                     
0     000095ff  SYNC_init                                
0     00009609  _register_unlock                         
0     0000960d  _register_lock                           
0     00009611  _nop                                     
0     00009612  __TI_decompress_none                     
0     00009630  __error__                                
0     0000963b  GPIO_init                                
0     0000963e  error                                    
0     00009641  _system_pre_init                         
0     00009643  C2000Ware_libraries_init                 
0     00009644  _system_post_cinit                       
0     0000a800  status                                   
0     0000a801  DAB_pwmPhaseShiftP1_S1_HiResticks        
0     0000a802  DAB_phaseSyncP1_S1CountDirection         
0     0000a803  MEP_ScaleFactor                          
0     0000a804  DAB_pwmPhaseShift_P1_S1_ns               
0     0000a806  DAB_pwmPhaseShift_P1_S1_ticks            
0     0000a808  Phase_pu                                 
0     0000a80a  HR_Phase_ticks                           
0     0000a80c  MEP_SF                                   
0     0000a815  SFO_CAL                                  
0     0000a81a  ePWM                                     
0     0000a820  __TI_enable_exit_profile_output          
0     0000a822  __TI_cleanup_ptr                         
0     0000a824  __TI_dtors_ptr                           
0     0000a826  dutyFine                                 
0     0000a828  previousDutyFine                         
0     0000a82a  _lock                                    
0     0000a82c  _unlock                                  
abs   00000200  __TI_STACK_SIZE                          
abs   ffffffff  __TI_pprof_out_hndl                      
abs   ffffffff  __TI_prof_data_size                      
abs   ffffffff  __TI_prof_data_start                     
n/a   UNDEFED   __c_args__                               

[81 symbols]
