******************************************************************************
             TMS320C2000 Linker PC v22.6.1                     
******************************************************************************
>> Linked Wed Jan 22 11:44:59 2025

OUTPUT FILE NAME:   <DAB_500W.out>
ENTRY POINT SYMBOL: "code_start"  address: 00080000


MEMORY CONFIGURATION

         name            origin    length      used     unused   attr    fill
----------------------  --------  ---------  --------  --------  ----  --------
  RAMM0                 00000128   000002d8  00000000  000002d8  RWIX
  RAMM1                 00000400   000003f8  00000200  000001f8  RWIX
  CLATOCPU_MSGRAM       00001480   00000080  00000000  00000080  RWIX
  CPUTOCLA_MSGRAM       00001500   00000080  00000000  00000080  RWIX
  CLATODMA_MSGRAM       00001680   00000080  00000000  00000080  RWIX
  DMATOCLA_MSGRAM       00001700   00000080  00000000  00000080  RWIX
  RAMLS0                00008000   00000800  0000012e  000006d2  RWIX
  RAMLS1                00008800   00000800  00000000  00000800  RWIX
  RAMLS2                00009000   00000800  00000000  00000800  RWIX
  RAMLS3                00009800   00000800  00000000  00000800  RWIX
  RAMLS4                0000a000   00000800  00000000  00000800  RWIX
  RAMLS5                0000a800   00000800  00000074  0000078c  RWIX
  RAMLS6                0000b000   00000800  00000000  00000800  RWIX
  RAMLS7                0000b800   00000800  0000012f  000006d1  RWIX
  RAMGS0                0000c000   00001000  00000000  00001000  RWIX
  RAMGS1                0000d000   00001000  00000000  00001000  RWIX
  RAMGS2                0000e000   00001000  00000000  00001000  RWIX
  RAMGS3                0000f000   00000ff8  00000000  00000ff8  RWIX
  FLASH_BANK0_SEC0      00080000   00001000  00000002  00000ffe  RWIX
  FLASH_BANK0_SEC1      00081000   00001000  0000017c  00000e84  RWIX
  FLASH_BANK0_SEC2      00082000   00001000  00001000  00000000  RWIX
  FLASH_BANK0_SEC3      00083000   00001000  00001000  00000000  RWIX
  FLASH_BANK0_SEC4      00084000   00001000  00000736  000008ca  RWIX
  FLASH_BANK0_SEC5      00085000   00001000  00000000  00001000  RWIX
  FLASH_BANK0_SEC6      00086000   00001000  00000000  00001000  RWIX
  FLASH_BANK0_SEC7      00087000   00001000  00000000  00001000  RWIX
  FLASH_BANK0_SEC8      00088000   00001000  00000000  00001000  RWIX
  FLASH_BANK0_SEC9      00089000   00001000  00000000  00001000  RWIX
  FLASH_BANK0_SEC10     0008a000   00001000  00000000  00001000  RWIX
  FLASH_BANK0_SEC11     0008b000   00001000  00000000  00001000  RWIX
  FLASH_BANK0_SEC12     0008c000   00001000  00000000  00001000  RWIX
  FLASH_BANK0_SEC13     0008d000   00001000  00000000  00001000  RWIX
  FLASH_BANK0_SEC14     0008e000   00001000  00000000  00001000  RWIX
  FLASH_BANK0_SEC15     0008f000   00001000  00000000  00001000  RWIX
  FLASH_BANK1_SEC0      00090000   00001000  00000000  00001000  RWIX
  FLASH_BANK1_SEC1      00091000   00001000  00000000  00001000  RWIX
  FLASH_BANK1_SEC2      00092000   00001000  00000000  00001000  RWIX
  FLASH_BANK1_SEC3      00093000   00001000  00000000  00001000  RWIX
  FLASH_BANK1_SEC4      00094000   00001000  00000000  00001000  RWIX
  FLASH_BANK1_SEC5      00095000   00001000  00000000  00001000  RWIX
  FLASH_BANK1_SEC6      00096000   00001000  00000000  00001000  RWIX
  FLASH_BANK1_SEC7      00097000   00001000  00000000  00001000  RWIX
  FLASH_BANK1_SEC8      00098000   00001000  00000000  00001000  RWIX
  FLASH_BANK1_SEC9      00099000   00001000  00000000  00001000  RWIX
  FLASH_BANK1_SEC10     0009a000   00001000  00000000  00001000  RWIX
  FLASH_BANK1_SEC11     0009b000   00001000  00000000  00001000  RWIX
  FLASH_BANK1_SEC12     0009c000   00001000  00000000  00001000  RWIX
  FLASH_BANK1_SEC13     0009d000   00001000  00000000  00001000  RWIX
  FLASH_BANK1_SEC14     0009e000   00001000  00000000  00001000  RWIX
  FLASH_BANK1_SEC15     0009f000   00001000  00000000  00001000  RWIX
  FLASH_BANK2_SEC0      000a0000   00001000  00000000  00001000  RWIX
  FLASH_BANK2_SEC1      000a1000   00001000  00000000  00001000  RWIX
  FLASH_BANK2_SEC2      000a2000   00001000  00000000  00001000  RWIX
  FLASH_BANK2_SEC3      000a3000   00001000  00000000  00001000  RWIX
  FLASH_BANK2_SEC4      000a4000   00001000  00000000  00001000  RWIX
  FLASH_BANK2_SEC5      000a5000   00001000  00000000  00001000  RWIX
  FLASH_BANK2_SEC6      000a6000   00001000  00000000  00001000  RWIX
  FLASH_BANK2_SEC7      000a7000   00001000  00000000  00001000  RWIX
  FLASH_BANK2_SEC8      000a8000   00001000  00000000  00001000  RWIX
  FLASH_BANK2_SEC9      000a9000   00001000  00000000  00001000  RWIX
  FLASH_BANK2_SEC10     000aa000   00001000  0000012f  00000ed1  RWIX
  FLASH_BANK2_SEC11     000ab000   00001000  00000000  00001000  RWIX
  FLASH_BANK2_SEC12     000ac000   00001000  00000000  00001000  RWIX
  FLASH_BANK2_SEC13     000ad000   00001000  00000000  00001000  RWIX
  FLASH_BANK2_SEC14     000ae000   00001000  00000000  00001000  RWIX
  FLASH_BANK2_SEC15     000af000   00000ff0  00000000  00000ff0  RWIX
  RESET                 003fffc0   00000002  00000000  00000002  RWIX


SECTION ALLOCATION MAP

 output                                  attributes/
section   page    origin      length       input sections
--------  ----  ----------  ----------   ----------------
.reset     0    003fffc0    00000000     DSECT

.stack     0    00000400    00000200     UNINITIALIZED
                  00000400    00000200     --HOLE--

.data      0    0000a800    00000055     UNINITIALIZED
                  0000a800    0000002c     c2000ware_libraries.obj (.data)
                  0000a82c    00000010     c2000ware_libraries.obj (.data:ePWM)
                  0000a83c    00000002     rts2800_fpu32_eabi.lib : _lock.c.obj (.data:_lock)
                  0000a83e    00000002                            : _lock.c.obj (.data:_unlock)
                  0000a840    0000000e     DAB_500W.obj (.data)
                  0000a84e    00000006     rts2800_fpu32_eabi.lib : exit.c.obj (.data)
                  0000a854    00000001     SFO_v8_fpu_lib_build_c28_driverlib_eabi.lib : SFO_v8_fpu_lib_build_c28_driverlib.obj (.data)

codestart 
*          0    00080000    00000002     
                  00080000    00000002     f28003x_codestartbranch.obj (codestart)

.TI.ramfunc 
*          0    00081000    0000012e     RUN ADDR = 00008000
                  00081000    00000049     driverlib.lib : flash.obj (.TI.ramfunc:Flash_initModule)
                  00081049    0000002c                   : flash.obj (.TI.ramfunc:Flash_setBankPowerMode)
                  00081075    00000024                   : flash.obj (.TI.ramfunc:Flash_setWaitstates)
                  00081099    0000001d                   : flash.obj (.TI.ramfunc:Flash_setPumpPowerMode)
                  000810b6    00000018                   : flash.obj (.TI.ramfunc:Flash_disableCache)
                  000810ce    00000018                   : flash.obj (.TI.ramfunc:Flash_disablePrefetch)
                  000810e6    00000017                   : flash.obj (.TI.ramfunc:Flash_enableCache)
                  000810fd    00000017                   : flash.obj (.TI.ramfunc:Flash_enablePrefetch)
                  00081114    00000016                   : flash.obj (.TI.ramfunc:Flash_enableECC)
                  0008112a    00000004                   : sysctl.obj (.TI.ramfunc)

.cinit     0    00081130    0000003e     
                  00081130    0000002c     (.cinit..data.load) [load image, compression = lzss]
                  0008115c    00000006     (__TI_handler_table)
                  00081162    00000004     (.cinit..bss.load) [load image, compression = zero_init]
                  00081166    00000008     (__TI_cinit_table)

.binit     0    00081170    00000008     
                  00081170    00000008     (.binit)

.ovly      0    00081178    00000008     
                  00081178    00000008     (.ovly:copyTable_dclfuncs_FLASH)

.init_array 
*          0    00081000    00000000     UNINITIALIZED

.bss       0    0000a856    0000001f     UNINITIALIZED
                  0000a856    00000010     DAB_500W.obj (.bss)
                  0000a866    00000009     SFO_v8_fpu_lib_build_c28_driverlib_eabi.lib : SFO_v8_fpu_lib_build_c28_driverlib.obj (.bss:MEP_SF)
                  0000a86f    00000005                                                 : SFO_v8_fpu_lib_build_c28_driverlib.obj (.bss)
                  0000a874    00000001     c2000ware_libraries.obj (.bss)

.const     0    00084000    00000653     
                  00084000    0000019e     board.obj (.const:.string)
                  0008419e    00000112     DAB_500W.obj (.const:.string)
                  000842b0    0000009b     driverlib.lib : flash.obj (.const:.string)
                  0008434b    00000001     --HOLE-- [fill = 0]
                  0008434c    0000009a                   : sysctl.obj (.const:.string)
                  000843e6    00000098                   : epwm.obj (.const:.string)
                  0008447e    00000098                   : gpio.obj (.const:.string)
                  00084516    00000098                   : sdfm.obj (.const:.string)
                  000845ae    00000059     device.obj (.const:.string)
                  00084607    00000001     --HOLE-- [fill = 0]
                  00084608    0000004b     driverlib.lib : adc.obj (.const:.string)

dclfuncs_FLASH 
*          0    000aa000    0000012f     RUN ADDR = 0000b800
                  000aa000    000000f8     DCL_futils.obj (dclfuncs)
                  000aa0f8    00000037     DCL_PI_C1.obj (dclfuncs)

.text.1    0    00082000    00001000     
                  00082000    0000046e     board.obj (.text:EPWM_init)
                  0008246e    000001f1     SFO_v8_fpu_lib_build_c28_driverlib_eabi.lib : SFO_v8_fpu_lib_build_c28_driverlib.obj (.text)
                  0008265f    00000123     driverlib.lib : sysctl.obj (.text:SysCtl_setClock)
                  00082782    000000fe                   : sysctl.obj (.text:SysCtl_isPLLValid)
                  00082880    000000e0     board.obj (.text:PinMux_init)
                  00082960    000000ce     device.obj (.text:Device_enableAllPeripherals)
                  00082a2e    00000094     DAB_500W.obj (.text:INT_myADC0_1_ISR)
                  00082ac2    00000088     rts2800_fpu32_eabi.lib : fs_div28.asm.obj (.text)
                  00082b4a    00000075     board.obj (.text:EPWM_setADCTriggerSource)
                  00082bbf    00000073     driverlib.lib : sysctl.obj (.text:DCC_setCounterSeeds)
                  00082c32    0000006b     DAB_500W.obj (.text:main)
                  00082c9d    0000006a     driverlib.lib : gpio.obj (.text:GPIO_setAnalogMode)
                  00082d07    00000065                   : sysctl.obj (.text:SysCtl_getClock)
                  00082d6c    0000005f     DAB_500W.obj (.text:INT_mySDFM0_DR1_ISR)
                  00082dcb    00000052     driverlib.lib : gpio.obj (.text:GPIO_setPadConfig)
                  00082e1d    0000004d                   : sysctl.obj (.text:SysCtl_selectOscSource)
                  00082e6a    0000004a     board.obj (.text:myADC0_init)
                  00082eb4    00000049     DAB_500W.obj (.text:DAB_calculatePWMDutyPeriodPhaseShiftTicks)
                  00082efd    00000049     device.obj (.text:Device_init)
                  00082f46    00000049     driverlib.lib : sdfm.obj (.text:SDFM_configDataFilterFIFO)
                  00082f8f    00000046     board.obj (.text:ADC_setupSOC)
                  00082fd5    0000002b     DAB_500W.obj (.text:EPWM_isBaseValid)

.text.2    0    00083000    00001000     
                  00083000    00000046     driverlib.lib : sysctl.obj (.text:SysCtl_selectXTAL)
                  00083046    00000045                   : sysctl.obj (.text:SysCtl_pollX1Counter)
                  0008308b    00000040     board.obj (.text:EPWM_setActionQualifierAction)
                  000830cb    0000003e     board.obj (.text:EPWM_setCounterCompareShadowLoadMode)
                  00083109    0000003d     driverlib.lib : interrupt.obj (.text:Interrupt_initModule)
                  00083146    0000003a     board.obj (.text:EPWM_setADCTriggerEventPrescale)
                  00083180    00000037     board.obj (.text:EPWM_setFallingEdgeDeadBandDelayInput)
                  000831b7    00000037     driverlib.lib : gpio.obj (.text:GPIO_setControllerCore)
                  000831ee    00000037                   : gpio.obj (.text:GPIO_setPinConfig)
                  00083225    00000037                   : gpio.obj (.text:GPIO_setQualificationMode)
                  0008325c    00000037                   : interrupt.obj (.text:Interrupt_enable)
                  00083293    00000034     rts2800_fpu32_eabi.lib : autoinit.c.obj (.text:__TI_auto_init_nopinit)
                  000832c7    00000034     board.obj (.text:mySDFM0_init)
                  000832fb    00000031     driverlib.lib : gpio.obj (.text:GPIO_setDirectionMode)
                  0008332c    00000031     board.obj (.text:SDFM_enableInterrupt)
                  0008335d    00000030     rts2800_fpu32_eabi.lib : copy_decompress_lzss.c.obj (.text:decompress:lzss)
                  0008338d    00000030                            : cpy_tbl.c.obj (.text)
                  000833bd    0000002f     board.obj (.text:ADC_setInterruptSource)
                  000833ec    0000002f     c2000ware_libraries.obj (.text:PI_CONTROLLER_init)
                  0008341b    0000002e     board.obj (.text:ADC_setInterruptSOCTrigger)
                  00083449    0000002e     board.obj (.text:EPWM_setDeadBandOutputSwapMode)
                  00083477    0000002c     board.obj (.text:EPWM_setDeadBandDelayMode)
                  000834a3    0000002b     board.obj (.text:EPWM_isBaseValid)
                  000834ce    0000002b     driverlib.lib : epwm.obj (.text:EPWM_isBaseValid)
                  000834f9    00000029                   : sdfm.obj (.text:SDFM_setDataShiftValue)
                  00083522    00000029     rts2800_fpu32_eabi.lib : exit.c.obj (.text)
                  0008354b    00000028     driverlib.lib : adc.obj (.text:ADC_setOffsetTrimAll)
                  00083573    00000027                   : adc.obj (.text:ADC_setVREF)
                  0008359a    00000027     board.obj (.text:GPIO_writePin)
                  000835c1    00000027     board.obj (.text:HRPWM_setCounterCompareShadowLoadEvent)
                  000835e8    00000026     driverlib.lib : sdfm.obj (.text:SDFM_setFIFOInterruptLevel)
                  0008360e    00000026                   : sdfm.obj (.text:SDFM_setFilterOverSamplingRatio)
                  00083634    00000025                   : sysctl.obj (.text:SysCtl_selectXTALSingleEnded)
                  00083659    00000024                   : sysctl.obj (.text:DCC_enableSingleShotMode)
                  0008367d    00000024     board.obj (.text:EPWM_setDeadBandDelayPolarity)
                  000836a1    00000024     board.obj (.text:SDFM_setupModulatorClock)
                  000836c5    00000023     DAB_500W.obj (.text:SDFM_getFIFOISRStatus)
                  000836e8    00000023     DAB_500W.obj (.text:SDFM_getNewFilterDataStatus)
                  0008370b    00000022     board.obj (.text:EPWM_setCounterCompareValue)
                  0008372d    00000022     board.obj (.text:HRPWM_setMEPEdgeSelect)
                  0008374f    00000021     board.obj (.text:ADC_disableContinuousMode)
                  00083770    00000020     board.obj (.text:ADC_enableInterrupt)
                  00083790    00000020     board.obj (.text:SDFM_setDataReadyInterruptSource)
                  000837b0    00000020     driverlib.lib : sdfm.obj (.text:SDFM_setFilterType)
                  000837d0    00000020     DAB_500W.obj (.text:SDFM_setOutputDataFormat)
                  000837f0    00000020     driverlib.lib : sdfm.obj (.text:SDFM_setOutputDataFormat)
                  00083810    0000001f     board.obj (.text:EPWM_setFallingEdgeDelayCountShadowLoadMode)
                  0008382f    0000001f     board.obj (.text:EPWM_setRisingEdgeDelayCountShadowLoadMode)
                  0008384e    0000001f     DAB_500W.obj (.text:HRPWM_setPhaseShift)
                  0008386d    0000001f     board.obj (.text:HRPWM_setPhaseShift)
                  0008388c    0000001f     DAB_500W.obj (.text:SDFM_clearInterruptFlag)
                  000838ab    0000001e     driverlib.lib : sysctl.obj (.text:DCC_setCounter0ClkSource)
                  000838c9    0000001e                   : sysctl.obj (.text:DCC_setCounter1ClkSource)
                  000838e7    0000001e     board.obj (.text:EPWM_setPhaseShift)
                  00083905    0000001e     driverlib.lib : interrupt.obj (.text:Interrupt_initVectorTable)
                  00083923    0000001d     DAB_500W.obj (.text:ADC_getInterruptOverflowStatus)
                  00083940    0000001d     board.obj (.text:EPWM_enableSyncOutPulseSource)
                  0008395d    0000001d     board.obj (.text:EPWM_setFallingEdgeDelayCount)
                  0008397a    0000001d     board.obj (.text:EPWM_setRisingEdgeDelayCount)
                  00083997    0000001d     board.obj (.text:SDFM_selectClockSource)
                  000839b4    0000001d     rts2800_fpu32_eabi.lib : memcpy.c.obj (.text)
                  000839d1    0000001c     board.obj (.text:ADC_setSOCPriority)
                  000839ed    0000001c     board.obj (.text:EPWM_enableADCTrigger)
                  00083a09    0000001c     board.obj (.text:EPWM_setClockPrescaler)
                  00083a25    0000001b     DAB_500W.obj (.text:HRPWM_isBaseValid)
                  00083a40    0000001b     board.obj (.text:HRPWM_isBaseValid)
                  00083a5b    0000001a     DAB_500W.obj (.text:ADC_readResult)
                  00083a75    0000001a     board.obj (.text:ASysCtl_setAnalogReference1P65)
                  00083a8f    0000001a     board.obj (.text:SDFM_enableSynchronizer)
                  00083aa9    0000001a     driverlib.lib : sysctl.obj (.text:SysCtl_getLowSpeedClock)
                  00083ac3    00000019     DAB_500W.obj (.text:EPWM_setCountModeAfterSync)
                  00083adc    00000019     board.obj (.text:EPWM_setCountModeAfterSync)
                  00083af5    00000019     board.obj (.text:INTERRUPT_init)
                  00083b0e    00000019     driverlib.lib : sdfm.obj (.text:SDFM_disableFilter)
                  00083b27    00000019                   : sdfm.obj (.text:SDFM_enableFIFOBuffer)
                  00083b40    00000019                   : sdfm.obj (.text:SDFM_enableFilter)
                  00083b59    00000019                   : sysctl.obj (.text:SysCtl_setPLLSysClk)
                  00083b72    00000019     board.obj (.text:myGPIO0_init)
                  00083b8b    00000018     board.obj (.text:ASysCtl_setAnalogReferenceInternal)
                  00083ba3    00000018     board.obj (.text:EPWM_disableFallingEdgeDelayCountShadowLoadMode)
                  00083bbb    00000018     board.obj (.text:EPWM_disableRisingEdgeDelayCountShadowLoadMode)
                  00083bd3    00000018     DAB_500W.obj (.text:SysCtl_disablePeripheral)
                  00083beb    00000017     DAB_500W.obj (.text:ADC_isBaseValid)
                  00083c02    00000017     board.obj (.text:ADC_isBaseValid)
                  00083c19    00000017     driverlib.lib : adc.obj (.text:ADC_isBaseValid)
                  00083c30    00000017     DAB_500W.obj (.text:SysCtl_enablePeripheral)
                  00083c47    00000017     device.obj (.text:SysCtl_enablePeripheral)
                  00083c5e    00000017     driverlib.lib : sysctl.obj (.text:SysCtl_enablePeripheral)
                  00083c75    00000017     rts2800_fpu32_eabi.lib : boot28.asm.obj (.text)
                  00083c8c    00000016     board.obj (.text:ADC_setInterruptPulseMode)
                  00083ca2    00000016     board.obj (.text:ADC_setPrescaler)
                  00083cb8    00000016     driverlib.lib : sysctl.obj (.text:DCC_disableDoneSignal)
                  00083cce    00000016                   : epwm.obj (.text:EPWM_setEmulationMode)
                  00083ce4    00000016     board.obj (.text:EPWM_setSyncInPulseSource)
                  00083cfa    00000016     driverlib.lib : interrupt.obj (.text:Interrupt_defaultHandler)
                  00083d10    00000016     DAB_500W.obj (.text:SDFM_getFIFOData)
                  00083d26    00000016     DAB_500W.obj (.text:SDFM_getFilterData)
                  00083d3c    00000015     board.obj (.text:ADC_disableBurstMode)
                  00083d51    00000015     driverlib.lib : sysctl.obj (.text:DCC_clearDoneFlag)
                  00083d66    00000015                   : sysctl.obj (.text:DCC_clearErrorFlag)
                  00083d7b    00000015                   : sysctl.obj (.text:DCC_disableErrorSignal)
                  00083d90    00000015                   : sysctl.obj (.text:DCC_isBaseValid)
                  00083da5    00000015     device.obj (.text:GPIO_unlockPortConfig)
                  00083dba    00000015     board.obj (.text:HRPWM_disablePhaseShiftLoad)
                  00083dcf    00000015     board.obj (.text:HRPWM_enableAutoConversion)
                  00083de4    00000015     board.obj (.text:HRPWM_enablePeriodControl)
                  00083df9    00000015     DAB_500W.obj (.text:HRPWM_enablePhaseShiftLoad)
                  00083e0e    00000015     board.obj (.text:SDFM_enableMainFilter)
                  00083e23    00000015     board.obj (.text:SDFM_enableMainInterrupt)
                  00083e38    00000014     DAB_500W.obj (.text:ADC_clearInterruptOverflowStatus)
                  00083e4c    00000014     DAB_500W.obj (.text:ADC_clearInterruptStatus)
                  00083e60    00000014     board.obj (.text:ADC_clearInterruptStatus)
                  00083e74    00000014     driverlib.lib : sysctl.obj (.text:DCC_disableModule)
                  00083e88    00000014                   : sysctl.obj (.text:DCC_enableModule)
                  00083e9c    00000014     board.obj (.text:EPWM_setTimeBaseCounterMode)
                  00083eb0    00000014     board.obj (.text:EPWM_setTimeBasePeriod)
                  00083ec4    00000014     board.obj (.text:GPIO_isPinValid)
                  00083ed8    00000014     driverlib.lib : gpio.obj (.text:GPIO_isPinValid)
                  00083eec    00000013     board.obj (.text:ADC_enableConverter)
                  00083eff    00000013     board.obj (.text:Board_init)
                  00083f12    00000013     DAB_500W.obj (.text:SDFM_isBaseValid)
                  00083f25    00000013     board.obj (.text:SDFM_isBaseValid)
                  00083f38    00000013     driverlib.lib : sdfm.obj (.text:SDFM_isBaseValid)
                  00083f4b    00000012     board.obj (.text:EPWM_setTimeBaseCounter)
                  00083f5d    00000012     board.obj (.text:SysCtl_setSyncOutputConfig)
                  00083f6f    00000012     c2000ware_libraries.obj (.text:mySFO0_init)
                  00083f81    00000011     board.obj (.text:EPWM_disablePhaseShiftLoad)
                  00083f92    00000011     DAB_500W.obj (.text:EPWM_enablePhaseShiftLoad)
                  00083fa3    00000011     board.obj (.text:EPWM_enablePhaseShiftLoad)
                  00083fb4    00000010     device.obj (.text:Device_initGPIO)
                  00083fc4    00000010     driverlib.lib : flash.obj (.text:Flash_isCtrlBaseValid)
                  00083fd4    00000010                   : flash.obj (.text:Flash_isECCBaseValid)
                  00083fe4    0000000f     board.obj (.text:Interrupt_register)
                  00083ff3    0000000d     DAB_500W.obj (.text:INT_myCPUTIMER0_ISR)

.text.3    0    00084658    000000e3     
                  00084658    0000000d     driverlib.lib : interrupt.obj (.text:Interrupt_disableGlobal)
                  00084665    0000000d                   : interrupt.obj (.text:Interrupt_enableGlobal)
                  00084672    0000000d     device.obj (.text:SysCtl_setLowSpeedClock)
                  0008467f    0000000d     rts2800_fpu32_eabi.lib : copy_zero_init.c.obj (.text:decompress:ZI:__TI_zero_init_nomemset)
                  0008468c    0000000c     board.obj (.text:SysCtl_enableExtADCSOCSource)
                  00084698    0000000c     rts2800_fpu32_eabi.lib : args_main.c.obj (.text)
                  000846a4    0000000b     device.obj (.text:SysCtl_disableWatchdog)
                  000846af    0000000b     driverlib.lib : sysctl.obj (.text:SysCtl_isMCDClockFailureDetected)
                  000846ba    0000000a                   : interrupt.obj (.text:Interrupt_illegalOperationHandler)
                  000846c4    0000000a                   : interrupt.obj (.text:Interrupt_nmiHandler)
                  000846ce    0000000a     board.obj (.text:SYNC_init)
                  000846d8    00000009     board.obj (.text:ASYSCTL_init)
                  000846e1    00000009     rts2800_fpu32_eabi.lib : _lock.c.obj (.text)
                  000846ea    00000008                            : copy_decompress_none.c.obj (.text:decompress:none)
                  000846f2    00000008     f28003x_codestartbranch.obj (.text)
                  000846fa    00000007     board.obj (.text:ASysCtl_disableTemperatureSensor)
                  00084701    00000007     device.obj (.text:ASysCtl_lockVREG)
                  00084708    00000007     driverlib.lib : sysctl.obj (.text:SysCtl_resetMCD)
                  0008470f    00000007     device.obj (.text:__error__)
                  00084716    00000006     DAB_500W.obj (.text:Interrupt_clearACKGroup)
                  0008471c    00000005     c2000ware_libraries.obj (.text:C2000Ware_libraries_init)
                  00084721    00000005     device_cmd.obj (.text:CMD_FLASH_init)
                  00084726    00000003     board.obj (.text:ADC_init)
                  00084729    00000003     device_cmd.obj (.text:CMD_init)
                  0008472c    00000003     c2000ware_libraries.obj (.text:CONTROLLER_init)
                  0008472f    00000003     board.obj (.text:GPIO_init)
                  00084732    00000003     c2000ware_libraries.obj (.text:HRPWM_SFO_init)
                  00084735    00000003     board.obj (.text:SD_init)
                  00084738    00000002     rts2800_fpu32_eabi.lib : pre_init.c.obj (.text)
                  0008473a    00000001                            : startup.c.obj (.text)

MODULE SUMMARY

       Module                                   code   ro data   rw data
       ------                                   ----   -------   -------
    .\
       DAB_500W.obj                             967    274       30     
       DCL_futils.obj                           496    0         0      
       DCL_PI_C1.obj                            110    0         0      
    +--+----------------------------------------+------+---------+---------+
       Total:                                   1573   274       30     
                                                                        
    .\device\
       device.obj                               377    89        0      
       f28003x_codestartbranch.obj              10     0         0      
    +--+----------------------------------------+------+---------+---------+
       Total:                                   387    89        0      
                                                                        
    .\syscfg\
       board.obj                                3533   414       0      
       c2000ware_libraries.obj                  76     0         61     
       device_cmd.obj                           8      0         0      
    +--+----------------------------------------+------+---------+---------+
       Total:                                   3617   414       61     
                                                                        
    D:/ti/c2000/C2000Ware_5_04_00_00/driverlib/f28003x/driverlib/ccs/Debug/driverlib.lib
       sysctl.obj                               1356   154       0      
       flash.obj                                628    155       0      
       gpio.obj                                 422    152       0      
       sdfm.obj                                 348    152       0      
       epwm.obj                                 65     152       0      
       interrupt.obj                            214    0         0      
       adc.obj                                  102    75        0      
    +--+----------------------------------------+------+---------+---------+
       Total:                                   3135   840       0      
                                                                        
    D:\ti\c2000\C2000Ware_5_04_00_00\libraries\calibration\hrpwm\f28003x\lib\SFO_v8_fpu_lib_build_c28_driverlib_eabi.lib
       SFO_v8_fpu_lib_build_c28_driverlib.obj   497    0         15     
    +--+----------------------------------------+------+---------+---------+
       Total:                                   497    0         15     
                                                                        
    D:\ti\ccs1281\ccs\tools\compiler\ti-cgt-c2000_22.6.1.LTS\lib\rts2800_fpu32_eabi.lib
       fs_div28.asm.obj                         136    0         0      
       autoinit.c.obj                           52     0         0      
       copy_decompress_lzss.c.obj               48     0         0      
       cpy_tbl.c.obj                            48     0         0      
       exit.c.obj                               41     0         6      
       memcpy.c.obj                             29     0         0      
       boot28.asm.obj                           23     0         0      
       _lock.c.obj                              9      0         4      
       copy_zero_init.c.obj                     13     0         0      
       args_main.c.obj                          12     0         0      
       copy_decompress_none.c.obj               8      0         0      
       pre_init.c.obj                           2      0         0      
       startup.c.obj                            1      0         0      
    +--+----------------------------------------+------+---------+---------+
       Total:                                   422    0         10     
                                                                        
       Stack:                                   0      0         512    
       Linker Generated:                        0      78        0      
    +--+----------------------------------------+------+---------+---------+
       Grand Total:                             9631   1695      628    


LINKER GENERATED COPY TABLES

__TI_cinit_table @ 00081166 records: 2, size/record: 4, table size: 8
	.data: load addr=00081130, load size=0000002c bytes, run addr=0000a800, run size=00000055 bytes, compression=lzss
	.bss: load addr=00081162, load size=00000004 bytes, run addr=0000a856, run size=0000001f bytes, compression=zero_init
binit @ 00081170 records: 1, size/record: 6, table size: 8
	.TI.ramfunc: load addr=00081000, load size=0000012e, run addr=00008000, run size=0000012e, compression=none
copyTable_dclfuncs_FLASH @ 00081178 records: 1, size/record: 6, table size: 8
	dclfuncs_FLASH: load addr=000aa000, load size=0000012f, run addr=0000b800, run size=0000012f, compression=none


LINKER GENERATED HANDLER TABLE

__TI_handler_table @ 0008115c records: 3, size/record: 2, table size: 6
	index: 0, handler: __TI_zero_init
	index: 1, handler: __TI_decompress_lzss
	index: 2, handler: __TI_decompress_none


GLOBAL DATA SYMBOLS: SORTED BY DATA PAGE

address     data page           name
--------    ----------------    ----
00000400      10 (00000400)     __stack

0000a800     2a0 (0000a800)     PI_CONTROLLER_css
0000a80a     2a0 (0000a800)     PI_CONTROLLER_sps
0000a816     2a0 (0000a800)     PI_CONTROLLER
0000a82c     2a0 (0000a800)     ePWM
0000a83c     2a0 (0000a800)     _lock
0000a83e     2a0 (0000a800)     _unlock

0000a840     2a1 (0000a840)     PWM_EN8
0000a842     2a1 (0000a840)     dutyFine
0000a844     2a1 (0000a840)     previousDutyFine
0000a846     2a1 (0000a840)     rk
0000a848     2a1 (0000a840)     yk
0000a84a     2a1 (0000a840)     Kp_UP
0000a84c     2a1 (0000a840)     Ki_UP
0000a84e     2a1 (0000a840)     __TI_enable_exit_profile_output
0000a850     2a1 (0000a840)     __TI_cleanup_ptr
0000a852     2a1 (0000a840)     __TI_dtors_ptr
0000a856     2a1 (0000a840)     DAB_pwmPhaseShiftP1_S1_HiResticks
0000a857     2a1 (0000a840)     DAB_phaseSyncP1_S1CountDirection
0000a858     2a1 (0000a840)     myADC0Results
0000a859     2a1 (0000a840)     filter1Result
0000a85a     2a1 (0000a840)     DAB_pwmPhaseShift_P1_S1_ns
0000a85c     2a1 (0000a840)     DAB_pwmPhaseShift_P1_S1_ticks
0000a85e     2a1 (0000a840)     Phase_pu
0000a860     2a1 (0000a840)     HR_Phase_ticks
0000a862     2a1 (0000a840)     uk
0000a864     2a1 (0000a840)     Vout
0000a866     2a1 (0000a840)     MEP_SF
0000a86f     2a1 (0000a840)     SFO_CAL
0000a874     2a1 (0000a840)     MEP_ScaleFactor


GLOBAL SYMBOLS: SORTED ALPHABETICALLY BY Name 

page  address   name                                     
----  -------   ----                                     
0     00084726  ADC_init                                 
0     0008354b  ADC_setOffsetTrimAll                     
0     00083573  ADC_setVREF                              
0     000846d8  ASYSCTL_init                             
0     00083eff  Board_init                               
0     00083522  C$$EXIT                                  
0     0008471c  C2000Ware_libraries_init                 
0     00084721  CMD_FLASH_init                           
0     00084729  CMD_init                                 
0     0008472c  CONTROLLER_init                          
0     00082eb4  DAB_calculatePWMDutyPeriodPhaseShiftTicks
0     0000a857  DAB_phaseSyncP1_S1CountDirection         
0     0000a856  DAB_pwmPhaseShiftP1_S1_HiResticks        
0     0000a85a  DAB_pwmPhaseShift_P1_S1_ns               
0     0000a85c  DAB_pwmPhaseShift_P1_S1_ticks            
0     0000b862  DCL_fupdateDF11                          
0     0000b87a  DCL_fupdateDF13                          
0     0000b892  DCL_fupdateDF22                          
0     0000b8aa  DCL_fupdateDF23                          
0     0000b8c2  DCL_fupdateGSM                           
0     0000b8da  DCL_fupdateNLPID                         
0     0000b81e  DCL_fupdatePI                            
0     0000b842  DCL_fupdatePI2                           
0     0000b800  DCL_fupdatePID                           
0     0000b8f8  DCL_runPI_C1                             
0     00082960  Device_enableAllPeripherals              
0     00082efd  Device_init                              
0     00083fb4  Device_initGPIO                          
0     00082000  EPWM_init                                
0     00083cce  EPWM_setEmulationMode                    
0     00008000  Flash_initModule                         
0     0008472f  GPIO_init                                
0     00082c9d  GPIO_setAnalogMode                       
0     000831b7  GPIO_setControllerCore                   
0     000832fb  GPIO_setDirectionMode                    
0     00082dcb  GPIO_setPadConfig                        
0     000831ee  GPIO_setPinConfig                        
0     00083225  GPIO_setQualificationMode                
0     00084732  HRPWM_SFO_init                           
0     0000a860  HR_Phase_ticks                           
0     00083af5  INTERRUPT_init                           
0     00082a2e  INT_myADC0_1_ISR                         
0     00083ff3  INT_myCPUTIMER0_ISR                      
0     00082d6c  INT_mySDFM0_DR1_ISR                      
0     00083cfa  Interrupt_defaultHandler                 
0     0008325c  Interrupt_enable                         
0     000846ba  Interrupt_illegalOperationHandler        
0     00083109  Interrupt_initModule                     
0     00083905  Interrupt_initVectorTable                
0     000846c4  Interrupt_nmiHandler                     
0     0000a84c  Ki_UP                                    
0     0000a84a  Kp_UP                                    
0     0000a866  MEP_SF                                   
0     0000a874  MEP_ScaleFactor                          
0     0000a816  PI_CONTROLLER                            
0     0000a800  PI_CONTROLLER_css                        
0     000833ec  PI_CONTROLLER_init                       
0     0000a80a  PI_CONTROLLER_sps                        
0     0000a840  PWM_EN8                                  
0     0000a85e  Phase_pu                                 
0     00082880  PinMux_init                              
0     00082f46  SDFM_configDataFilterFIFO                
0     00084735  SD_init                                  
0     0008246e  SFO                                      
0     0000a86f  SFO_CAL                                  
0     000846ce  SYNC_init                                
0     0000812a  SysCtl_delay                             
0     00082d07  SysCtl_getClock                          
0     00083aa9  SysCtl_getLowSpeedClock                  
0     00082782  SysCtl_isPLLValid                        
0     00082e1d  SysCtl_selectOscSource                   
0     00083000  SysCtl_selectXTAL                        
0     00083634  SysCtl_selectXTALSingleEnded             
0     0008265f  SysCtl_setClock                          
0     0000a864  Vout                                     
0     00081170  __TI_BINIT_Base                          
0     00081178  __TI_BINIT_Limit                         
0     00081166  __TI_CINIT_Base                          
0     0008116e  __TI_CINIT_Limit                         
0     0008116e  __TI_CINIT_Warm                          
0     0008115c  __TI_Handler_Table_Base                  
0     00081162  __TI_Handler_Table_Limit                 
0     00000600  __TI_STACK_END                           
abs   00000200  __TI_STACK_SIZE                          
0     00083293  __TI_auto_init_nopinit                   
0     0000a850  __TI_cleanup_ptr                         
0     0008335d  __TI_decompress_lzss                     
0     000846ea  __TI_decompress_none                     
0     0000a852  __TI_dtors_ptr                           
0     0000a84e  __TI_enable_exit_profile_output          
abs   ffffffff  __TI_pprof_out_hndl                      
abs   ffffffff  __TI_prof_data_size                      
abs   ffffffff  __TI_prof_data_start                     
0     00081170  __TI_table_binit                         
0     00081178  __TI_table_copyTable_dclfuncs_FLASH      
0     0008467f  __TI_zero_init_nomemset                  
0     00082ac2  __c28xabi_divf                           
n/a   UNDEFED   __c_args__                               
0     0008470f  __error__                                
0     00000400  __stack                                  
0     00084698  _args_main                               
0     00083c75  _c_int00                                 
0     0000a83c  _lock                                    
0     000846e9  _nop                                     
0     000846e5  _register_lock                           
0     000846e1  _register_unlock                         
0     0008473a  _system_post_cinit                       
0     00084738  _system_pre_init                         
0     0000a83e  _unlock                                  
0     00083522  abort                                    
0     00080000  code_start                               
0     00081178  copyTable_dclfuncs_FLASH                 
0     0008338d  copy_in                                  
0     0000a842  dutyFine                                 
0     0000a82c  ePWM                                     
0     00083524  exit                                     
0     0000a859  filter1Result                            
0     00082c32  main                                     
0     000839b4  memcpy                                   
0     0000a858  myADC0Results                            
0     00082e6a  myADC0_init                              
0     00083b72  myGPIO0_init                             
0     000832c7  mySDFM0_init                             
0     00083f6f  mySFO0_init                              
0     0000a844  previousDutyFine                         
0     0000a846  rk                                       
0     0000a862  uk                                       
0     0000a848  yk                                       


GLOBAL SYMBOLS: SORTED BY Symbol Address 

page  address   name                                     
----  -------   ----                                     
0     00000400  __stack                                  
0     00000600  __TI_STACK_END                           
0     00008000  Flash_initModule                         
0     0000812a  SysCtl_delay                             
0     0000a800  PI_CONTROLLER_css                        
0     0000a80a  PI_CONTROLLER_sps                        
0     0000a816  PI_CONTROLLER                            
0     0000a82c  ePWM                                     
0     0000a83c  _lock                                    
0     0000a83e  _unlock                                  
0     0000a840  PWM_EN8                                  
0     0000a842  dutyFine                                 
0     0000a844  previousDutyFine                         
0     0000a846  rk                                       
0     0000a848  yk                                       
0     0000a84a  Kp_UP                                    
0     0000a84c  Ki_UP                                    
0     0000a84e  __TI_enable_exit_profile_output          
0     0000a850  __TI_cleanup_ptr                         
0     0000a852  __TI_dtors_ptr                           
0     0000a856  DAB_pwmPhaseShiftP1_S1_HiResticks        
0     0000a857  DAB_phaseSyncP1_S1CountDirection         
0     0000a858  myADC0Results                            
0     0000a859  filter1Result                            
0     0000a85a  DAB_pwmPhaseShift_P1_S1_ns               
0     0000a85c  DAB_pwmPhaseShift_P1_S1_ticks            
0     0000a85e  Phase_pu                                 
0     0000a860  HR_Phase_ticks                           
0     0000a862  uk                                       
0     0000a864  Vout                                     
0     0000a866  MEP_SF                                   
0     0000a86f  SFO_CAL                                  
0     0000a874  MEP_ScaleFactor                          
0     0000b800  DCL_fupdatePID                           
0     0000b81e  DCL_fupdatePI                            
0     0000b842  DCL_fupdatePI2                           
0     0000b862  DCL_fupdateDF11                          
0     0000b87a  DCL_fupdateDF13                          
0     0000b892  DCL_fupdateDF22                          
0     0000b8aa  DCL_fupdateDF23                          
0     0000b8c2  DCL_fupdateGSM                           
0     0000b8da  DCL_fupdateNLPID                         
0     0000b8f8  DCL_runPI_C1                             
0     00080000  code_start                               
0     0008115c  __TI_Handler_Table_Base                  
0     00081162  __TI_Handler_Table_Limit                 
0     00081166  __TI_CINIT_Base                          
0     0008116e  __TI_CINIT_Limit                         
0     0008116e  __TI_CINIT_Warm                          
0     00081170  __TI_BINIT_Base                          
0     00081170  __TI_table_binit                         
0     00081178  __TI_BINIT_Limit                         
0     00081178  __TI_table_copyTable_dclfuncs_FLASH      
0     00081178  copyTable_dclfuncs_FLASH                 
0     00082000  EPWM_init                                
0     0008246e  SFO                                      
0     0008265f  SysCtl_setClock                          
0     00082782  SysCtl_isPLLValid                        
0     00082880  PinMux_init                              
0     00082960  Device_enableAllPeripherals              
0     00082a2e  INT_myADC0_1_ISR                         
0     00082ac2  __c28xabi_divf                           
0     00082c32  main                                     
0     00082c9d  GPIO_setAnalogMode                       
0     00082d07  SysCtl_getClock                          
0     00082d6c  INT_mySDFM0_DR1_ISR                      
0     00082dcb  GPIO_setPadConfig                        
0     00082e1d  SysCtl_selectOscSource                   
0     00082e6a  myADC0_init                              
0     00082eb4  DAB_calculatePWMDutyPeriodPhaseShiftTicks
0     00082efd  Device_init                              
0     00082f46  SDFM_configDataFilterFIFO                
0     00083000  SysCtl_selectXTAL                        
0     00083109  Interrupt_initModule                     
0     000831b7  GPIO_setControllerCore                   
0     000831ee  GPIO_setPinConfig                        
0     00083225  GPIO_setQualificationMode                
0     0008325c  Interrupt_enable                         
0     00083293  __TI_auto_init_nopinit                   
0     000832c7  mySDFM0_init                             
0     000832fb  GPIO_setDirectionMode                    
0     0008335d  __TI_decompress_lzss                     
0     0008338d  copy_in                                  
0     000833ec  PI_CONTROLLER_init                       
0     00083522  C$$EXIT                                  
0     00083522  abort                                    
0     00083524  exit                                     
0     0008354b  ADC_setOffsetTrimAll                     
0     00083573  ADC_setVREF                              
0     00083634  SysCtl_selectXTALSingleEnded             
0     00083905  Interrupt_initVectorTable                
0     000839b4  memcpy                                   
0     00083aa9  SysCtl_getLowSpeedClock                  
0     00083af5  INTERRUPT_init                           
0     00083b72  myGPIO0_init                             
0     00083c75  _c_int00                                 
0     00083cce  EPWM_setEmulationMode                    
0     00083cfa  Interrupt_defaultHandler                 
0     00083eff  Board_init                               
0     00083f6f  mySFO0_init                              
0     00083fb4  Device_initGPIO                          
0     00083ff3  INT_myCPUTIMER0_ISR                      
0     0008467f  __TI_zero_init_nomemset                  
0     00084698  _args_main                               
0     000846ba  Interrupt_illegalOperationHandler        
0     000846c4  Interrupt_nmiHandler                     
0     000846ce  SYNC_init                                
0     000846d8  ASYSCTL_init                             
0     000846e1  _register_unlock                         
0     000846e5  _register_lock                           
0     000846e9  _nop                                     
0     000846ea  __TI_decompress_none                     
0     0008470f  __error__                                
0     0008471c  C2000Ware_libraries_init                 
0     00084721  CMD_FLASH_init                           
0     00084726  ADC_init                                 
0     00084729  CMD_init                                 
0     0008472c  CONTROLLER_init                          
0     0008472f  GPIO_init                                
0     00084732  HRPWM_SFO_init                           
0     00084735  SD_init                                  
0     00084738  _system_pre_init                         
0     0008473a  _system_post_cinit                       
abs   00000200  __TI_STACK_SIZE                          
abs   ffffffff  __TI_pprof_out_hndl                      
abs   ffffffff  __TI_prof_data_size                      
abs   ffffffff  __TI_prof_data_start                     
n/a   UNDEFED   __c_args__                               

[128 symbols]
