******************************************************************************
             TMS320C2000 Linker PC v22.6.1                     
******************************************************************************
>> Linked Mon Dec 16 15:00:08 2024

OUTPUT FILE NAME:   <DAB_500W.out>
ENTRY POINT SYMBOL: "code_start"  address: 00000000


MEMORY CONFIGURATION

         name            origin    length      used     unused   attr    fill
----------------------  --------  ---------  --------  --------  ----  --------
  RAMM0_BEGIN           00000000   00000002  00000002  00000000  RWIX
  RAMM0                 00000128   000002d8  00000168  00000170  RWIX
  RAMM1                 00000400   000003f8  00000200  000001f8  RWIX
  CLATOCPU_MSGRAM       00001480   00000080  00000000  00000080  RWIX
  CPUTOCLA_MSGRAM       00001500   00000080  00000000  00000080  RWIX
  CLATODMA_MSGRAM       00001680   00000080  00000000  00000080  RWIX
  DMATOCLA_MSGRAM       00001700   00000080  00000000  00000080  RWIX
  RAMLS0                00008000   00000800  00000800  00000000  RWIX
  RAMLS1                00008800   00000800  00000800  00000000  RWIX
  RAMLS2                00009000   00000800  00000697  00000169  RWIX
  RAMLS3                00009800   00000800  00000000  00000800  RWIX
  RAMLS4                0000a000   00000800  00000000  00000800  RWIX
  RAMLS5                0000a800   00000800  000003e3  0000041d  RWIX
  RAMLS6                0000b000   00000800  00000000  00000800  RWIX
  RAMLS7                0000b800   00000800  00000000  00000800  RWIX
  RAMGS0                0000c000   00001000  00000000  00001000  RWIX
  RAMGS1                0000d000   00001000  00000000  00001000  RWIX
  RAMGS2                0000e000   00001000  00000000  00001000  RWIX
  RAMGS3                0000f000   00000ff8  00000000  00000ff8  RWIX
  FLASH_BANK0_SEC0      00080000   00001000  00000000  00001000  RWIX
  FLASH_BANK0_SEC1      00081000   00001000  00000000  00001000  RWIX
  FLASH_BANK0_SEC2      00082000   00001000  00000000  00001000  RWIX
  FLASH_BANK0_SEC3      00083000   00001000  00000000  00001000  RWIX
  FLASH_BANK0_SEC4      00084000   00001000  00000000  00001000  RWIX
  FLASH_BANK0_SEC5      00085000   00001000  00000000  00001000  RWIX
  FLASH_BANK0_SEC6      00086000   00001000  00000000  00001000  RWIX
  FLASH_BANK0_SEC7      00087000   00001000  00000000  00001000  RWIX
  FLASH_BANK0_SEC8      00088000   00001000  00000000  00001000  RWIX
  FLASH_BANK0_SEC9      00089000   00001000  00000000  00001000  RWIX
  FLASH_BANK0_SEC10     0008a000   00001000  00000000  00001000  RWIX
  FLASH_BANK0_SEC11     0008b000   00001000  00000000  00001000  RWIX
  FLASH_BANK0_SEC12     0008c000   00001000  00000000  00001000  RWIX
  FLASH_BANK0_SEC13     0008d000   00001000  00000000  00001000  RWIX
  FLASH_BANK0_SEC14     0008e000   00001000  00000000  00001000  RWIX
  FLASH_BANK0_SEC15     0008f000   00001000  00000000  00001000  RWIX
  FLASH_BANK1_SEC0      00090000   00001000  00000000  00001000  RWIX
  FLASH_BANK1_SEC1      00091000   00001000  00000000  00001000  RWIX
  FLASH_BANK1_SEC2      00092000   00001000  00000000  00001000  RWIX
  FLASH_BANK1_SEC3      00093000   00001000  00000000  00001000  RWIX
  FLASH_BANK1_SEC4      00094000   00001000  00000000  00001000  RWIX
  FLASH_BANK1_SEC5      00095000   00001000  00000000  00001000  RWIX
  FLASH_BANK1_SEC6      00096000   00001000  00000000  00001000  RWIX
  FLASH_BANK1_SEC7      00097000   00001000  00000000  00001000  RWIX
  FLASH_BANK1_SEC8      00098000   00001000  00000000  00001000  RWIX
  FLASH_BANK1_SEC9      00099000   00001000  00000000  00001000  RWIX
  FLASH_BANK1_SEC10     0009a000   00001000  00000000  00001000  RWIX
  FLASH_BANK1_SEC11     0009b000   00001000  00000000  00001000  RWIX
  FLASH_BANK1_SEC12     0009c000   00001000  00000000  00001000  RWIX
  FLASH_BANK1_SEC13     0009d000   00001000  00000000  00001000  RWIX
  FLASH_BANK1_SEC14     0009e000   00001000  00000000  00001000  RWIX
  FLASH_BANK1_SEC15     0009f000   00001000  00000000  00001000  RWIX
  FLASH_BANK2_SEC0      000a0000   00001000  00000000  00001000  RWIX
  FLASH_BANK2_SEC1      000a1000   00001000  00000000  00001000  RWIX
  FLASH_BANK2_SEC2      000a2000   00001000  00000000  00001000  RWIX
  FLASH_BANK2_SEC3      000a3000   00001000  00000000  00001000  RWIX
  FLASH_BANK2_SEC4      000a4000   00001000  00000000  00001000  RWIX
  FLASH_BANK2_SEC5      000a5000   00001000  00000000  00001000  RWIX
  FLASH_BANK2_SEC6      000a6000   00001000  00000000  00001000  RWIX
  FLASH_BANK2_SEC7      000a7000   00001000  00000000  00001000  RWIX
  FLASH_BANK2_SEC8      000a8000   00001000  00000000  00001000  RWIX
  FLASH_BANK2_SEC9      000a9000   00001000  00000000  00001000  RWIX
  FLASH_BANK2_SEC10     000aa000   00001000  00000000  00001000  RWIX
  FLASH_BANK2_SEC11     000ab000   00001000  00000000  00001000  RWIX
  FLASH_BANK2_SEC12     000ac000   00001000  00000000  00001000  RWIX
  FLASH_BANK2_SEC13     000ad000   00001000  00000000  00001000  RWIX
  FLASH_BANK2_SEC14     000ae000   00001000  00000000  00001000  RWIX
  FLASH_BANK2_SEC15     000af000   00000ff0  00000000  00000ff0  RWIX
  RESET                 003fffc0   00000002  00000000  00000002  RWIX


SECTION ALLOCATION MAP

 output                                  attributes/
section   page    origin      length       input sections
--------  ----  ----------  ----------   ----------------
.reset     0    003fffc0    00000000     DSECT

codestart 
*          0    00000000    00000002     
                  00000000    00000002     f28003x_codestartbranch.obj (codestart)

.TI.ramfunc 
*          0    00000128    0000012e     
                  00000128    00000049     driverlib.lib : flash.obj (.TI.ramfunc:Flash_initModule)
                  00000171    0000002c                   : flash.obj (.TI.ramfunc:Flash_setBankPowerMode)
                  0000019d    00000024                   : flash.obj (.TI.ramfunc:Flash_setWaitstates)
                  000001c1    0000001d                   : flash.obj (.TI.ramfunc:Flash_setPumpPowerMode)
                  000001de    00000018                   : flash.obj (.TI.ramfunc:Flash_disableCache)
                  000001f6    00000018                   : flash.obj (.TI.ramfunc:Flash_disablePrefetch)
                  0000020e    00000017                   : flash.obj (.TI.ramfunc:Flash_enableCache)
                  00000225    00000017                   : flash.obj (.TI.ramfunc:Flash_enablePrefetch)
                  0000023c    00000016                   : flash.obj (.TI.ramfunc:Flash_enableECC)
                  00000252    00000004                   : sysctl.obj (.TI.ramfunc)

.cinit     0    00000256    0000003a     
                  00000256    00000028     (.cinit..data.load) [load image, compression = lzss]
                  0000027e    00000006     (__TI_handler_table)
                  00000284    00000004     (.cinit..bss.load) [load image, compression = zero_init]
                  00000288    00000008     (__TI_cinit_table)

.stack     0    00000400    00000200     UNINITIALIZED
                  00000400    00000200     --HOLE--

.init_array 
*          0    00000128    00000000     UNINITIALIZED

.const     0    0000a800    0000037f     
                  0000a800    000000cd     board.obj (.const:.string)
                  0000a8cd    00000001     --HOLE-- [fill = 0]
                  0000a8ce    0000009b     driverlib.lib : flash.obj (.const:.string)
                  0000a969    00000001     --HOLE-- [fill = 0]
                  0000a96a    0000009a                   : sysctl.obj (.const:.string)
                  0000aa04    00000098                   : gpio.obj (.const:.string)
                  0000aa9c    00000089     DAB_500W.obj (.const:.string)
                  0000ab25    00000001     --HOLE-- [fill = 0]
                  0000ab26    00000059     device.obj (.const:.string)

.data      0    0000ab80    0000004b     UNINITIALIZED
                  0000ab80    0000002c     c2000ware_libraries.obj (.data)
                  0000abac    00000010     c2000ware_libraries.obj (.data:ePWM)
                  0000abbc    00000004     DAB_500W.obj (.data)
                  0000abc0    00000006     rts2800_fpu32_eabi.lib : exit.c.obj (.data)
                  0000abc6    00000002                            : _lock.c.obj (.data:_lock)
                  0000abc8    00000002                            : _lock.c.obj (.data:_unlock)
                  0000abca    00000001     SFO_v8_fpu_lib_build_c28_driverlib_eabi.lib : SFO_v8_fpu_lib_build_c28_driverlib.obj (.data)

.bss       0    0000abcc    00000019     UNINITIALIZED
                  0000abcc    0000000a     DAB_500W.obj (.bss)
                  0000abd6    00000009     SFO_v8_fpu_lib_build_c28_driverlib_eabi.lib : SFO_v8_fpu_lib_build_c28_driverlib.obj (.bss:MEP_SF)
                  0000abdf    00000005                                                 : SFO_v8_fpu_lib_build_c28_driverlib.obj (.bss)
                  0000abe4    00000001     c2000ware_libraries.obj (.bss)

.text.1    0    00008000    00000800     
                  00008000    0000038c     board.obj (.text:EPWM_init)
                  0000838c    000001f1     SFO_v8_fpu_lib_build_c28_driverlib_eabi.lib : SFO_v8_fpu_lib_build_c28_driverlib.obj (.text)
                  0000857d    00000123     driverlib.lib : sysctl.obj (.text:SysCtl_setClock)
                  000086a0    000000fe                   : sysctl.obj (.text:SysCtl_isPLLValid)
                  0000879e    0000005d     DAB_500W.obj (.text:main)
                  000087fb    00000005     c2000ware_libraries.obj (.text:C2000Ware_libraries_init)

.text.2    0    00008800    00000800     
                  00008800    000000ce     device.obj (.text:Device_enableAllPeripherals)
                  000088ce    00000088     rts2800_fpu32_eabi.lib : fs_div28.asm.obj (.text)
                  00008956    00000077     board.obj (.text:PinMux_init)
                  000089cd    00000073     driverlib.lib : sysctl.obj (.text:DCC_setCounterSeeds)
                  00008a40    0000006a                   : gpio.obj (.text:GPIO_setAnalogMode)
                  00008aaa    00000065                   : sysctl.obj (.text:SysCtl_getClock)
                  00008b0f    00000052                   : gpio.obj (.text:GPIO_setPadConfig)
                  00008b61    0000004d                   : sysctl.obj (.text:SysCtl_selectOscSource)
                  00008bae    00000049     DAB_500W.obj (.text:DAB_calculatePWMDutyPeriodPhaseShiftTicks)
                  00008bf7    00000049     device.obj (.text:Device_init)
                  00008c40    00000046     driverlib.lib : sysctl.obj (.text:SysCtl_selectXTAL)
                  00008c86    00000045                   : sysctl.obj (.text:SysCtl_pollX1Counter)
                  00008ccb    00000040     board.obj (.text:EPWM_setActionQualifierAction)
                  00008d0b    0000003e     board.obj (.text:EPWM_setCounterCompareShadowLoadMode)
                  00008d49    0000003d     driverlib.lib : interrupt.obj (.text:Interrupt_initModule)
                  00008d86    00000037     board.obj (.text:EPWM_setFallingEdgeDeadBandDelayInput)
                  00008dbd    00000037     driverlib.lib : gpio.obj (.text:GPIO_setControllerCore)
                  00008df4    00000037                   : gpio.obj (.text:GPIO_setPinConfig)
                  00008e2b    00000037                   : gpio.obj (.text:GPIO_setQualificationMode)
                  00008e62    00000031                   : gpio.obj (.text:GPIO_setDirectionMode)
                  00008e93    00000030     rts2800_fpu32_eabi.lib : copy_decompress_lzss.c.obj (.text:decompress:lzss)
                  00008ec3    0000002e     board.obj (.text:EPWM_setDeadBandOutputSwapMode)
                  00008ef1    0000002c     board.obj (.text:EPWM_setDeadBandDelayMode)
                  00008f1d    0000002b     DAB_500W.obj (.text:EPWM_isBaseValid)
                  00008f48    0000002b     board.obj (.text:EPWM_isBaseValid)
                  00008f73    0000002b     rts2800_fpu32_eabi.lib : autoinit.c.obj (.text:__TI_auto_init_nobinit_nopinit)
                  00008f9e    00000029     c2000ware_libraries.obj (.text:PI_CONTROLLER_init)
                  00008fc7    00000029     rts2800_fpu32_eabi.lib : exit.c.obj (.text)
                  00008ff0    00000010     device.obj (.text:Device_initGPIO)

.text.3    0    00009000    00000697     
                  00009000    00000027     board.obj (.text:GPIO_writePin)
                  00009027    00000027     board.obj (.text:HRPWM_setCounterCompareShadowLoadEvent)
                  0000904e    00000025     driverlib.lib : sysctl.obj (.text:SysCtl_selectXTALSingleEnded)
                  00009073    00000024                   : sysctl.obj (.text:DCC_enableSingleShotMode)
                  00009097    00000024     board.obj (.text:EPWM_setDeadBandDelayPolarity)
                  000090bb    00000022     board.obj (.text:EPWM_setCounterCompareValue)
                  000090dd    00000022     board.obj (.text:HRPWM_setMEPEdgeSelect)
                  000090ff    0000001f     board.obj (.text:EPWM_setFallingEdgeDelayCountShadowLoadMode)
                  0000911e    0000001f     board.obj (.text:EPWM_setRisingEdgeDelayCountShadowLoadMode)
                  0000913d    0000001f     DAB_500W.obj (.text:HRPWM_setPhaseShift)
                  0000915c    0000001f     board.obj (.text:HRPWM_setPhaseShift)
                  0000917b    0000001e     driverlib.lib : sysctl.obj (.text:DCC_setCounter0ClkSource)
                  00009199    0000001e                   : sysctl.obj (.text:DCC_setCounter1ClkSource)
                  000091b7    0000001e     board.obj (.text:EPWM_setPhaseShift)
                  000091d5    0000001e     driverlib.lib : interrupt.obj (.text:Interrupt_initVectorTable)
                  000091f3    0000001d     board.obj (.text:EPWM_enableSyncOutPulseSource)
                  00009210    0000001d     board.obj (.text:EPWM_setFallingEdgeDelayCount)
                  0000922d    0000001d     board.obj (.text:EPWM_setRisingEdgeDelayCount)
                  0000924a    0000001d     rts2800_fpu32_eabi.lib : memcpy.c.obj (.text)
                  00009267    0000001c     board.obj (.text:EPWM_setClockPrescaler)
                  00009283    0000001b     DAB_500W.obj (.text:HRPWM_isBaseValid)
                  0000929e    0000001b     board.obj (.text:HRPWM_isBaseValid)
                  000092b9    0000001a     driverlib.lib : sysctl.obj (.text:SysCtl_getLowSpeedClock)
                  000092d3    00000019     DAB_500W.obj (.text:EPWM_setCountModeAfterSync)
                  000092ec    00000019     board.obj (.text:EPWM_setCountModeAfterSync)
                  00009305    00000019     driverlib.lib : sysctl.obj (.text:SysCtl_setPLLSysClk)
                  0000931e    00000019     board.obj (.text:myGPIO0_init)
                  00009337    00000018     board.obj (.text:EPWM_disableFallingEdgeDelayCountShadowLoadMode)
                  0000934f    00000018     board.obj (.text:EPWM_disableRisingEdgeDelayCountShadowLoadMode)
                  00009367    00000018     DAB_500W.obj (.text:SysCtl_disablePeripheral)
                  0000937f    00000017     DAB_500W.obj (.text:SysCtl_enablePeripheral)
                  00009396    00000017     device.obj (.text:SysCtl_enablePeripheral)
                  000093ad    00000017     driverlib.lib : sysctl.obj (.text:SysCtl_enablePeripheral)
                  000093c4    00000017     rts2800_fpu32_eabi.lib : boot28.asm.obj (.text)
                  000093db    00000016     driverlib.lib : sysctl.obj (.text:DCC_disableDoneSignal)
                  000093f1    00000016     board.obj (.text:EPWM_setSyncInPulseSource)
                  00009407    00000016     driverlib.lib : interrupt.obj (.text:Interrupt_defaultHandler)
                  0000941d    00000015                   : sysctl.obj (.text:DCC_clearDoneFlag)
                  00009432    00000015                   : sysctl.obj (.text:DCC_clearErrorFlag)
                  00009447    00000015                   : sysctl.obj (.text:DCC_disableErrorSignal)
                  0000945c    00000015                   : sysctl.obj (.text:DCC_isBaseValid)
                  00009471    00000015     device.obj (.text:GPIO_unlockPortConfig)
                  00009486    00000015     board.obj (.text:HRPWM_disablePhaseShiftLoad)
                  0000949b    00000015     board.obj (.text:HRPWM_enableAutoConversion)
                  000094b0    00000015     board.obj (.text:HRPWM_enablePeriodControl)
                  000094c5    00000015     DAB_500W.obj (.text:HRPWM_enablePhaseShiftLoad)
                  000094da    00000014     driverlib.lib : sysctl.obj (.text:DCC_disableModule)
                  000094ee    00000014                   : sysctl.obj (.text:DCC_enableModule)
                  00009502    00000014     board.obj (.text:EPWM_setTimeBaseCounterMode)
                  00009516    00000014     board.obj (.text:EPWM_setTimeBasePeriod)
                  0000952a    00000014     board.obj (.text:GPIO_isPinValid)
                  0000953e    00000014     driverlib.lib : gpio.obj (.text:GPIO_isPinValid)
                  00009552    00000012     board.obj (.text:EPWM_setTimeBaseCounter)
                  00009564    00000012     board.obj (.text:SysCtl_setSyncOutputConfig)
                  00009576    00000012     c2000ware_libraries.obj (.text:mySFO0_init)
                  00009588    00000011     board.obj (.text:EPWM_disablePhaseShiftLoad)
                  00009599    00000011     DAB_500W.obj (.text:EPWM_enablePhaseShiftLoad)
                  000095aa    00000011     board.obj (.text:EPWM_enablePhaseShiftLoad)
                  000095bb    00000010     driverlib.lib : flash.obj (.text:Flash_isCtrlBaseValid)
                  000095cb    00000010                   : flash.obj (.text:Flash_isECCBaseValid)
                  000095db    0000000d                   : interrupt.obj (.text:Interrupt_disableGlobal)
                  000095e8    0000000d     device.obj (.text:SysCtl_setLowSpeedClock)
                  000095f5    0000000d     rts2800_fpu32_eabi.lib : copy_zero_init.c.obj (.text:decompress:ZI:__TI_zero_init_nomemset)
                  00009602    0000000c     board.obj (.text:SysCtl_enableExtADCSOCSource)
                  0000960e    0000000c     rts2800_fpu32_eabi.lib : args_main.c.obj (.text)
                  0000961a    0000000b     board.obj (.text:Board_init)
                  00009625    0000000b     device.obj (.text:SysCtl_disableWatchdog)
                  00009630    0000000b     driverlib.lib : sysctl.obj (.text:SysCtl_isMCDClockFailureDetected)
                  0000963b    0000000a                   : interrupt.obj (.text:Interrupt_illegalOperationHandler)
                  00009645    0000000a                   : interrupt.obj (.text:Interrupt_nmiHandler)
                  0000964f    0000000a     board.obj (.text:SYNC_init)
                  00009659    00000009     rts2800_fpu32_eabi.lib : _lock.c.obj (.text)
                  00009662    00000008                            : copy_decompress_none.c.obj (.text:decompress:none)
                  0000966a    00000008     f28003x_codestartbranch.obj (.text)
                  00009672    00000007     device.obj (.text:ASysCtl_lockVREG)
                  00009679    00000007     driverlib.lib : sysctl.obj (.text:SysCtl_resetMCD)
                  00009680    00000007     device.obj (.text:__error__)
                  00009687    00000003     device_cmd.obj (.text:CMD_init)
                  0000968a    00000003     c2000ware_libraries.obj (.text:CONTROLLER_init)
                  0000968d    00000003     board.obj (.text:GPIO_init)
                  00009690    00000003     c2000ware_libraries.obj (.text:HRPWM_SFO_init)
                  00009693    00000002     rts2800_fpu32_eabi.lib : pre_init.c.obj (.text)
                  00009695    00000001     device_cmd.obj (.text:CMD_RAM_init)
                  00009696    00000001     rts2800_fpu32_eabi.lib : startup.c.obj (.text)

MODULE SUMMARY

       Module                                   code   ro data   rw data
       ------                                   ----   -------   -------
    .\
       DAB_500W.obj                             377    137       14     
    +--+----------------------------------------+------+---------+---------+
       Total:                                   377    137       14     
                                                                        
    .\device\
       device.obj                               377    89        0      
       f28003x_codestartbranch.obj              10     0         0      
    +--+----------------------------------------+------+---------+---------+
       Total:                                   387    89        0      
                                                                        
    .\syscfg\
       board.obj                                2137   205       0      
       c2000ware_libraries.obj                  70     0         61     
       device_cmd.obj                           4      0         0      
    +--+----------------------------------------+------+---------+---------+
       Total:                                   2211   205       61     
                                                                        
    D:/ti/c2000/C2000Ware_5_04_00_00/driverlib/f28003x/driverlib/ccs/Debug/driverlib.lib
       sysctl.obj                               1352   154       0      
       gpio.obj                                 422    152       0      
       flash.obj                                330    155       0      
       interrupt.obj                            146    0         0      
    +--+----------------------------------------+------+---------+---------+
       Total:                                   2250   461       0      
                                                                        
    D:\ti\c2000\C2000Ware_5_04_00_00\libraries\calibration\hrpwm\f28003x\lib\SFO_v8_fpu_lib_build_c28_driverlib_eabi.lib
       SFO_v8_fpu_lib_build_c28_driverlib.obj   497    0         15     
    +--+----------------------------------------+------+---------+---------+
       Total:                                   497    0         15     
                                                                        
    D:\ti\ccs1250\ccs\tools\compiler\ti-cgt-c2000_22.6.1.LTS\lib\rts2800_fpu32_eabi.lib
       fs_div28.asm.obj                         136    0         0      
       copy_decompress_lzss.c.obj               48     0         0      
       exit.c.obj                               41     0         6      
       autoinit.c.obj                           43     0         0      
       memcpy.c.obj                             29     0         0      
       boot28.asm.obj                           23     0         0      
       _lock.c.obj                              9      0         4      
       copy_zero_init.c.obj                     13     0         0      
       args_main.c.obj                          12     0         0      
       copy_decompress_none.c.obj               8      0         0      
       pre_init.c.obj                           2      0         0      
       startup.c.obj                            1      0         0      
    +--+----------------------------------------+------+---------+---------+
       Total:                                   365    0         10     
                                                                        
       Stack:                                   0      0         512    
       Linker Generated:                        0      58        0      
    +--+----------------------------------------+------+---------+---------+
       Grand Total:                             6087   950       612    


LINKER GENERATED COPY TABLES

__TI_cinit_table @ 00000288 records: 2, size/record: 4, table size: 8
	.data: load addr=00000256, load size=00000028 bytes, run addr=0000ab80, run size=0000004b bytes, compression=lzss
	.bss: load addr=00000284, load size=00000004 bytes, run addr=0000abcc, run size=00000019 bytes, compression=zero_init


LINKER GENERATED HANDLER TABLE

__TI_handler_table @ 0000027e records: 3, size/record: 2, table size: 6
	index: 0, handler: __TI_zero_init
	index: 1, handler: __TI_decompress_lzss
	index: 2, handler: __TI_decompress_none


GLOBAL DATA SYMBOLS: SORTED BY DATA PAGE

address     data page           name
--------    ----------------    ----
00000400      10 (00000400)     __stack

0000ab80     2ae (0000ab80)     PI_CONTROLLER_css
0000ab8a     2ae (0000ab80)     PI_CONTROLLER_sps
0000ab96     2ae (0000ab80)     PI_CONTROLLER
0000abac     2ae (0000ab80)     ePWM
0000abbc     2ae (0000ab80)     dutyFine
0000abbe     2ae (0000ab80)     previousDutyFine

0000abc0     2af (0000abc0)     __TI_enable_exit_profile_output
0000abc2     2af (0000abc0)     __TI_cleanup_ptr
0000abc4     2af (0000abc0)     __TI_dtors_ptr
0000abc6     2af (0000abc0)     _lock
0000abc8     2af (0000abc0)     _unlock
0000abcc     2af (0000abc0)     DAB_pwmPhaseShiftP1_S1_HiResticks
0000abcd     2af (0000abc0)     DAB_phaseSyncP1_S1CountDirection
0000abce     2af (0000abc0)     DAB_pwmPhaseShift_P1_S1_ns
0000abd0     2af (0000abc0)     DAB_pwmPhaseShift_P1_S1_ticks
0000abd2     2af (0000abc0)     Phase_pu
0000abd4     2af (0000abc0)     HR_Phase_ticks
0000abd6     2af (0000abc0)     MEP_SF
0000abdf     2af (0000abc0)     SFO_CAL
0000abe4     2af (0000abc0)     MEP_ScaleFactor


GLOBAL SYMBOLS: SORTED ALPHABETICALLY BY Name 

page  address   name                                     
----  -------   ----                                     
0     0000961a  Board_init                               
0     00008fc7  C$$EXIT                                  
0     000087fb  C2000Ware_libraries_init                 
0     00009695  CMD_RAM_init                             
0     00009687  CMD_init                                 
0     0000968a  CONTROLLER_init                          
0     00008bae  DAB_calculatePWMDutyPeriodPhaseShiftTicks
0     0000abcd  DAB_phaseSyncP1_S1CountDirection         
0     0000abcc  DAB_pwmPhaseShiftP1_S1_HiResticks        
0     0000abce  DAB_pwmPhaseShift_P1_S1_ns               
0     0000abd0  DAB_pwmPhaseShift_P1_S1_ticks            
0     00008800  Device_enableAllPeripherals              
0     00008bf7  Device_init                              
0     00008ff0  Device_initGPIO                          
0     00008000  EPWM_init                                
0     00000128  Flash_initModule                         
0     0000968d  GPIO_init                                
0     00008a40  GPIO_setAnalogMode                       
0     00008dbd  GPIO_setControllerCore                   
0     00008e62  GPIO_setDirectionMode                    
0     00008b0f  GPIO_setPadConfig                        
0     00008df4  GPIO_setPinConfig                        
0     00008e2b  GPIO_setQualificationMode                
0     00009690  HRPWM_SFO_init                           
0     0000abd4  HR_Phase_ticks                           
0     00009407  Interrupt_defaultHandler                 
0     0000963b  Interrupt_illegalOperationHandler        
0     00008d49  Interrupt_initModule                     
0     000091d5  Interrupt_initVectorTable                
0     00009645  Interrupt_nmiHandler                     
0     0000abd6  MEP_SF                                   
0     0000abe4  MEP_ScaleFactor                          
0     0000ab96  PI_CONTROLLER                            
0     0000ab80  PI_CONTROLLER_css                        
0     00008f9e  PI_CONTROLLER_init                       
0     0000ab8a  PI_CONTROLLER_sps                        
0     0000abd2  Phase_pu                                 
0     00008956  PinMux_init                              
0     0000838c  SFO                                      
0     0000abdf  SFO_CAL                                  
0     0000964f  SYNC_init                                
0     00000252  SysCtl_delay                             
0     00008aaa  SysCtl_getClock                          
0     000092b9  SysCtl_getLowSpeedClock                  
0     000086a0  SysCtl_isPLLValid                        
0     00008b61  SysCtl_selectOscSource                   
0     00008c40  SysCtl_selectXTAL                        
0     0000904e  SysCtl_selectXTALSingleEnded             
0     0000857d  SysCtl_setClock                          
0     00000288  __TI_CINIT_Base                          
0     00000290  __TI_CINIT_Limit                         
0     00000290  __TI_CINIT_Warm                          
0     0000027e  __TI_Handler_Table_Base                  
0     00000284  __TI_Handler_Table_Limit                 
0     00000600  __TI_STACK_END                           
abs   00000200  __TI_STACK_SIZE                          
0     00008f73  __TI_auto_init_nobinit_nopinit           
0     0000abc2  __TI_cleanup_ptr                         
0     00008e93  __TI_decompress_lzss                     
0     00009662  __TI_decompress_none                     
0     0000abc4  __TI_dtors_ptr                           
0     0000abc0  __TI_enable_exit_profile_output          
abs   ffffffff  __TI_pprof_out_hndl                      
abs   ffffffff  __TI_prof_data_size                      
abs   ffffffff  __TI_prof_data_start                     
0     000095f5  __TI_zero_init_nomemset                  
0     000088ce  __c28xabi_divf                           
n/a   UNDEFED   __c_args__                               
0     00009680  __error__                                
0     00000400  __stack                                  
0     0000960e  _args_main                               
0     000093c4  _c_int00                                 
0     0000abc6  _lock                                    
0     00009661  _nop                                     
0     0000965d  _register_lock                           
0     00009659  _register_unlock                         
0     00009696  _system_post_cinit                       
0     00009693  _system_pre_init                         
0     0000abc8  _unlock                                  
0     00008fc7  abort                                    
0     00000000  code_start                               
0     0000abbc  dutyFine                                 
0     0000abac  ePWM                                     
0     00008fc9  exit                                     
0     0000879e  main                                     
0     0000924a  memcpy                                   
0     0000931e  myGPIO0_init                             
0     00009576  mySFO0_init                              
0     0000abbe  previousDutyFine                         


GLOBAL SYMBOLS: SORTED BY Symbol Address 

page  address   name                                     
----  -------   ----                                     
0     00000000  code_start                               
0     00000128  Flash_initModule                         
0     00000252  SysCtl_delay                             
0     0000027e  __TI_Handler_Table_Base                  
0     00000284  __TI_Handler_Table_Limit                 
0     00000288  __TI_CINIT_Base                          
0     00000290  __TI_CINIT_Limit                         
0     00000290  __TI_CINIT_Warm                          
0     00000400  __stack                                  
0     00000600  __TI_STACK_END                           
0     00008000  EPWM_init                                
0     0000838c  SFO                                      
0     0000857d  SysCtl_setClock                          
0     000086a0  SysCtl_isPLLValid                        
0     0000879e  main                                     
0     000087fb  C2000Ware_libraries_init                 
0     00008800  Device_enableAllPeripherals              
0     000088ce  __c28xabi_divf                           
0     00008956  PinMux_init                              
0     00008a40  GPIO_setAnalogMode                       
0     00008aaa  SysCtl_getClock                          
0     00008b0f  GPIO_setPadConfig                        
0     00008b61  SysCtl_selectOscSource                   
0     00008bae  DAB_calculatePWMDutyPeriodPhaseShiftTicks
0     00008bf7  Device_init                              
0     00008c40  SysCtl_selectXTAL                        
0     00008d49  Interrupt_initModule                     
0     00008dbd  GPIO_setControllerCore                   
0     00008df4  GPIO_setPinConfig                        
0     00008e2b  GPIO_setQualificationMode                
0     00008e62  GPIO_setDirectionMode                    
0     00008e93  __TI_decompress_lzss                     
0     00008f73  __TI_auto_init_nobinit_nopinit           
0     00008f9e  PI_CONTROLLER_init                       
0     00008fc7  C$$EXIT                                  
0     00008fc7  abort                                    
0     00008fc9  exit                                     
0     00008ff0  Device_initGPIO                          
0     0000904e  SysCtl_selectXTALSingleEnded             
0     000091d5  Interrupt_initVectorTable                
0     0000924a  memcpy                                   
0     000092b9  SysCtl_getLowSpeedClock                  
0     0000931e  myGPIO0_init                             
0     000093c4  _c_int00                                 
0     00009407  Interrupt_defaultHandler                 
0     00009576  mySFO0_init                              
0     000095f5  __TI_zero_init_nomemset                  
0     0000960e  _args_main                               
0     0000961a  Board_init                               
0     0000963b  Interrupt_illegalOperationHandler        
0     00009645  Interrupt_nmiHandler                     
0     0000964f  SYNC_init                                
0     00009659  _register_unlock                         
0     0000965d  _register_lock                           
0     00009661  _nop                                     
0     00009662  __TI_decompress_none                     
0     00009680  __error__                                
0     00009687  CMD_init                                 
0     0000968a  CONTROLLER_init                          
0     0000968d  GPIO_init                                
0     00009690  HRPWM_SFO_init                           
0     00009693  _system_pre_init                         
0     00009695  CMD_RAM_init                             
0     00009696  _system_post_cinit                       
0     0000ab80  PI_CONTROLLER_css                        
0     0000ab8a  PI_CONTROLLER_sps                        
0     0000ab96  PI_CONTROLLER                            
0     0000abac  ePWM                                     
0     0000abbc  dutyFine                                 
0     0000abbe  previousDutyFine                         
0     0000abc0  __TI_enable_exit_profile_output          
0     0000abc2  __TI_cleanup_ptr                         
0     0000abc4  __TI_dtors_ptr                           
0     0000abc6  _lock                                    
0     0000abc8  _unlock                                  
0     0000abcc  DAB_pwmPhaseShiftP1_S1_HiResticks        
0     0000abcd  DAB_phaseSyncP1_S1CountDirection         
0     0000abce  DAB_pwmPhaseShift_P1_S1_ns               
0     0000abd0  DAB_pwmPhaseShift_P1_S1_ticks            
0     0000abd2  Phase_pu                                 
0     0000abd4  HR_Phase_ticks                           
0     0000abd6  MEP_SF                                   
0     0000abdf  SFO_CAL                                  
0     0000abe4  MEP_ScaleFactor                          
abs   00000200  __TI_STACK_SIZE                          
abs   ffffffff  __TI_pprof_out_hndl                      
abs   ffffffff  __TI_prof_data_size                      
abs   ffffffff  __TI_prof_data_start                     
n/a   UNDEFED   __c_args__                               

[89 symbols]
