<?xml version="1.0" encoding="ISO-8859-1" ?>
<link_info>
   <banner>TMS320C2000 Linker PC v22.6.1.LTS</banner>
   <copyright>Copyright (c) 1996-2018 Texas Instruments Incorporated</copyright>
   <link_time>0x675fcff8</link_time>
   <link_errors>0x0</link_errors>
   <output_file>DAB_500W.out</output_file>
   <entry_point>
      <name>code_start</name>
      <address>0x0</address>
   </entry_point>
   <input_file_list>
      <input_file id="fl-2">
         <path>.\</path>
         <kind>object</kind>
         <file>DAB_500W.obj</file>
         <name>DAB_500W.obj</name>
      </input_file>
      <input_file id="fl-3">
         <path>.\syscfg\</path>
         <kind>object</kind>
         <file>board.obj</file>
         <name>board.obj</name>
      </input_file>
      <input_file id="fl-4">
         <path>.\syscfg\</path>
         <kind>object</kind>
         <file>device_cmd.obj</file>
         <name>device_cmd.obj</name>
      </input_file>
      <input_file id="fl-5">
         <path>.\syscfg\</path>
         <kind>object</kind>
         <file>c2000ware_libraries.obj</file>
         <name>c2000ware_libraries.obj</name>
      </input_file>
      <input_file id="fl-6">
         <path>.\</path>
         <kind>object</kind>
         <file>DCL_clamp_C1.obj</file>
         <name>DCL_clamp_C1.obj</name>
      </input_file>
      <input_file id="fl-7">
         <path>.\</path>
         <kind>object</kind>
         <file>DCL_DF11_C1.obj</file>
         <name>DCL_DF11_C1.obj</name>
      </input_file>
      <input_file id="fl-8">
         <path>.\</path>
         <kind>object</kind>
         <file>DCL_DF13_C1.obj</file>
         <name>DCL_DF13_C1.obj</name>
      </input_file>
      <input_file id="fl-9">
         <path>.\</path>
         <kind>object</kind>
         <file>DCL_DF13_C2C3.obj</file>
         <name>DCL_DF13_C2C3.obj</name>
      </input_file>
      <input_file id="fl-a">
         <path>.\</path>
         <kind>object</kind>
         <file>DCL_DF22_C1.obj</file>
         <name>DCL_DF22_C1.obj</name>
      </input_file>
      <input_file id="fl-b">
         <path>.\</path>
         <kind>object</kind>
         <file>DCL_DF22_C2C3.obj</file>
         <name>DCL_DF22_C2C3.obj</name>
      </input_file>
      <input_file id="fl-c">
         <path>.\</path>
         <kind>object</kind>
         <file>DCL_DF23_C1.obj</file>
         <name>DCL_DF23_C1.obj</name>
      </input_file>
      <input_file id="fl-d">
         <path>.\</path>
         <kind>object</kind>
         <file>DCL_DF23_C2C3.obj</file>
         <name>DCL_DF23_C2C3.obj</name>
      </input_file>
      <input_file id="fl-e">
         <path>.\</path>
         <kind>object</kind>
         <file>DCL_error.obj</file>
         <name>DCL_error.obj</name>
      </input_file>
      <input_file id="fl-f">
         <path>.\</path>
         <kind>object</kind>
         <file>DCL_futils.obj</file>
         <name>DCL_futils.obj</name>
      </input_file>
      <input_file id="fl-10">
         <path>.\</path>
         <kind>object</kind>
         <file>DCL_PI_C1.obj</file>
         <name>DCL_PI_C1.obj</name>
      </input_file>
      <input_file id="fl-11">
         <path>.\</path>
         <kind>object</kind>
         <file>DCL_PI_C4.obj</file>
         <name>DCL_PI_C4.obj</name>
      </input_file>
      <input_file id="fl-12">
         <path>.\</path>
         <kind>object</kind>
         <file>DCL_PI_C7.obj</file>
         <name>DCL_PI_C7.obj</name>
      </input_file>
      <input_file id="fl-13">
         <path>.\</path>
         <kind>object</kind>
         <file>DCL_PID_C1.obj</file>
         <name>DCL_PID_C1.obj</name>
      </input_file>
      <input_file id="fl-14">
         <path>.\</path>
         <kind>object</kind>
         <file>DCL_PID_C4.obj</file>
         <name>DCL_PID_C4.obj</name>
      </input_file>
      <input_file id="fl-15">
         <path>.\device\</path>
         <kind>object</kind>
         <file>device.obj</file>
         <name>device.obj</name>
      </input_file>
      <input_file id="fl-16">
         <path>.\device\</path>
         <kind>object</kind>
         <file>f28003x_codestartbranch.obj</file>
         <name>f28003x_codestartbranch.obj</name>
      </input_file>
      <input_file id="fl-1d">
         <kind>object</kind>
         <file>&lt;internal&gt;</file>
         <name>&lt;internal&gt;</name>
      </input_file>
      <input_file id="fl-1e">
         <path>D:\ti\c2000\C2000Ware_5_04_00_00\driverlib\f28003x\driverlib\ccs\Debug\</path>
         <kind>archive</kind>
         <file>driverlib.lib</file>
         <name>dcc.obj</name>
      </input_file>
      <input_file id="fl-1f">
         <path>D:\ti\c2000\C2000Ware_5_04_00_00\driverlib\f28003x\driverlib\ccs\Debug\</path>
         <kind>archive</kind>
         <file>driverlib.lib</file>
         <name>flash.obj</name>
      </input_file>
      <input_file id="fl-20">
         <path>D:\ti\c2000\C2000Ware_5_04_00_00\driverlib\f28003x\driverlib\ccs\Debug\</path>
         <kind>archive</kind>
         <file>driverlib.lib</file>
         <name>gpio.obj</name>
      </input_file>
      <input_file id="fl-21">
         <path>D:\ti\c2000\C2000Ware_5_04_00_00\driverlib\f28003x\driverlib\ccs\Debug\</path>
         <kind>archive</kind>
         <file>driverlib.lib</file>
         <name>interrupt.obj</name>
      </input_file>
      <input_file id="fl-22">
         <path>D:\ti\c2000\C2000Ware_5_04_00_00\driverlib\f28003x\driverlib\ccs\Debug\</path>
         <kind>archive</kind>
         <file>driverlib.lib</file>
         <name>sysctl.obj</name>
      </input_file>
      <input_file id="fl-26">
         <path>D:\ti\c2000\C2000Ware_5_04_00_00\libraries\calibration\hrpwm\f28003x\lib\</path>
         <kind>archive</kind>
         <file>SFO_v8_fpu_lib_build_c28_driverlib_eabi.lib</file>
         <name>SFO_v8_fpu_lib_build_c28_driverlib.obj</name>
      </input_file>
      <input_file id="fl-32">
         <path>D:\ti\ccs1250\ccs\tools\compiler\ti-cgt-c2000_22.6.1.LTS\lib\</path>
         <kind>archive</kind>
         <file>rts2800_fpu32_eabi.lib</file>
         <name>boot28.asm.obj</name>
      </input_file>
      <input_file id="fl-33">
         <path>D:\ti\ccs1250\ccs\tools\compiler\ti-cgt-c2000_22.6.1.LTS\lib\</path>
         <kind>archive</kind>
         <file>rts2800_fpu32_eabi.lib</file>
         <name>fs_div28.asm.obj</name>
      </input_file>
      <input_file id="fl-34">
         <path>D:\ti\ccs1250\ccs\tools\compiler\ti-cgt-c2000_22.6.1.LTS\lib\</path>
         <kind>archive</kind>
         <file>rts2800_fpu32_eabi.lib</file>
         <name>ll_cmp28.asm.obj</name>
      </input_file>
      <input_file id="fl-35">
         <path>D:\ti\ccs1250\ccs\tools\compiler\ti-cgt-c2000_22.6.1.LTS\lib\</path>
         <kind>archive</kind>
         <file>rts2800_fpu32_eabi.lib</file>
         <name>pre_init.c.obj</name>
      </input_file>
      <input_file id="fl-36">
         <path>D:\ti\ccs1250\ccs\tools\compiler\ti-cgt-c2000_22.6.1.LTS\lib\</path>
         <kind>archive</kind>
         <file>rts2800_fpu32_eabi.lib</file>
         <name>autoinit.c.obj</name>
      </input_file>
      <input_file id="fl-37">
         <path>D:\ti\ccs1250\ccs\tools\compiler\ti-cgt-c2000_22.6.1.LTS\lib\</path>
         <kind>archive</kind>
         <file>rts2800_fpu32_eabi.lib</file>
         <name>copy_zero_init.c.obj</name>
      </input_file>
      <input_file id="fl-38">
         <path>D:\ti\ccs1250\ccs\tools\compiler\ti-cgt-c2000_22.6.1.LTS\lib\</path>
         <kind>archive</kind>
         <file>rts2800_fpu32_eabi.lib</file>
         <name>copy_decompress_none.c.obj</name>
      </input_file>
      <input_file id="fl-39">
         <path>D:\ti\ccs1250\ccs\tools\compiler\ti-cgt-c2000_22.6.1.LTS\lib\</path>
         <kind>archive</kind>
         <file>rts2800_fpu32_eabi.lib</file>
         <name>copy_decompress_lzss.c.obj</name>
      </input_file>
      <input_file id="fl-3a">
         <path>D:\ti\ccs1250\ccs\tools\compiler\ti-cgt-c2000_22.6.1.LTS\lib\</path>
         <kind>archive</kind>
         <file>rts2800_fpu32_eabi.lib</file>
         <name>exit.c.obj</name>
      </input_file>
      <input_file id="fl-3b">
         <path>D:\ti\ccs1250\ccs\tools\compiler\ti-cgt-c2000_22.6.1.LTS\lib\</path>
         <kind>archive</kind>
         <file>rts2800_fpu32_eabi.lib</file>
         <name>_lock.c.obj</name>
      </input_file>
      <input_file id="fl-3c">
         <path>D:\ti\ccs1250\ccs\tools\compiler\ti-cgt-c2000_22.6.1.LTS\lib\</path>
         <kind>archive</kind>
         <file>rts2800_fpu32_eabi.lib</file>
         <name>args_main.c.obj</name>
      </input_file>
      <input_file id="fl-3d">
         <path>D:\ti\ccs1250\ccs\tools\compiler\ti-cgt-c2000_22.6.1.LTS\lib\</path>
         <kind>archive</kind>
         <file>rts2800_fpu32_eabi.lib</file>
         <name>memset.c.obj</name>
      </input_file>
      <input_file id="fl-3e">
         <path>D:\ti\ccs1250\ccs\tools\compiler\ti-cgt-c2000_22.6.1.LTS\lib\</path>
         <kind>archive</kind>
         <file>rts2800_fpu32_eabi.lib</file>
         <name>cpy_tbl.c.obj</name>
      </input_file>
      <input_file id="fl-3f">
         <path>D:\ti\ccs1250\ccs\tools\compiler\ti-cgt-c2000_22.6.1.LTS\lib\</path>
         <kind>archive</kind>
         <file>rts2800_fpu32_eabi.lib</file>
         <name>memcpy.c.obj</name>
      </input_file>
      <input_file id="fl-40">
         <path>D:\ti\ccs1250\ccs\tools\compiler\ti-cgt-c2000_22.6.1.LTS\lib\</path>
         <kind>archive</kind>
         <file>rts2800_fpu32_eabi.lib</file>
         <name>startup.c.obj</name>
      </input_file>
   </input_file_list>
   <object_component_list>
      <object_component id="oc-1d">
         <name>codestart</name>
         <load_address>0x0</load_address>
         <run_address>0x0</run_address>
         <size>0x2</size>
         <input_file_ref idref="fl-16"/>
      </object_component>
      <object_component id="oc-1b7">
         <name>.text:EPWM_init</name>
         <load_address>0x8000</load_address>
         <run_address>0x8000</run_address>
         <size>0x38c</size>
         <input_file_ref idref="fl-3"/>
      </object_component>
      <object_component id="oc-417">
         <name>.text</name>
         <load_address>0x838c</load_address>
         <run_address>0x838c</run_address>
         <size>0x1f1</size>
         <input_file_ref idref="fl-26"/>
      </object_component>
      <object_component id="oc-169">
         <name>.text:SysCtl_setClock</name>
         <load_address>0x857d</load_address>
         <run_address>0x857d</run_address>
         <size>0x123</size>
         <input_file_ref idref="fl-22"/>
      </object_component>
      <object_component id="oc-256">
         <name>.text:SysCtl_isPLLValid</name>
         <load_address>0x86a0</load_address>
         <run_address>0x86a0</run_address>
         <size>0xfe</size>
         <input_file_ref idref="fl-22"/>
      </object_component>
      <object_component id="oc-c7">
         <name>.text:main</name>
         <load_address>0x879e</load_address>
         <run_address>0x879e</run_address>
         <size>0x5d</size>
         <input_file_ref idref="fl-2"/>
      </object_component>
      <object_component id="oc-113">
         <name>.text:C2000Ware_libraries_init</name>
         <load_address>0x87fb</load_address>
         <run_address>0x87fb</run_address>
         <size>0x5</size>
         <input_file_ref idref="fl-5"/>
      </object_component>
      <object_component id="oc-188">
         <name>.text:Device_enableAllPeripherals</name>
         <load_address>0x8800</load_address>
         <run_address>0x8800</run_address>
         <size>0xce</size>
         <input_file_ref idref="fl-15"/>
      </object_component>
      <object_component id="oc-380">
         <name>.text</name>
         <load_address>0x88ce</load_address>
         <run_address>0x88ce</run_address>
         <size>0x88</size>
         <input_file_ref idref="fl-33"/>
      </object_component>
      <object_component id="oc-1ab">
         <name>.text:PinMux_init</name>
         <load_address>0x8956</load_address>
         <run_address>0x8956</run_address>
         <size>0x77</size>
         <input_file_ref idref="fl-3"/>
      </object_component>
      <object_component id="oc-3b5">
         <name>.text:DCC_setCounterSeeds</name>
         <load_address>0x89cd</load_address>
         <run_address>0x89cd</run_address>
         <size>0x73</size>
         <input_file_ref idref="fl-22"/>
      </object_component>
      <object_component id="oc-194">
         <name>.text:GPIO_setAnalogMode</name>
         <load_address>0x8a40</load_address>
         <run_address>0x8a40</run_address>
         <size>0x6a</size>
         <input_file_ref idref="fl-20"/>
      </object_component>
      <object_component id="oc-175">
         <name>.text:SysCtl_getClock</name>
         <load_address>0x8aaa</load_address>
         <run_address>0x8aaa</run_address>
         <size>0x65</size>
         <input_file_ref idref="fl-22"/>
      </object_component>
      <object_component id="oc-278">
         <name>.text:GPIO_setPadConfig</name>
         <load_address>0x8b0f</load_address>
         <run_address>0x8b0f</run_address>
         <size>0x52</size>
         <input_file_ref idref="fl-20"/>
      </object_component>
      <object_component id="oc-24a">
         <name>.text:SysCtl_selectOscSource</name>
         <load_address>0x8b61</load_address>
         <run_address>0x8b61</run_address>
         <size>0x4d</size>
         <input_file_ref idref="fl-22"/>
      </object_component>
      <object_component id="oc-119">
         <name>.text:DAB_calculatePWMDutyPeriodPhaseShiftTicks</name>
         <load_address>0x8bae</load_address>
         <run_address>0x8bae</run_address>
         <size>0x49</size>
         <input_file_ref idref="fl-2"/>
      </object_component>
      <object_component id="oc-ef">
         <name>.text:Device_init</name>
         <load_address>0x8bf7</load_address>
         <run_address>0x8bf7</run_address>
         <size>0x49</size>
         <input_file_ref idref="fl-15"/>
      </object_component>
      <object_component id="oc-372">
         <name>.text:SysCtl_selectXTAL</name>
         <load_address>0x8c40</load_address>
         <run_address>0x8c40</run_address>
         <size>0x46</size>
         <input_file_ref idref="fl-22"/>
      </object_component>
      <object_component id="oc-422">
         <name>.text:SysCtl_pollX1Counter</name>
         <load_address>0x8c86</load_address>
         <run_address>0x8c86</run_address>
         <size>0x45</size>
         <input_file_ref idref="fl-22"/>
      </object_component>
      <object_component id="oc-2ce">
         <name>.text:EPWM_setActionQualifierAction</name>
         <load_address>0x8ccb</load_address>
         <run_address>0x8ccb</run_address>
         <size>0x40</size>
         <input_file_ref idref="fl-3"/>
      </object_component>
      <object_component id="oc-2c8">
         <name>.text:EPWM_setCounterCompareShadowLoadMode</name>
         <load_address>0x8d0b</load_address>
         <run_address>0x8d0b</run_address>
         <size>0x3e</size>
         <input_file_ref idref="fl-3"/>
      </object_component>
      <object_component id="oc-fb">
         <name>.text:Interrupt_initModule</name>
         <load_address>0x8d49</load_address>
         <run_address>0x8d49</run_address>
         <size>0x3d</size>
         <input_file_ref idref="fl-21"/>
      </object_component>
      <object_component id="oc-316">
         <name>.text:EPWM_setFallingEdgeDeadBandDelayInput</name>
         <load_address>0x8d86</load_address>
         <run_address>0x8d86</run_address>
         <size>0x37</size>
         <input_file_ref idref="fl-3"/>
      </object_component>
      <object_component id="oc-410">
         <name>.text:GPIO_setControllerCore</name>
         <load_address>0x8dbd</load_address>
         <run_address>0x8dbd</run_address>
         <size>0x37</size>
         <input_file_ref idref="fl-20"/>
      </object_component>
      <object_component id="oc-272">
         <name>.text:GPIO_setPinConfig</name>
         <load_address>0x8df4</load_address>
         <run_address>0x8df4</run_address>
         <size>0x37</size>
         <input_file_ref idref="fl-20"/>
      </object_component>
      <object_component id="oc-27e">
         <name>.text:GPIO_setQualificationMode</name>
         <load_address>0x8e2b</load_address>
         <run_address>0x8e2b</run_address>
         <size>0x37</size>
         <input_file_ref idref="fl-20"/>
      </object_component>
      <object_component id="oc-40a">
         <name>.text:GPIO_setDirectionMode</name>
         <load_address>0x8e62</load_address>
         <run_address>0x8e62</run_address>
         <size>0x31</size>
         <input_file_ref idref="fl-20"/>
      </object_component>
      <object_component id="oc-10">
         <name>.text:decompress:lzss</name>
         <load_address>0x8e93</load_address>
         <run_address>0x8e93</run_address>
         <size>0x30</size>
         <input_file_ref idref="fl-39"/>
      </object_component>
      <object_component id="oc-33a">
         <name>.text:EPWM_setDeadBandOutputSwapMode</name>
         <load_address>0x8ec3</load_address>
         <run_address>0x8ec3</run_address>
         <size>0x2e</size>
         <input_file_ref idref="fl-3"/>
      </object_component>
      <object_component id="oc-2da">
         <name>.text:EPWM_setDeadBandDelayMode</name>
         <load_address>0x8ef1</load_address>
         <run_address>0x8ef1</run_address>
         <size>0x2c</size>
         <input_file_ref idref="fl-3"/>
      </object_component>
      <object_component id="oc-1dd">
         <name>.text:EPWM_isBaseValid</name>
         <load_address>0x8f1d</load_address>
         <run_address>0x8f1d</run_address>
         <size>0x2b</size>
         <input_file_ref idref="fl-2"/>
      </object_component>
      <object_component id="oc-3da">
         <name>.text:EPWM_isBaseValid</name>
         <load_address>0x8f48</load_address>
         <run_address>0x8f48</run_address>
         <size>0x2b</size>
         <input_file_ref idref="fl-3"/>
      </object_component>
      <object_component id="oc-97">
         <name>.text:__TI_auto_init_nobinit_nopinit</name>
         <load_address>0x8f73</load_address>
         <run_address>0x8f73</run_address>
         <size>0x2b</size>
         <input_file_ref idref="fl-36"/>
      </object_component>
      <object_component id="oc-352">
         <name>.text:PI_CONTROLLER_init</name>
         <load_address>0x8f9e</load_address>
         <run_address>0x8f9e</run_address>
         <size>0x29</size>
         <input_file_ref idref="fl-5"/>
      </object_component>
      <object_component id="oc-8b">
         <name>.text</name>
         <load_address>0x8fc7</load_address>
         <run_address>0x8fc7</run_address>
         <size>0x29</size>
         <input_file_ref idref="fl-3a"/>
      </object_component>
      <object_component id="oc-f5">
         <name>.text:Device_initGPIO</name>
         <load_address>0x8ff0</load_address>
         <run_address>0x8ff0</run_address>
         <size>0x10</size>
         <input_file_ref idref="fl-15"/>
      </object_component>
      <object_component id="oc-404">
         <name>.text:GPIO_writePin</name>
         <load_address>0x9000</load_address>
         <run_address>0x9000</run_address>
         <size>0x27</size>
         <input_file_ref idref="fl-3"/>
      </object_component>
      <object_component id="oc-328">
         <name>.text:HRPWM_setCounterCompareShadowLoadEvent</name>
         <load_address>0x9027</load_address>
         <run_address>0x9027</run_address>
         <size>0x27</size>
         <input_file_ref idref="fl-3"/>
      </object_component>
      <object_component id="oc-378">
         <name>.text:SysCtl_selectXTALSingleEnded</name>
         <load_address>0x904e</load_address>
         <run_address>0x904e</run_address>
         <size>0x25</size>
         <input_file_ref idref="fl-22"/>
      </object_component>
      <object_component id="oc-3bb">
         <name>.text:DCC_enableSingleShotMode</name>
         <load_address>0x9073</load_address>
         <run_address>0x9073</run_address>
         <size>0x24</size>
         <input_file_ref idref="fl-22"/>
      </object_component>
      <object_component id="oc-2d4">
         <name>.text:EPWM_setDeadBandDelayPolarity</name>
         <load_address>0x9097</load_address>
         <run_address>0x9097</run_address>
         <size>0x24</size>
         <input_file_ref idref="fl-3"/>
      </object_component>
      <object_component id="oc-2c2">
         <name>.text:EPWM_setCounterCompareValue</name>
         <load_address>0x90bb</load_address>
         <run_address>0x90bb</run_address>
         <size>0x22</size>
         <input_file_ref idref="fl-3"/>
      </object_component>
      <object_component id="oc-322">
         <name>.text:HRPWM_setMEPEdgeSelect</name>
         <load_address>0x90dd</load_address>
         <run_address>0x90dd</run_address>
         <size>0x22</size>
         <input_file_ref idref="fl-3"/>
      </object_component>
      <object_component id="oc-2f2">
         <name>.text:EPWM_setFallingEdgeDelayCountShadowLoadMode</name>
         <load_address>0x90ff</load_address>
         <run_address>0x90ff</run_address>
         <size>0x1f</size>
         <input_file_ref idref="fl-3"/>
      </object_component>
      <object_component id="oc-2e0">
         <name>.text:EPWM_setRisingEdgeDelayCountShadowLoadMode</name>
         <load_address>0x911e</load_address>
         <run_address>0x911e</run_address>
         <size>0x1f</size>
         <input_file_ref idref="fl-3"/>
      </object_component>
      <object_component id="oc-11f">
         <name>.text:HRPWM_setPhaseShift</name>
         <load_address>0x913d</load_address>
         <run_address>0x913d</run_address>
         <size>0x1f</size>
         <input_file_ref idref="fl-2"/>
      </object_component>
      <object_component id="oc-310">
         <name>.text:HRPWM_setPhaseShift</name>
         <load_address>0x915c</load_address>
         <run_address>0x915c</run_address>
         <size>0x1f</size>
         <input_file_ref idref="fl-3"/>
      </object_component>
      <object_component id="oc-3a9">
         <name>.text:DCC_setCounter0ClkSource</name>
         <load_address>0x917b</load_address>
         <run_address>0x917b</run_address>
         <size>0x1e</size>
         <input_file_ref idref="fl-22"/>
      </object_component>
      <object_component id="oc-3af">
         <name>.text:DCC_setCounter1ClkSource</name>
         <load_address>0x9199</load_address>
         <run_address>0x9199</run_address>
         <size>0x1e</size>
         <input_file_ref idref="fl-22"/>
      </object_component>
      <object_component id="oc-2b0">
         <name>.text:EPWM_setPhaseShift</name>
         <load_address>0x91b7</load_address>
         <run_address>0x91b7</run_address>
         <size>0x1e</size>
         <input_file_ref idref="fl-3"/>
      </object_component>
      <object_component id="oc-28">
         <name>.text:Interrupt_initVectorTable</name>
         <load_address>0x91d5</load_address>
         <run_address>0x91d5</run_address>
         <size>0x1e</size>
         <input_file_ref idref="fl-21"/>
      </object_component>
      <object_component id="oc-2bc">
         <name>.text:EPWM_enableSyncOutPulseSource</name>
         <load_address>0x91f3</load_address>
         <run_address>0x91f3</run_address>
         <size>0x1d</size>
         <input_file_ref idref="fl-3"/>
      </object_component>
      <object_component id="oc-2fe">
         <name>.text:EPWM_setFallingEdgeDelayCount</name>
         <load_address>0x9210</load_address>
         <run_address>0x9210</run_address>
         <size>0x1d</size>
         <input_file_ref idref="fl-3"/>
      </object_component>
      <object_component id="oc-2ec">
         <name>.text:EPWM_setRisingEdgeDelayCount</name>
         <load_address>0x922d</load_address>
         <run_address>0x922d</run_address>
         <size>0x1d</size>
         <input_file_ref idref="fl-3"/>
      </object_component>
      <object_component id="oc-3d">
         <name>.text</name>
         <load_address>0x924a</load_address>
         <run_address>0x924a</run_address>
         <size>0x1d</size>
         <input_file_ref idref="fl-3f"/>
      </object_component>
      <object_component id="oc-292">
         <name>.text:EPWM_setClockPrescaler</name>
         <load_address>0x9267</load_address>
         <run_address>0x9267</run_address>
         <size>0x1c</size>
         <input_file_ref idref="fl-3"/>
      </object_component>
      <object_component id="oc-1d5">
         <name>.text:HRPWM_isBaseValid</name>
         <load_address>0x9283</load_address>
         <run_address>0x9283</run_address>
         <size>0x1b</size>
         <input_file_ref idref="fl-2"/>
      </object_component>
      <object_component id="oc-3f5">
         <name>.text:HRPWM_isBaseValid</name>
         <load_address>0x929e</load_address>
         <run_address>0x929e</run_address>
         <size>0x1b</size>
         <input_file_ref idref="fl-3"/>
      </object_component>
      <object_component id="oc-182">
         <name>.text:SysCtl_getLowSpeedClock</name>
         <load_address>0x92b9</load_address>
         <run_address>0x92b9</run_address>
         <size>0x1a</size>
         <input_file_ref idref="fl-22"/>
      </object_component>
      <object_component id="oc-125">
         <name>.text:EPWM_setCountModeAfterSync</name>
         <load_address>0x92d3</load_address>
         <run_address>0x92d3</run_address>
         <size>0x19</size>
         <input_file_ref idref="fl-2"/>
      </object_component>
      <object_component id="oc-334">
         <name>.text:EPWM_setCountModeAfterSync</name>
         <load_address>0x92ec</load_address>
         <run_address>0x92ec</run_address>
         <size>0x19</size>
         <input_file_ref idref="fl-3"/>
      </object_component>
      <object_component id="oc-250">
         <name>.text:SysCtl_setPLLSysClk</name>
         <load_address>0x9305</load_address>
         <run_address>0x9305</run_address>
         <size>0x19</size>
         <input_file_ref idref="fl-22"/>
      </object_component>
      <object_component id="oc-341">
         <name>.text:myGPIO0_init</name>
         <load_address>0x931e</load_address>
         <run_address>0x931e</run_address>
         <size>0x19</size>
         <input_file_ref idref="fl-3"/>
      </object_component>
      <object_component id="oc-2f8">
         <name>.text:EPWM_disableFallingEdgeDelayCountShadowLoadMode</name>
         <load_address>0x9337</load_address>
         <run_address>0x9337</run_address>
         <size>0x18</size>
         <input_file_ref idref="fl-3"/>
      </object_component>
      <object_component id="oc-2e6">
         <name>.text:EPWM_disableRisingEdgeDelayCountShadowLoadMode</name>
         <load_address>0x934f</load_address>
         <run_address>0x934f</run_address>
         <size>0x18</size>
         <input_file_ref idref="fl-3"/>
      </object_component>
      <object_component id="oc-101">
         <name>.text:SysCtl_disablePeripheral</name>
         <load_address>0x9367</load_address>
         <run_address>0x9367</run_address>
         <size>0x18</size>
         <input_file_ref idref="fl-2"/>
      </object_component>
      <object_component id="oc-10d">
         <name>.text:SysCtl_enablePeripheral</name>
         <load_address>0x937f</load_address>
         <run_address>0x937f</run_address>
         <size>0x17</size>
         <input_file_ref idref="fl-2"/>
      </object_component>
      <object_component id="oc-262">
         <name>.text:SysCtl_enablePeripheral</name>
         <load_address>0x9396</load_address>
         <run_address>0x9396</run_address>
         <size>0x17</size>
         <input_file_ref idref="fl-15"/>
      </object_component>
      <object_component id="oc-385">
         <name>.text:SysCtl_enablePeripheral</name>
         <load_address>0x93ad</load_address>
         <run_address>0x93ad</run_address>
         <size>0x17</size>
         <input_file_ref idref="fl-22"/>
      </object_component>
      <object_component id="oc-6d">
         <name>.text</name>
         <load_address>0x93c4</load_address>
         <run_address>0x93c4</run_address>
         <size>0x17</size>
         <input_file_ref idref="fl-32"/>
      </object_component>
      <object_component id="oc-3a3">
         <name>.text:DCC_disableDoneSignal</name>
         <load_address>0x93db</load_address>
         <run_address>0x93db</run_address>
         <size>0x16</size>
         <input_file_ref idref="fl-22"/>
      </object_component>
      <object_component id="oc-2b6">
         <name>.text:EPWM_setSyncInPulseSource</name>
         <load_address>0x93f1</load_address>
         <run_address>0x93f1</run_address>
         <size>0x16</size>
         <input_file_ref idref="fl-3"/>
      </object_component>
      <object_component id="oc-22">
         <name>.text:Interrupt_defaultHandler</name>
         <load_address>0x9407</load_address>
         <run_address>0x9407</run_address>
         <size>0x16</size>
         <input_file_ref idref="fl-21"/>
      </object_component>
      <object_component id="oc-391">
         <name>.text:DCC_clearDoneFlag</name>
         <load_address>0x941d</load_address>
         <run_address>0x941d</run_address>
         <size>0x15</size>
         <input_file_ref idref="fl-22"/>
      </object_component>
      <object_component id="oc-38b">
         <name>.text:DCC_clearErrorFlag</name>
         <load_address>0x9432</load_address>
         <run_address>0x9432</run_address>
         <size>0x15</size>
         <input_file_ref idref="fl-22"/>
      </object_component>
      <object_component id="oc-39d">
         <name>.text:DCC_disableErrorSignal</name>
         <load_address>0x9447</load_address>
         <run_address>0x9447</run_address>
         <size>0x15</size>
         <input_file_ref idref="fl-22"/>
      </object_component>
      <object_component id="oc-432">
         <name>.text:DCC_isBaseValid</name>
         <load_address>0x945c</load_address>
         <run_address>0x945c</run_address>
         <size>0x15</size>
         <input_file_ref idref="fl-22"/>
      </object_component>
      <object_component id="oc-19c">
         <name>.text:GPIO_unlockPortConfig</name>
         <load_address>0x9471</load_address>
         <run_address>0x9471</run_address>
         <size>0x15</size>
         <input_file_ref idref="fl-15"/>
      </object_component>
      <object_component id="oc-30a">
         <name>.text:HRPWM_disablePhaseShiftLoad</name>
         <load_address>0x9486</load_address>
         <run_address>0x9486</run_address>
         <size>0x15</size>
         <input_file_ref idref="fl-3"/>
      </object_component>
      <object_component id="oc-31c">
         <name>.text:HRPWM_enableAutoConversion</name>
         <load_address>0x949b</load_address>
         <run_address>0x949b</run_address>
         <size>0x15</size>
         <input_file_ref idref="fl-3"/>
      </object_component>
      <object_component id="oc-32e">
         <name>.text:HRPWM_enablePeriodControl</name>
         <load_address>0x94b0</load_address>
         <run_address>0x94b0</run_address>
         <size>0x15</size>
         <input_file_ref idref="fl-3"/>
      </object_component>
      <object_component id="oc-131">
         <name>.text:HRPWM_enablePhaseShiftLoad</name>
         <load_address>0x94c5</load_address>
         <run_address>0x94c5</run_address>
         <size>0x15</size>
         <input_file_ref idref="fl-2"/>
      </object_component>
      <object_component id="oc-397">
         <name>.text:DCC_disableModule</name>
         <load_address>0x94da</load_address>
         <run_address>0x94da</run_address>
         <size>0x14</size>
         <input_file_ref idref="fl-22"/>
      </object_component>
      <object_component id="oc-3c1">
         <name>.text:DCC_enableModule</name>
         <load_address>0x94ee</load_address>
         <run_address>0x94ee</run_address>
         <size>0x14</size>
         <input_file_ref idref="fl-22"/>
      </object_component>
      <object_component id="oc-2a4">
         <name>.text:EPWM_setTimeBaseCounterMode</name>
         <load_address>0x9502</load_address>
         <run_address>0x9502</run_address>
         <size>0x14</size>
         <input_file_ref idref="fl-3"/>
      </object_component>
      <object_component id="oc-298">
         <name>.text:EPWM_setTimeBasePeriod</name>
         <load_address>0x9516</load_address>
         <run_address>0x9516</run_address>
         <size>0x14</size>
         <input_file_ref idref="fl-3"/>
      </object_component>
      <object_component id="oc-445">
         <name>.text:GPIO_isPinValid</name>
         <load_address>0x952a</load_address>
         <run_address>0x952a</run_address>
         <size>0x14</size>
         <input_file_ref idref="fl-3"/>
      </object_component>
      <object_component id="oc-3d0">
         <name>.text:GPIO_isPinValid</name>
         <load_address>0x953e</load_address>
         <run_address>0x953e</run_address>
         <size>0x14</size>
         <input_file_ref idref="fl-20"/>
      </object_component>
      <object_component id="oc-29e">
         <name>.text:EPWM_setTimeBaseCounter</name>
         <load_address>0x9552</load_address>
         <run_address>0x9552</run_address>
         <size>0x12</size>
         <input_file_ref idref="fl-3"/>
      </object_component>
      <object_component id="oc-285">
         <name>.text:SysCtl_setSyncOutputConfig</name>
         <load_address>0x9564</load_address>
         <run_address>0x9564</run_address>
         <size>0x12</size>
         <input_file_ref idref="fl-3"/>
      </object_component>
      <object_component id="oc-34b">
         <name>.text:mySFO0_init</name>
         <load_address>0x9576</load_address>
         <run_address>0x9576</run_address>
         <size>0x12</size>
         <input_file_ref idref="fl-5"/>
      </object_component>
      <object_component id="oc-2aa">
         <name>.text:EPWM_disablePhaseShiftLoad</name>
         <load_address>0x9588</load_address>
         <run_address>0x9588</run_address>
         <size>0x11</size>
         <input_file_ref idref="fl-3"/>
      </object_component>
      <object_component id="oc-12b">
         <name>.text:EPWM_enablePhaseShiftLoad</name>
         <load_address>0x9599</load_address>
         <run_address>0x9599</run_address>
         <size>0x11</size>
         <input_file_ref idref="fl-2"/>
      </object_component>
      <object_component id="oc-304">
         <name>.text:EPWM_enablePhaseShiftLoad</name>
         <load_address>0x95aa</load_address>
         <run_address>0x95aa</run_address>
         <size>0x11</size>
         <input_file_ref idref="fl-3"/>
      </object_component>
      <object_component id="oc-203">
         <name>.text:Flash_isCtrlBaseValid</name>
         <load_address>0x95bb</load_address>
         <run_address>0x95bb</run_address>
         <size>0x10</size>
         <input_file_ref idref="fl-1f"/>
      </object_component>
      <object_component id="oc-20a">
         <name>.text:Flash_isECCBaseValid</name>
         <load_address>0x95cb</load_address>
         <run_address>0x95cb</run_address>
         <size>0x10</size>
         <input_file_ref idref="fl-1f"/>
      </object_component>
      <object_component id="oc-1a3">
         <name>.text:Interrupt_disableGlobal</name>
         <load_address>0x95db</load_address>
         <run_address>0x95db</run_address>
         <size>0xd</size>
         <input_file_ref idref="fl-21"/>
      </object_component>
      <object_component id="oc-16f">
         <name>.text:SysCtl_setLowSpeedClock</name>
         <load_address>0x95e8</load_address>
         <run_address>0x95e8</run_address>
         <size>0xd</size>
         <input_file_ref idref="fl-15"/>
      </object_component>
      <object_component id="oc-45">
         <name>.text:decompress:ZI:__TI_zero_init_nomemset</name>
         <load_address>0x95f5</load_address>
         <run_address>0x95f5</run_address>
         <size>0xd</size>
         <input_file_ref idref="fl-37"/>
      </object_component>
      <object_component id="oc-28b">
         <name>.text:SysCtl_enableExtADCSOCSource</name>
         <load_address>0x9602</load_address>
         <run_address>0x9602</run_address>
         <size>0xc</size>
         <input_file_ref idref="fl-3"/>
      </object_component>
      <object_component id="oc-85">
         <name>.text</name>
         <load_address>0x960e</load_address>
         <run_address>0x960e</run_address>
         <size>0xc</size>
         <input_file_ref idref="fl-3c"/>
      </object_component>
      <object_component id="oc-107">
         <name>.text:Board_init</name>
         <load_address>0x961a</load_address>
         <run_address>0x961a</run_address>
         <size>0xb</size>
         <input_file_ref idref="fl-3"/>
      </object_component>
      <object_component id="oc-157">
         <name>.text:SysCtl_disableWatchdog</name>
         <load_address>0x9625</load_address>
         <run_address>0x9625</run_address>
         <size>0xb</size>
         <input_file_ref idref="fl-15"/>
      </object_component>
      <object_component id="oc-243">
         <name>.text:SysCtl_isMCDClockFailureDetected</name>
         <load_address>0x9630</load_address>
         <run_address>0x9630</run_address>
         <size>0xb</size>
         <input_file_ref idref="fl-22"/>
      </object_component>
      <object_component id="oc-2e">
         <name>.text:Interrupt_illegalOperationHandler</name>
         <load_address>0x963b</load_address>
         <run_address>0x963b</run_address>
         <size>0xa</size>
         <input_file_ref idref="fl-21"/>
      </object_component>
      <object_component id="oc-34">
         <name>.text:Interrupt_nmiHandler</name>
         <load_address>0x9645</load_address>
         <run_address>0x9645</run_address>
         <size>0xa</size>
         <input_file_ref idref="fl-21"/>
      </object_component>
      <object_component id="oc-1b1">
         <name>.text:SYNC_init</name>
         <load_address>0x964f</load_address>
         <run_address>0x964f</run_address>
         <size>0xa</size>
         <input_file_ref idref="fl-3"/>
      </object_component>
      <object_component id="oc-144">
         <name>.text</name>
         <load_address>0x9659</load_address>
         <run_address>0x9659</run_address>
         <size>0x9</size>
         <input_file_ref idref="fl-3b"/>
      </object_component>
      <object_component id="oc-16">
         <name>.text:decompress:none</name>
         <load_address>0x9662</load_address>
         <run_address>0x9662</run_address>
         <size>0x8</size>
         <input_file_ref idref="fl-38"/>
      </object_component>
      <object_component id="oc-51">
         <name>.text</name>
         <load_address>0x966a</load_address>
         <run_address>0x966a</run_address>
         <size>0x8</size>
         <input_file_ref idref="fl-16"/>
      </object_component>
      <object_component id="oc-18e">
         <name>.text:ASysCtl_lockVREG</name>
         <load_address>0x9672</load_address>
         <run_address>0x9672</run_address>
         <size>0x7</size>
         <input_file_ref idref="fl-15"/>
      </object_component>
      <object_component id="oc-428">
         <name>.text:SysCtl_resetMCD</name>
         <load_address>0x9679</load_address>
         <run_address>0x9679</run_address>
         <size>0x7</size>
         <input_file_ref idref="fl-22"/>
      </object_component>
      <object_component id="oc-17c">
         <name>.text:__error__</name>
         <load_address>0x9680</load_address>
         <run_address>0x9680</run_address>
         <size>0x7</size>
         <input_file_ref idref="fl-15"/>
      </object_component>
      <object_component id="oc-15d">
         <name>.text:CMD_init</name>
         <load_address>0x9687</load_address>
         <run_address>0x9687</run_address>
         <size>0x3</size>
         <input_file_ref idref="fl-4"/>
      </object_component>
      <object_component id="oc-1cc">
         <name>.text:CONTROLLER_init</name>
         <load_address>0x968a</load_address>
         <run_address>0x968a</run_address>
         <size>0x3</size>
         <input_file_ref idref="fl-5"/>
      </object_component>
      <object_component id="oc-1bd">
         <name>.text:GPIO_init</name>
         <load_address>0x968d</load_address>
         <run_address>0x968d</run_address>
         <size>0x3</size>
         <input_file_ref idref="fl-3"/>
      </object_component>
      <object_component id="oc-1c6">
         <name>.text:HRPWM_SFO_init</name>
         <load_address>0x9690</load_address>
         <run_address>0x9690</run_address>
         <size>0x3</size>
         <input_file_ref idref="fl-5"/>
      </object_component>
      <object_component id="oc-7e">
         <name>.text</name>
         <load_address>0x9693</load_address>
         <run_address>0x9693</run_address>
         <size>0x2</size>
         <input_file_ref idref="fl-35"/>
      </object_component>
      <object_component id="oc-1fb">
         <name>.text:CMD_RAM_init</name>
         <load_address>0x9695</load_address>
         <run_address>0x9695</run_address>
         <size>0x1</size>
         <input_file_ref idref="fl-4"/>
      </object_component>
      <object_component id="oc-da">
         <name>.text</name>
         <load_address>0x9696</load_address>
         <run_address>0x9696</run_address>
         <size>0x1</size>
         <input_file_ref idref="fl-40"/>
      </object_component>
      <object_component id="oc-163">
         <name>.TI.ramfunc:Flash_initModule</name>
         <load_address>0x128</load_address>
         <run_address>0x128</run_address>
         <size>0x49</size>
         <input_file_ref idref="fl-1f"/>
      </object_component>
      <object_component id="oc-210">
         <name>.TI.ramfunc:Flash_setBankPowerMode</name>
         <load_address>0x171</load_address>
         <run_address>0x171</run_address>
         <size>0x2c</size>
         <input_file_ref idref="fl-1f"/>
      </object_component>
      <object_component id="oc-228">
         <name>.TI.ramfunc:Flash_setWaitstates</name>
         <load_address>0x19d</load_address>
         <run_address>0x19d</run_address>
         <size>0x24</size>
         <input_file_ref idref="fl-1f"/>
      </object_component>
      <object_component id="oc-216">
         <name>.TI.ramfunc:Flash_setPumpPowerMode</name>
         <load_address>0x1c1</load_address>
         <run_address>0x1c1</run_address>
         <size>0x1d</size>
         <input_file_ref idref="fl-1f"/>
      </object_component>
      <object_component id="oc-21c">
         <name>.TI.ramfunc:Flash_disableCache</name>
         <load_address>0x1de</load_address>
         <run_address>0x1de</run_address>
         <size>0x18</size>
         <input_file_ref idref="fl-1f"/>
      </object_component>
      <object_component id="oc-222">
         <name>.TI.ramfunc:Flash_disablePrefetch</name>
         <load_address>0x1f6</load_address>
         <run_address>0x1f6</run_address>
         <size>0x18</size>
         <input_file_ref idref="fl-1f"/>
      </object_component>
      <object_component id="oc-22e">
         <name>.TI.ramfunc:Flash_enableCache</name>
         <load_address>0x20e</load_address>
         <run_address>0x20e</run_address>
         <size>0x17</size>
         <input_file_ref idref="fl-1f"/>
      </object_component>
      <object_component id="oc-234">
         <name>.TI.ramfunc:Flash_enablePrefetch</name>
         <load_address>0x225</load_address>
         <run_address>0x225</run_address>
         <size>0x17</size>
         <input_file_ref idref="fl-1f"/>
      </object_component>
      <object_component id="oc-23a">
         <name>.TI.ramfunc:Flash_enableECC</name>
         <load_address>0x23c</load_address>
         <run_address>0x23c</run_address>
         <size>0x16</size>
         <input_file_ref idref="fl-1f"/>
      </object_component>
      <object_component id="oc-249">
         <name>.TI.ramfunc</name>
         <load_address>0x252</load_address>
         <run_address>0x252</run_address>
         <size>0x4</size>
         <input_file_ref idref="fl-22"/>
      </object_component>
      <object_component id="oc-494">
         <name>.cinit..data.load</name>
         <load_address>0x256</load_address>
         <run_address>0x256</run_address>
         <size>0x28</size>
      </object_component>
      <object_component id="oc-491">
         <name>__TI_handler_table</name>
         <load_address>0x27e</load_address>
         <run_address>0x27e</run_address>
         <size>0x6</size>
      </object_component>
      <object_component id="oc-493">
         <name>.cinit..bss.load</name>
         <load_address>0x284</load_address>
         <run_address>0x284</run_address>
         <size>0x4</size>
      </object_component>
      <object_component id="oc-492">
         <name>__TI_cinit_table</name>
         <load_address>0x288</load_address>
         <run_address>0x288</run_address>
         <size>0x8</size>
      </object_component>
      <object_component id="oc-3a">
         <name>.stack</name>
         <uninitialized>true</uninitialized>
         <run_address>0x400</run_address>
         <size>0x0</size>
         <input_file_ref idref="fl-32"/>
      </object_component>
      <object_component id="oc-495">
         <name>.stack</name>
         <uninitialized>true</uninitialized>
         <run_address>0x400</run_address>
         <size>0x0</size>
      </object_component>
      <object_component id="oc-13a">
         <name>.bss</name>
         <uninitialized>true</uninitialized>
         <run_address>0xabcc</run_address>
         <size>0xa</size>
         <input_file_ref idref="fl-2"/>
      </object_component>
      <object_component id="oc-455">
         <name>.bss</name>
         <uninitialized>true</uninitialized>
         <run_address>0xabe4</run_address>
         <size>0x1</size>
         <input_file_ref idref="fl-5"/>
      </object_component>
      <object_component id="oc-44e">
         <name>.bss</name>
         <uninitialized>true</uninitialized>
         <run_address>0xabdf</run_address>
         <size>0x5</size>
         <input_file_ref idref="fl-26"/>
      </object_component>
      <object_component id="oc-452">
         <name>.bss:MEP_SF</name>
         <uninitialized>true</uninitialized>
         <run_address>0xabd6</run_address>
         <size>0x9</size>
         <input_file_ref idref="fl-26"/>
      </object_component>
      <object_component id="oc-3e0">
         <name>.const:.string</name>
         <load_address>0xa800</load_address>
         <run_address>0xa800</run_address>
         <size>0xcd</size>
         <input_file_ref idref="fl-3"/>
      </object_component>
      <object_component id="oc-209">
         <name>.const:.string</name>
         <load_address>0xa8ce</load_address>
         <run_address>0xa8ce</run_address>
         <size>0x9b</size>
         <input_file_ref idref="fl-1f"/>
      </object_component>
      <object_component id="oc-242">
         <name>.const:.string</name>
         <load_address>0xa96a</load_address>
         <run_address>0xa96a</run_address>
         <size>0x9a</size>
         <input_file_ref idref="fl-22"/>
      </object_component>
      <object_component id="oc-26a">
         <name>.const:.string</name>
         <load_address>0xaa04</load_address>
         <run_address>0xaa04</run_address>
         <size>0x98</size>
         <input_file_ref idref="fl-20"/>
      </object_component>
      <object_component id="oc-1db">
         <name>.const:.string</name>
         <load_address>0xaa9c</load_address>
         <run_address>0xaa9c</run_address>
         <size>0x89</size>
         <input_file_ref idref="fl-2"/>
      </object_component>
      <object_component id="oc-17b">
         <name>.const:.string</name>
         <load_address>0xab26</load_address>
         <run_address>0xab26</run_address>
         <size>0x59</size>
         <input_file_ref idref="fl-15"/>
      </object_component>
      <object_component id="oc-137">
         <name>.data</name>
         <load_address>0xabbc</load_address>
         <run_address>0xabbc</run_address>
         <size>0x4</size>
         <input_file_ref idref="fl-2"/>
      </object_component>
      <object_component id="oc-41e">
         <name>.data</name>
         <load_address>0xab80</load_address>
         <run_address>0xab80</run_address>
         <size>0x2c</size>
         <input_file_ref idref="fl-5"/>
      </object_component>
      <object_component id="oc-458">
         <name>.data:ePWM</name>
         <load_address>0xabac</load_address>
         <run_address>0xabac</run_address>
         <size>0x10</size>
         <input_file_ref idref="fl-5"/>
      </object_component>
      <object_component id="oc-451">
         <name>.data</name>
         <load_address>0xabca</load_address>
         <run_address>0xabca</run_address>
         <size>0x1</size>
         <input_file_ref idref="fl-26"/>
      </object_component>
      <object_component id="oc-cf">
         <name>.data</name>
         <load_address>0xabc0</load_address>
         <run_address>0xabc0</run_address>
         <size>0x6</size>
         <input_file_ref idref="fl-3a"/>
      </object_component>
      <object_component id="oc-d2">
         <name>.data:_lock</name>
         <load_address>0xabc6</load_address>
         <run_address>0xabc6</run_address>
         <size>0x2</size>
         <input_file_ref idref="fl-3b"/>
      </object_component>
      <object_component id="oc-1ed">
         <name>.data:_unlock</name>
         <load_address>0xabc8</load_address>
         <run_address>0xabc8</run_address>
         <size>0x2</size>
         <input_file_ref idref="fl-3b"/>
      </object_component>
      <object_component id="oc-13e">
         <name>.debug_types</name>
         <load_address>0x0</load_address>
         <run_address>0x0</run_address>
         <size>0xd94</size>
         <input_file_ref idref="fl-2"/>
      </object_component>
      <object_component id="oc-1c4">
         <name>.debug_types</name>
         <load_address>0xd94</load_address>
         <run_address>0xd94</run_address>
         <size>0x16df</size>
         <input_file_ref idref="fl-3"/>
      </object_component>
      <object_component id="oc-202">
         <name>.debug_types</name>
         <load_address>0x0</load_address>
         <run_address>0x0</run_address>
         <size>0x0</size>
         <input_file_ref idref="fl-4"/>
      </object_component>
      <object_component id="oc-1d3">
         <name>.debug_types</name>
         <load_address>0x2473</load_address>
         <run_address>0x2473</run_address>
         <size>0x389</size>
         <input_file_ref idref="fl-5"/>
      </object_component>
      <object_component id="oc-19b">
         <name>.debug_types</name>
         <load_address>0x27fc</load_address>
         <run_address>0x27fc</run_address>
         <size>0x51b</size>
         <input_file_ref idref="fl-15"/>
      </object_component>
      <object_component id="oc-241">
         <name>.debug_types</name>
         <load_address>0x2d17</load_address>
         <run_address>0x2d17</run_address>
         <size>0x1fa</size>
         <input_file_ref idref="fl-1f"/>
      </object_component>
      <object_component id="oc-26c">
         <name>.debug_types</name>
         <load_address>0x2f11</load_address>
         <run_address>0x2f11</run_address>
         <size>0x25f</size>
         <input_file_ref idref="fl-20"/>
      </object_component>
      <object_component id="oc-58">
         <name>.debug_types</name>
         <load_address>0x0</load_address>
         <run_address>0x0</run_address>
         <size>0x0</size>
         <input_file_ref idref="fl-21"/>
      </object_component>
      <object_component id="oc-25d">
         <name>.debug_types</name>
         <load_address>0x3170</load_address>
         <run_address>0x3170</run_address>
         <size>0x768</size>
         <input_file_ref idref="fl-22"/>
      </object_component>
      <object_component id="oc-45c">
         <name>.debug_types</name>
         <load_address>0x38d8</load_address>
         <run_address>0x38d8</run_address>
         <size>0xce</size>
         <input_file_ref idref="fl-26"/>
      </object_component>
      <object_component id="oc-96">
         <name>.debug_types</name>
         <load_address>0x0</load_address>
         <run_address>0x0</run_address>
         <size>0x0</size>
         <input_file_ref idref="fl-35"/>
      </object_component>
      <object_component id="oc-e1">
         <name>.debug_types</name>
         <load_address>0x39a6</load_address>
         <run_address>0x39a6</run_address>
         <size>0x4e8</size>
         <input_file_ref idref="fl-36"/>
      </object_component>
      <object_component id="oc-65">
         <name>.debug_types</name>
         <load_address>0x3e8e</load_address>
         <run_address>0x3e8e</run_address>
         <size>0x1f3</size>
         <input_file_ref idref="fl-37"/>
      </object_component>
      <object_component id="oc-44">
         <name>.debug_types</name>
         <load_address>0x0</load_address>
         <run_address>0x0</run_address>
         <size>0x0</size>
         <input_file_ref idref="fl-38"/>
      </object_component>
      <object_component id="oc-3c">
         <name>.debug_types</name>
         <load_address>0x4081</load_address>
         <run_address>0x4081</run_address>
         <size>0x191</size>
         <input_file_ref idref="fl-39"/>
      </object_component>
      <object_component id="oc-d6">
         <name>.debug_types</name>
         <load_address>0x4212</load_address>
         <run_address>0x4212</run_address>
         <size>0xbf</size>
         <input_file_ref idref="fl-3a"/>
      </object_component>
      <object_component id="oc-14c">
         <name>.debug_types</name>
         <load_address>0x42d1</load_address>
         <run_address>0x42d1</run_address>
         <size>0x2f</size>
         <input_file_ref idref="fl-3b"/>
      </object_component>
      <object_component id="oc-ce">
         <name>.debug_types</name>
         <load_address>0x4300</load_address>
         <run_address>0x4300</run_address>
         <size>0xe1</size>
         <input_file_ref idref="fl-3c"/>
      </object_component>
      <object_component id="oc-60">
         <name>.debug_types</name>
         <load_address>0x43e1</load_address>
         <run_address>0x43e1</run_address>
         <size>0xb8</size>
         <input_file_ref idref="fl-3f"/>
      </object_component>
      <object_component id="oc-151">
         <name>.debug_types</name>
         <load_address>0x0</load_address>
         <run_address>0x0</run_address>
         <size>0x0</size>
         <input_file_ref idref="fl-40"/>
      </object_component>
      <object_component id="oc-13b">
         <name>.debug_info</name>
         <load_address>0x0</load_address>
         <run_address>0x0</run_address>
         <size>0x23f</size>
         <input_file_ref idref="fl-2"/>
      </object_component>
      <object_component id="oc-138">
         <name>.debug_info</name>
         <load_address>0x23f</load_address>
         <run_address>0x23f</run_address>
         <size>0x103</size>
         <input_file_ref idref="fl-2"/>
      </object_component>
      <object_component id="oc-10e">
         <name>.debug_info</name>
         <load_address>0x342</load_address>
         <run_address>0x342</run_address>
         <size>0x19b</size>
         <input_file_ref idref="fl-2"/>
      </object_component>
      <object_component id="oc-103">
         <name>.debug_info</name>
         <load_address>0x4dd</load_address>
         <run_address>0x4dd</run_address>
         <size>0x19d</size>
         <input_file_ref idref="fl-2"/>
      </object_component>
      <object_component id="oc-1de">
         <name>.debug_info</name>
         <load_address>0x67a</load_address>
         <run_address>0x67a</run_address>
         <size>0x15d</size>
         <input_file_ref idref="fl-2"/>
      </object_component>
      <object_component id="oc-127">
         <name>.debug_info</name>
         <load_address>0x7d7</load_address>
         <run_address>0x7d7</run_address>
         <size>0x1af</size>
         <input_file_ref idref="fl-2"/>
      </object_component>
      <object_component id="oc-12c">
         <name>.debug_info</name>
         <load_address>0x986</load_address>
         <run_address>0x986</run_address>
         <size>0x18c</size>
         <input_file_ref idref="fl-2"/>
      </object_component>
      <object_component id="oc-1d6">
         <name>.debug_info</name>
         <load_address>0xb12</load_address>
         <run_address>0xb12</run_address>
         <size>0x160</size>
         <input_file_ref idref="fl-2"/>
      </object_component>
      <object_component id="oc-121">
         <name>.debug_info</name>
         <load_address>0xc72</load_address>
         <run_address>0xc72</run_address>
         <size>0x1a8</size>
         <input_file_ref idref="fl-2"/>
      </object_component>
      <object_component id="oc-133">
         <name>.debug_info</name>
         <load_address>0xe1a</load_address>
         <run_address>0xe1a</run_address>
         <size>0x190</size>
         <input_file_ref idref="fl-2"/>
      </object_component>
      <object_component id="oc-c8">
         <name>.debug_info</name>
         <load_address>0xfaa</load_address>
         <run_address>0xfaa</run_address>
         <size>0x2c6</size>
         <input_file_ref idref="fl-2"/>
      </object_component>
      <object_component id="oc-11a">
         <name>.debug_info</name>
         <load_address>0x1270</load_address>
         <run_address>0x1270</run_address>
         <size>0x186</size>
         <input_file_ref idref="fl-2"/>
      </object_component>
      <object_component id="oc-286">
         <name>.debug_info</name>
         <load_address>0x13f6</load_address>
         <run_address>0x13f6</run_address>
         <size>0x172</size>
         <input_file_ref idref="fl-3"/>
      </object_component>
      <object_component id="oc-28c">
         <name>.debug_info</name>
         <load_address>0x1568</load_address>
         <run_address>0x1568</run_address>
         <size>0x17a</size>
         <input_file_ref idref="fl-3"/>
      </object_component>
      <object_component id="oc-3db">
         <name>.debug_info</name>
         <load_address>0x16e2</load_address>
         <run_address>0x16e2</run_address>
         <size>0x15e</size>
         <input_file_ref idref="fl-3"/>
      </object_component>
      <object_component id="oc-29f">
         <name>.debug_info</name>
         <load_address>0x1840</load_address>
         <run_address>0x1840</run_address>
         <size>0x1ac</size>
         <input_file_ref idref="fl-3"/>
      </object_component>
      <object_component id="oc-335">
         <name>.debug_info</name>
         <load_address>0x19ec</load_address>
         <run_address>0x19ec</run_address>
         <size>0x1b0</size>
         <input_file_ref idref="fl-3"/>
      </object_component>
      <object_component id="oc-293">
         <name>.debug_info</name>
         <load_address>0x1b9c</load_address>
         <run_address>0x1b9c</run_address>
         <size>0x1ef</size>
         <input_file_ref idref="fl-3"/>
      </object_component>
      <object_component id="oc-2b7">
         <name>.debug_info</name>
         <load_address>0x1d8b</load_address>
         <run_address>0x1d8b</run_address>
         <size>0x1b2</size>
         <input_file_ref idref="fl-3"/>
      </object_component>
      <object_component id="oc-2bd">
         <name>.debug_info</name>
         <load_address>0x1f3d</load_address>
         <run_address>0x1f3d</run_address>
         <size>0x1c9</size>
         <input_file_ref idref="fl-3"/>
      </object_component>
      <object_component id="oc-305">
         <name>.debug_info</name>
         <load_address>0x2106</load_address>
         <run_address>0x2106</run_address>
         <size>0x18d</size>
         <input_file_ref idref="fl-3"/>
      </object_component>
      <object_component id="oc-2ab">
         <name>.debug_info</name>
         <load_address>0x2293</load_address>
         <run_address>0x2293</run_address>
         <size>0x18f</size>
         <input_file_ref idref="fl-3"/>
      </object_component>
      <object_component id="oc-2a5">
         <name>.debug_info</name>
         <load_address>0x2422</load_address>
         <run_address>0x2422</run_address>
         <size>0x1c0</size>
         <input_file_ref idref="fl-3"/>
      </object_component>
      <object_component id="oc-2b1">
         <name>.debug_info</name>
         <load_address>0x25e2</load_address>
         <run_address>0x25e2</run_address>
         <size>0x1ac</size>
         <input_file_ref idref="fl-3"/>
      </object_component>
      <object_component id="oc-299">
         <name>.debug_info</name>
         <load_address>0x278e</load_address>
         <run_address>0x278e</run_address>
         <size>0x1b6</size>
         <input_file_ref idref="fl-3"/>
      </object_component>
      <object_component id="oc-2c9">
         <name>.debug_info</name>
         <load_address>0x2944</load_address>
         <run_address>0x2944</run_address>
         <size>0x267</size>
         <input_file_ref idref="fl-3"/>
      </object_component>
      <object_component id="oc-2c3">
         <name>.debug_info</name>
         <load_address>0x2bab</load_address>
         <run_address>0x2bab</run_address>
         <size>0x204</size>
         <input_file_ref idref="fl-3"/>
      </object_component>
      <object_component id="oc-2cf">
         <name>.debug_info</name>
         <load_address>0x2daf</load_address>
         <run_address>0x2daf</run_address>
         <size>0x230</size>
         <input_file_ref idref="fl-3"/>
      </object_component>
      <object_component id="oc-33b">
         <name>.debug_info</name>
         <load_address>0x2fdf</load_address>
         <run_address>0x2fdf</run_address>
         <size>0x202</size>
         <input_file_ref idref="fl-3"/>
      </object_component>
      <object_component id="oc-2db">
         <name>.debug_info</name>
         <load_address>0x31e1</load_address>
         <run_address>0x31e1</run_address>
         <size>0x200</size>
         <input_file_ref idref="fl-3"/>
      </object_component>
      <object_component id="oc-2d5">
         <name>.debug_info</name>
         <load_address>0x33e1</load_address>
         <run_address>0x33e1</run_address>
         <size>0x1fb</size>
         <input_file_ref idref="fl-3"/>
      </object_component>
      <object_component id="oc-317">
         <name>.debug_info</name>
         <load_address>0x35dc</load_address>
         <run_address>0x35dc</run_address>
         <size>0x1d7</size>
         <input_file_ref idref="fl-3"/>
      </object_component>
      <object_component id="oc-2e1">
         <name>.debug_info</name>
         <load_address>0x37b3</load_address>
         <run_address>0x37b3</run_address>
         <size>0x1d8</size>
         <input_file_ref idref="fl-3"/>
      </object_component>
      <object_component id="oc-2e7">
         <name>.debug_info</name>
         <load_address>0x398b</load_address>
         <run_address>0x398b</run_address>
         <size>0x1b7</size>
         <input_file_ref idref="fl-3"/>
      </object_component>
      <object_component id="oc-2f3">
         <name>.debug_info</name>
         <load_address>0x3b42</load_address>
         <run_address>0x3b42</run_address>
         <size>0x1da</size>
         <input_file_ref idref="fl-3"/>
      </object_component>
      <object_component id="oc-2f9">
         <name>.debug_info</name>
         <load_address>0x3d1c</load_address>
         <run_address>0x3d1c</run_address>
         <size>0x1b9</size>
         <input_file_ref idref="fl-3"/>
      </object_component>
      <object_component id="oc-2ed">
         <name>.debug_info</name>
         <load_address>0x3ed5</load_address>
         <run_address>0x3ed5</run_address>
         <size>0x1cb</size>
         <input_file_ref idref="fl-3"/>
      </object_component>
      <object_component id="oc-2ff">
         <name>.debug_info</name>
         <load_address>0x40a0</load_address>
         <run_address>0x40a0</run_address>
         <size>0x1cd</size>
         <input_file_ref idref="fl-3"/>
      </object_component>
      <object_component id="oc-446">
         <name>.debug_info</name>
         <load_address>0x426d</load_address>
         <run_address>0x426d</run_address>
         <size>0x158</size>
         <input_file_ref idref="fl-3"/>
      </object_component>
      <object_component id="oc-405">
         <name>.debug_info</name>
         <load_address>0x43c5</load_address>
         <run_address>0x43c5</run_address>
         <size>0x1b1</size>
         <input_file_ref idref="fl-3"/>
      </object_component>
      <object_component id="oc-3f6">
         <name>.debug_info</name>
         <load_address>0x4576</load_address>
         <run_address>0x4576</run_address>
         <size>0x161</size>
         <input_file_ref idref="fl-3"/>
      </object_component>
      <object_component id="oc-311">
         <name>.debug_info</name>
         <load_address>0x46d7</load_address>
         <run_address>0x46d7</run_address>
         <size>0x1a9</size>
         <input_file_ref idref="fl-3"/>
      </object_component>
      <object_component id="oc-323">
         <name>.debug_info</name>
         <load_address>0x4880</load_address>
         <run_address>0x4880</run_address>
         <size>0x1df</size>
         <input_file_ref idref="fl-3"/>
      </object_component>
      <object_component id="oc-329">
         <name>.debug_info</name>
         <load_address>0x4a5f</load_address>
         <run_address>0x4a5f</run_address>
         <size>0x1fb</size>
         <input_file_ref idref="fl-3"/>
      </object_component>
      <object_component id="oc-31d">
         <name>.debug_info</name>
         <load_address>0x4c5a</load_address>
         <run_address>0x4c5a</run_address>
         <size>0x191</size>
         <input_file_ref idref="fl-3"/>
      </object_component>
      <object_component id="oc-32f">
         <name>.debug_info</name>
         <load_address>0x4deb</load_address>
         <run_address>0x4deb</run_address>
         <size>0x18f</size>
         <input_file_ref idref="fl-3"/>
      </object_component>
      <object_component id="oc-30b">
         <name>.debug_info</name>
         <load_address>0x4f7a</load_address>
         <run_address>0x4f7a</run_address>
         <size>0x193</size>
         <input_file_ref idref="fl-3"/>
      </object_component>
      <object_component id="oc-108">
         <name>.debug_info</name>
         <load_address>0x510d</load_address>
         <run_address>0x510d</run_address>
         <size>0x130</size>
         <input_file_ref idref="fl-3"/>
      </object_component>
      <object_component id="oc-1ac">
         <name>.debug_info</name>
         <load_address>0x523d</load_address>
         <run_address>0x523d</run_address>
         <size>0x373</size>
         <input_file_ref idref="fl-3"/>
      </object_component>
      <object_component id="oc-1b9">
         <name>.debug_info</name>
         <load_address>0x55b0</load_address>
         <run_address>0x55b0</run_address>
         <size>0x1539</size>
         <input_file_ref idref="fl-3"/>
      </object_component>
      <object_component id="oc-1bf">
         <name>.debug_info</name>
         <load_address>0x6ae9</load_address>
         <run_address>0x6ae9</run_address>
         <size>0x104</size>
         <input_file_ref idref="fl-3"/>
      </object_component>
      <object_component id="oc-343">
         <name>.debug_info</name>
         <load_address>0x6bed</load_address>
         <run_address>0x6bed</run_address>
         <size>0x178</size>
         <input_file_ref idref="fl-3"/>
      </object_component>
      <object_component id="oc-1b3">
         <name>.debug_info</name>
         <load_address>0x6d65</load_address>
         <run_address>0x6d65</run_address>
         <size>0x156</size>
         <input_file_ref idref="fl-3"/>
      </object_component>
      <object_component id="oc-1ff">
         <name>.debug_info</name>
         <load_address>0x6ebb</load_address>
         <run_address>0x6ebb</run_address>
         <size>0x100</size>
         <input_file_ref idref="fl-4"/>
      </object_component>
      <object_component id="oc-15e">
         <name>.debug_info</name>
         <load_address>0x6fbb</load_address>
         <run_address>0x6fbb</run_address>
         <size>0x10a</size>
         <input_file_ref idref="fl-4"/>
      </object_component>
      <object_component id="oc-456">
         <name>.debug_info</name>
         <load_address>0x70c5</load_address>
         <run_address>0x70c5</run_address>
         <size>0xec</size>
         <input_file_ref idref="fl-5"/>
      </object_component>
      <object_component id="oc-41f">
         <name>.debug_info</name>
         <load_address>0x71b1</load_address>
         <run_address>0x71b1</run_address>
         <size>0x154</size>
         <input_file_ref idref="fl-5"/>
      </object_component>
      <object_component id="oc-459">
         <name>.debug_info</name>
         <load_address>0x7305</load_address>
         <run_address>0x7305</run_address>
         <size>0xd6</size>
         <input_file_ref idref="fl-5"/>
      </object_component>
      <object_component id="oc-115">
         <name>.debug_info</name>
         <load_address>0x73db</load_address>
         <run_address>0x73db</run_address>
         <size>0x153</size>
         <input_file_ref idref="fl-5"/>
      </object_component>
      <object_component id="oc-34c">
         <name>.debug_info</name>
         <load_address>0x752e</load_address>
         <run_address>0x752e</run_address>
         <size>0x135</size>
         <input_file_ref idref="fl-5"/>
      </object_component>
      <object_component id="oc-1c9">
         <name>.debug_info</name>
         <load_address>0x7663</load_address>
         <run_address>0x7663</run_address>
         <size>0x127</size>
         <input_file_ref idref="fl-5"/>
      </object_component>
      <object_component id="oc-353">
         <name>.debug_info</name>
         <load_address>0x778a</load_address>
         <run_address>0x778a</run_address>
         <size>0x11e</size>
         <input_file_ref idref="fl-5"/>
      </object_component>
      <object_component id="oc-1ce">
         <name>.debug_info</name>
         <load_address>0x78a8</load_address>
         <run_address>0x78a8</run_address>
         <size>0x130</size>
         <input_file_ref idref="fl-5"/>
      </object_component>
      <object_component id="oc-18f">
         <name>.debug_info</name>
         <load_address>0x79d8</load_address>
         <run_address>0x79d8</run_address>
         <size>0x13c</size>
         <input_file_ref idref="fl-15"/>
      </object_component>
      <object_component id="oc-263">
         <name>.debug_info</name>
         <load_address>0x7b14</load_address>
         <run_address>0x7b14</run_address>
         <size>0x1a0</size>
         <input_file_ref idref="fl-15"/>
      </object_component>
      <object_component id="oc-170">
         <name>.debug_info</name>
         <load_address>0x7cb4</load_address>
         <run_address>0x7cb4</run_address>
         <size>0x174</size>
         <input_file_ref idref="fl-15"/>
      </object_component>
      <object_component id="oc-15b">
         <name>.debug_info</name>
         <load_address>0x7e28</load_address>
         <run_address>0x7e28</run_address>
         <size>0x147</size>
         <input_file_ref idref="fl-15"/>
      </object_component>
      <object_component id="oc-19f">
         <name>.debug_info</name>
         <load_address>0x7f6f</load_address>
         <run_address>0x7f6f</run_address>
         <size>0x1a3</size>
         <input_file_ref idref="fl-15"/>
      </object_component>
      <object_component id="oc-f3">
         <name>.debug_info</name>
         <load_address>0x8112</load_address>
         <run_address>0x8112</run_address>
         <size>0x225</size>
         <input_file_ref idref="fl-15"/>
      </object_component>
      <object_component id="oc-18c">
         <name>.debug_info</name>
         <load_address>0x8337</load_address>
         <run_address>0x8337</run_address>
         <size>0x774</size>
         <input_file_ref idref="fl-15"/>
      </object_component>
      <object_component id="oc-f9">
         <name>.debug_info</name>
         <load_address>0x8aab</load_address>
         <run_address>0x8aab</run_address>
         <size>0x155</size>
         <input_file_ref idref="fl-15"/>
      </object_component>
      <object_component id="oc-180">
         <name>.debug_info</name>
         <load_address>0x8c00</load_address>
         <run_address>0x8c00</run_address>
         <size>0x144</size>
         <input_file_ref idref="fl-15"/>
      </object_component>
      <object_component id="oc-20">
         <name>.debug_info</name>
         <load_address>0x8d44</load_address>
         <run_address>0x8d44</run_address>
         <size>0xf7</size>
         <input_file_ref idref="fl-16"/>
      </object_component>
      <object_component id="oc-54">
         <name>.debug_info</name>
         <load_address>0x8e3b</load_address>
         <run_address>0x8e3b</run_address>
         <size>0xf8</size>
         <input_file_ref idref="fl-16"/>
      </object_component>
      <object_component id="oc-205">
         <name>.debug_info</name>
         <load_address>0x8f33</load_address>
         <run_address>0x8f33</run_address>
         <size>0x1e2</size>
         <input_file_ref idref="fl-1f"/>
      </object_component>
      <object_component id="oc-20c">
         <name>.debug_info</name>
         <load_address>0x9115</load_address>
         <run_address>0x9115</run_address>
         <size>0x1de</size>
         <input_file_ref idref="fl-1f"/>
      </object_component>
      <object_component id="oc-22c">
         <name>.debug_info</name>
         <load_address>0x92f3</load_address>
         <run_address>0x92f3</run_address>
         <size>0x23d</size>
         <input_file_ref idref="fl-1f"/>
      </object_component>
      <object_component id="oc-214">
         <name>.debug_info</name>
         <load_address>0x9530</load_address>
         <run_address>0x9530</run_address>
         <size>0x254</size>
         <input_file_ref idref="fl-1f"/>
      </object_component>
      <object_component id="oc-218">
         <name>.debug_info</name>
         <load_address>0x9784</load_address>
         <run_address>0x9784</run_address>
         <size>0x233</size>
         <input_file_ref idref="fl-1f"/>
      </object_component>
      <object_component id="oc-238">
         <name>.debug_info</name>
         <load_address>0x99b7</load_address>
         <run_address>0x99b7</run_address>
         <size>0x204</size>
         <input_file_ref idref="fl-1f"/>
      </object_component>
      <object_component id="oc-226">
         <name>.debug_info</name>
         <load_address>0x9bbb</load_address>
         <run_address>0x9bbb</run_address>
         <size>0x206</size>
         <input_file_ref idref="fl-1f"/>
      </object_component>
      <object_component id="oc-230">
         <name>.debug_info</name>
         <load_address>0x9dc1</load_address>
         <run_address>0x9dc1</run_address>
         <size>0x1fe</size>
         <input_file_ref idref="fl-1f"/>
      </object_component>
      <object_component id="oc-21e">
         <name>.debug_info</name>
         <load_address>0x9fbf</load_address>
         <run_address>0x9fbf</run_address>
         <size>0x200</size>
         <input_file_ref idref="fl-1f"/>
      </object_component>
      <object_component id="oc-23c">
         <name>.debug_info</name>
         <load_address>0xa1bf</load_address>
         <run_address>0xa1bf</run_address>
         <size>0x1f7</size>
         <input_file_ref idref="fl-1f"/>
      </object_component>
      <object_component id="oc-165">
         <name>.debug_info</name>
         <load_address>0xa3b6</load_address>
         <run_address>0xa3b6</run_address>
         <size>0x375</size>
         <input_file_ref idref="fl-1f"/>
      </object_component>
      <object_component id="oc-3d1">
         <name>.debug_info</name>
         <load_address>0xa72b</load_address>
         <run_address>0xa72b</run_address>
         <size>0x1ca</size>
         <input_file_ref idref="fl-20"/>
      </object_component>
      <object_component id="oc-40b">
         <name>.debug_info</name>
         <load_address>0xa8f5</load_address>
         <run_address>0xa8f5</run_address>
         <size>0x242</size>
         <input_file_ref idref="fl-20"/>
      </object_component>
      <object_component id="oc-279">
         <name>.debug_info</name>
         <load_address>0xab37</load_address>
         <run_address>0xab37</run_address>
         <size>0x22b</size>
         <input_file_ref idref="fl-20"/>
      </object_component>
      <object_component id="oc-280">
         <name>.debug_info</name>
         <load_address>0xad62</load_address>
         <run_address>0xad62</run_address>
         <size>0x273</size>
         <input_file_ref idref="fl-20"/>
      </object_component>
      <object_component id="oc-412">
         <name>.debug_info</name>
         <load_address>0xafd5</load_address>
         <run_address>0xafd5</run_address>
         <size>0x25b</size>
         <input_file_ref idref="fl-20"/>
      </object_component>
      <object_component id="oc-196">
         <name>.debug_info</name>
         <load_address>0xb230</load_address>
         <run_address>0xb230</run_address>
         <size>0x227</size>
         <input_file_ref idref="fl-20"/>
      </object_component>
      <object_component id="oc-274">
         <name>.debug_info</name>
         <load_address>0xb457</load_address>
         <run_address>0xb457</run_address>
         <size>0x214</size>
         <input_file_ref idref="fl-20"/>
      </object_component>
      <object_component id="oc-1a7">
         <name>.debug_info</name>
         <load_address>0xb66b</load_address>
         <run_address>0xb66b</run_address>
         <size>0x1c5</size>
         <input_file_ref idref="fl-21"/>
      </object_component>
      <object_component id="oc-ff">
         <name>.debug_info</name>
         <load_address>0xb830</load_address>
         <run_address>0xb830</run_address>
         <size>0x1d4</size>
         <input_file_ref idref="fl-21"/>
      </object_component>
      <object_component id="oc-26">
         <name>.debug_info</name>
         <load_address>0xba04</load_address>
         <run_address>0xba04</run_address>
         <size>0x1e1</size>
         <input_file_ref idref="fl-21"/>
      </object_component>
      <object_component id="oc-32">
         <name>.debug_info</name>
         <load_address>0xbbe5</load_address>
         <run_address>0xbbe5</run_address>
         <size>0x1c7</size>
         <input_file_ref idref="fl-21"/>
      </object_component>
      <object_component id="oc-38">
         <name>.debug_info</name>
         <load_address>0xbdac</load_address>
         <run_address>0xbdac</run_address>
         <size>0x1ad</size>
         <input_file_ref idref="fl-21"/>
      </object_component>
      <object_component id="oc-2c">
         <name>.debug_info</name>
         <load_address>0xbf59</load_address>
         <run_address>0xbf59</run_address>
         <size>0x1d1</size>
         <input_file_ref idref="fl-21"/>
      </object_component>
      <object_component id="oc-386">
         <name>.debug_info</name>
         <load_address>0xc12a</load_address>
         <run_address>0xc12a</run_address>
         <size>0x210</size>
[...]
         <attributes>RWIX</attributes>
         <usage_details>
         </usage_details>
      </memory_area>
      <memory_area display="yes" color="green">
         <name>FLASH_BANK2_SEC4</name>
         <page_id>0x0</page_id>
         <origin>0xa4000</origin>
         <length>0x1000</length>
         <used_space>0x0</used_space>
         <unused_space>0x1000</unused_space>
         <attributes>RWIX</attributes>
         <usage_details>
         </usage_details>
      </memory_area>
      <memory_area display="yes" color="green">
         <name>FLASH_BANK2_SEC5</name>
         <page_id>0x0</page_id>
         <origin>0xa5000</origin>
         <length>0x1000</length>
         <used_space>0x0</used_space>
         <unused_space>0x1000</unused_space>
         <attributes>RWIX</attributes>
         <usage_details>
         </usage_details>
      </memory_area>
      <memory_area display="yes" color="green">
         <name>FLASH_BANK2_SEC6</name>
         <page_id>0x0</page_id>
         <origin>0xa6000</origin>
         <length>0x1000</length>
         <used_space>0x0</used_space>
         <unused_space>0x1000</unused_space>
         <attributes>RWIX</attributes>
         <usage_details>
         </usage_details>
      </memory_area>
      <memory_area display="yes" color="green">
         <name>FLASH_BANK2_SEC7</name>
         <page_id>0x0</page_id>
         <origin>0xa7000</origin>
         <length>0x1000</length>
         <used_space>0x0</used_space>
         <unused_space>0x1000</unused_space>
         <attributes>RWIX</attributes>
         <usage_details>
         </usage_details>
      </memory_area>
      <memory_area display="yes" color="green">
         <name>FLASH_BANK2_SEC8</name>
         <page_id>0x0</page_id>
         <origin>0xa8000</origin>
         <length>0x1000</length>
         <used_space>0x0</used_space>
         <unused_space>0x1000</unused_space>
         <attributes>RWIX</attributes>
         <usage_details>
         </usage_details>
      </memory_area>
      <memory_area display="yes" color="green">
         <name>FLASH_BANK2_SEC9</name>
         <page_id>0x0</page_id>
         <origin>0xa9000</origin>
         <length>0x1000</length>
         <used_space>0x0</used_space>
         <unused_space>0x1000</unused_space>
         <attributes>RWIX</attributes>
         <usage_details>
         </usage_details>
      </memory_area>
      <memory_area display="yes" color="green">
         <name>FLASH_BANK2_SEC10</name>
         <page_id>0x0</page_id>
         <origin>0xaa000</origin>
         <length>0x1000</length>
         <used_space>0x0</used_space>
         <unused_space>0x1000</unused_space>
         <attributes>RWIX</attributes>
         <usage_details>
         </usage_details>
      </memory_area>
      <memory_area display="yes" color="green">
         <name>FLASH_BANK2_SEC11</name>
         <page_id>0x0</page_id>
         <origin>0xab000</origin>
         <length>0x1000</length>
         <used_space>0x0</used_space>
         <unused_space>0x1000</unused_space>
         <attributes>RWIX</attributes>
         <usage_details>
         </usage_details>
      </memory_area>
      <memory_area display="yes" color="green">
         <name>FLASH_BANK2_SEC12</name>
         <page_id>0x0</page_id>
         <origin>0xac000</origin>
         <length>0x1000</length>
         <used_space>0x0</used_space>
         <unused_space>0x1000</unused_space>
         <attributes>RWIX</attributes>
         <usage_details>
         </usage_details>
      </memory_area>
      <memory_area display="yes" color="green">
         <name>FLASH_BANK2_SEC13</name>
         <page_id>0x0</page_id>
         <origin>0xad000</origin>
         <length>0x1000</length>
         <used_space>0x0</used_space>
         <unused_space>0x1000</unused_space>
         <attributes>RWIX</attributes>
         <usage_details>
         </usage_details>
      </memory_area>
      <memory_area display="yes" color="green">
         <name>FLASH_BANK2_SEC14</name>
         <page_id>0x0</page_id>
         <origin>0xae000</origin>
         <length>0x1000</length>
         <used_space>0x0</used_space>
         <unused_space>0x1000</unused_space>
         <attributes>RWIX</attributes>
         <usage_details>
         </usage_details>
      </memory_area>
      <memory_area display="yes" color="green">
         <name>FLASH_BANK2_SEC15</name>
         <page_id>0x0</page_id>
         <origin>0xaf000</origin>
         <length>0xff0</length>
         <used_space>0x0</used_space>
         <unused_space>0xff0</unused_space>
         <attributes>RWIX</attributes>
         <usage_details>
         </usage_details>
      </memory_area>
      <memory_area display="no" color="green">
         <name>RESET</name>
         <page_id>0x0</page_id>
         <origin>0x3fffc0</origin>
         <length>0x2</length>
         <used_space>0x0</used_space>
         <unused_space>0x2</unused_space>
         <attributes>RWIX</attributes>
         <usage_details>
         </usage_details>
      </memory_area>
   </placement_map>
   <cptbl_list>
      <cptbl>
         <name>__TI_cinit_table</name>
         <cprec>
            <name>.data</name>
            <load_address>0x256</load_address>
            <load_size>0x28</load_size>
            <run_address>0xab80</run_address>
            <run_size>0x4b</run_size>
            <compression>lzss</compression>
         </cprec>
         <cprec>
            <name>.bss</name>
            <load_address>0x284</load_address>
            <load_size>0x4</load_size>
            <run_address>0xabcc</run_address>
            <run_size>0x19</run_size>
            <compression>zero_init</compression>
         </cprec>
      </cptbl>
   </cptbl_list>
   <handler_table>
      <handler_table_name>__TI_handler_table</handler_table_name>
      <handler>
         <index>0x0</index>
         <name>__TI_zero_init</name>
      </handler>
      <handler>
         <index>0x1</index>
         <name>__TI_decompress_lzss</name>
      </handler>
      <handler>
         <index>0x2</index>
         <name>__TI_decompress_none</name>
      </handler>
   </handler_table>
   <symbol_table>
      <symbol id="sm-1">
         <name>__TI_CINIT_Base</name>
         <value>0x288</value>
      </symbol>
      <symbol id="sm-2">
         <name>__TI_CINIT_Limit</name>
         <value>0x290</value>
      </symbol>
      <symbol id="sm-3">
         <name>__TI_CINIT_Warm</name>
         <value>0x290</value>
      </symbol>
      <symbol id="sm-4">
         <name>__TI_Handler_Table_Base</name>
         <value>0x27e</value>
      </symbol>
      <symbol id="sm-5">
         <name>__TI_Handler_Table_Limit</name>
         <value>0x284</value>
      </symbol>
      <symbol id="sm-6">
         <name>__TI_STACK_SIZE</name>
         <value>0x200</value>
      </symbol>
      <symbol id="sm-7">
         <name>__TI_STACK_END</name>
         <value>0x600</value>
      </symbol>
      <symbol id="sm-8">
         <name>__TI_pprof_out_hndl</name>
         <value>0xffffffff</value>
      </symbol>
      <symbol id="sm-9">
         <name>__TI_prof_data_start</name>
         <value>0xffffffff</value>
      </symbol>
      <symbol id="sm-a">
         <name>__TI_prof_data_size</name>
         <value>0xffffffff</value>
      </symbol>
      <symbol id="sm-91">
         <name>HR_Phase_ticks</name>
         <value>0xabd4</value>
         <object_component_ref idref="oc-13a"/>
      </symbol>
      <symbol id="sm-92">
         <name>DAB_calculatePWMDutyPeriodPhaseShiftTicks</name>
         <value>0x8bae</value>
         <object_component_ref idref="oc-119"/>
      </symbol>
      <symbol id="sm-93">
         <name>DAB_phaseSyncP1_S1CountDirection</name>
         <value>0xabcd</value>
         <object_component_ref idref="oc-13a"/>
      </symbol>
      <symbol id="sm-94">
         <name>DAB_pwmPhaseShift_P1_S1_ns</name>
         <value>0xabce</value>
         <object_component_ref idref="oc-13a"/>
      </symbol>
      <symbol id="sm-95">
         <name>main</name>
         <value>0x879e</value>
         <object_component_ref idref="oc-c7"/>
      </symbol>
      <symbol id="sm-96">
         <name>previousDutyFine</name>
         <value>0xabbe</value>
         <object_component_ref idref="oc-137"/>
      </symbol>
      <symbol id="sm-97">
         <name>Phase_pu</name>
         <value>0xabd2</value>
         <object_component_ref idref="oc-13a"/>
      </symbol>
      <symbol id="sm-98">
         <name>DAB_pwmPhaseShiftP1_S1_HiResticks</name>
         <value>0xabcc</value>
         <object_component_ref idref="oc-13a"/>
      </symbol>
      <symbol id="sm-99">
         <name>dutyFine</name>
         <value>0xabbc</value>
         <object_component_ref idref="oc-137"/>
      </symbol>
      <symbol id="sm-9a">
         <name>DAB_pwmPhaseShift_P1_S1_ticks</name>
         <value>0xabd0</value>
         <object_component_ref idref="oc-13a"/>
      </symbol>
      <symbol id="sm-222">
         <name>PinMux_init</name>
         <value>0x8956</value>
         <object_component_ref idref="oc-1ab"/>
      </symbol>
      <symbol id="sm-223">
         <name>Board_init</name>
         <value>0x961a</value>
         <object_component_ref idref="oc-107"/>
      </symbol>
      <symbol id="sm-224">
         <name>GPIO_init</name>
         <value>0x968d</value>
         <object_component_ref idref="oc-1bd"/>
      </symbol>
      <symbol id="sm-225">
         <name>SYNC_init</name>
         <value>0x964f</value>
         <object_component_ref idref="oc-1b1"/>
      </symbol>
      <symbol id="sm-226">
         <name>EPWM_init</name>
         <value>0x8000</value>
         <object_component_ref idref="oc-1b7"/>
      </symbol>
      <symbol id="sm-227">
         <name>myGPIO0_init</name>
         <value>0x931e</value>
         <object_component_ref idref="oc-341"/>
      </symbol>
      <symbol id="sm-23b">
         <name>CMD_RAM_init</name>
         <value>0x9695</value>
         <object_component_ref idref="oc-1fb"/>
      </symbol>
      <symbol id="sm-23c">
         <name>CMD_init</name>
         <value>0x9687</value>
         <object_component_ref idref="oc-15d"/>
      </symbol>
      <symbol id="sm-277">
         <name>MEP_ScaleFactor</name>
         <value>0xabe4</value>
         <object_component_ref idref="oc-455"/>
      </symbol>
      <symbol id="sm-278">
         <name>PI_CONTROLLER</name>
         <value>0xab96</value>
         <object_component_ref idref="oc-41e"/>
      </symbol>
      <symbol id="sm-279">
         <name>ePWM</name>
         <value>0xabac</value>
         <object_component_ref idref="oc-458"/>
      </symbol>
      <symbol id="sm-27a">
         <name>CONTROLLER_init</name>
         <value>0x968a</value>
         <object_component_ref idref="oc-1cc"/>
      </symbol>
      <symbol id="sm-27b">
         <name>PI_CONTROLLER_sps</name>
         <value>0xab8a</value>
         <object_component_ref idref="oc-41e"/>
      </symbol>
      <symbol id="sm-27c">
         <name>C2000Ware_libraries_init</name>
         <value>0x87fb</value>
         <object_component_ref idref="oc-113"/>
      </symbol>
      <symbol id="sm-27d">
         <name>HRPWM_SFO_init</name>
         <value>0x9690</value>
         <object_component_ref idref="oc-1c6"/>
      </symbol>
      <symbol id="sm-27e">
         <name>PI_CONTROLLER_css</name>
         <value>0xab80</value>
         <object_component_ref idref="oc-41e"/>
      </symbol>
      <symbol id="sm-27f">
         <name>PI_CONTROLLER_init</name>
         <value>0x8f9e</value>
         <object_component_ref idref="oc-352"/>
      </symbol>
      <symbol id="sm-280">
         <name>mySFO0_init</name>
         <value>0x9576</value>
         <object_component_ref idref="oc-34b"/>
      </symbol>
      <symbol id="sm-2de">
         <name>Device_enableAllPeripherals</name>
         <value>0x8800</value>
         <object_component_ref idref="oc-188"/>
      </symbol>
      <symbol id="sm-2df">
         <name>Device_initGPIO</name>
         <value>0x8ff0</value>
         <object_component_ref idref="oc-f5"/>
      </symbol>
      <symbol id="sm-2e0">
         <name>Device_init</name>
         <value>0x8bf7</value>
         <object_component_ref idref="oc-ef"/>
      </symbol>
      <symbol id="sm-2e1">
         <name>__error__</name>
         <value>0x9680</value>
         <object_component_ref idref="oc-17c"/>
      </symbol>
      <symbol id="sm-2f0">
         <name>code_start</name>
         <value>0x0</value>
         <object_component_ref idref="oc-1d"/>
      </symbol>
      <symbol id="sm-361">
         <name>Flash_initModule</name>
         <value>0x128</value>
         <object_component_ref idref="oc-163"/>
      </symbol>
      <symbol id="sm-3b1">
         <name>GPIO_setQualificationMode</name>
         <value>0x8e2b</value>
         <object_component_ref idref="oc-27e"/>
      </symbol>
      <symbol id="sm-3b2">
         <name>GPIO_setPadConfig</name>
         <value>0x8b0f</value>
         <object_component_ref idref="oc-278"/>
      </symbol>
      <symbol id="sm-3b3">
         <name>GPIO_setAnalogMode</name>
         <value>0x8a40</value>
         <object_component_ref idref="oc-194"/>
      </symbol>
      <symbol id="sm-3b4">
         <name>GPIO_setDirectionMode</name>
         <value>0x8e62</value>
         <object_component_ref idref="oc-40a"/>
      </symbol>
      <symbol id="sm-3b5">
         <name>GPIO_setPinConfig</name>
         <value>0x8df4</value>
         <object_component_ref idref="oc-272"/>
      </symbol>
      <symbol id="sm-3b6">
         <name>GPIO_setControllerCore</name>
         <value>0x8dbd</value>
         <object_component_ref idref="oc-410"/>
      </symbol>
      <symbol id="sm-3f0">
         <name>Interrupt_defaultHandler</name>
         <value>0x9407</value>
         <object_component_ref idref="oc-22"/>
      </symbol>
      <symbol id="sm-3f1">
         <name>Interrupt_initModule</name>
         <value>0x8d49</value>
         <object_component_ref idref="oc-fb"/>
      </symbol>
      <symbol id="sm-3f2">
         <name>Interrupt_nmiHandler</name>
         <value>0x9645</value>
         <object_component_ref idref="oc-34"/>
      </symbol>
      <symbol id="sm-3f3">
         <name>Interrupt_initVectorTable</name>
         <value>0x91d5</value>
         <object_component_ref idref="oc-28"/>
      </symbol>
      <symbol id="sm-3f4">
         <name>Interrupt_illegalOperationHandler</name>
         <value>0x963b</value>
         <object_component_ref idref="oc-2e"/>
      </symbol>
      <symbol id="sm-506">
         <name>SysCtl_isPLLValid</name>
         <value>0x86a0</value>
         <object_component_ref idref="oc-256"/>
      </symbol>
      <symbol id="sm-507">
         <name>SysCtl_delay</name>
         <value>0x252</value>
         <object_component_ref idref="oc-249"/>
      </symbol>
      <symbol id="sm-508">
         <name>SysCtl_selectXTALSingleEnded</name>
         <value>0x904e</value>
         <object_component_ref idref="oc-378"/>
      </symbol>
      <symbol id="sm-509">
         <name>SysCtl_selectXTAL</name>
         <value>0x8c40</value>
         <object_component_ref idref="oc-372"/>
      </symbol>
      <symbol id="sm-50a">
         <name>SysCtl_selectOscSource</name>
         <value>0x8b61</value>
         <object_component_ref idref="oc-24a"/>
      </symbol>
      <symbol id="sm-50b">
         <name>SysCtl_getLowSpeedClock</name>
         <value>0x92b9</value>
         <object_component_ref idref="oc-182"/>
      </symbol>
      <symbol id="sm-50c">
         <name>SysCtl_setClock</name>
         <value>0x857d</value>
         <object_component_ref idref="oc-169"/>
      </symbol>
      <symbol id="sm-50d">
         <name>SysCtl_getClock</name>
         <value>0x8aaa</value>
         <object_component_ref idref="oc-175"/>
      </symbol>
      <symbol id="sm-53a">
         <name>MEP_SF</name>
         <value>0xabd6</value>
         <object_component_ref idref="oc-452"/>
      </symbol>
      <symbol id="sm-53b">
         <name>SFO_CAL</name>
         <value>0xabdf</value>
         <object_component_ref idref="oc-44e"/>
      </symbol>
      <symbol id="sm-53c">
         <name>SFO</name>
         <value>0x838c</value>
         <object_component_ref idref="oc-417"/>
      </symbol>
      <symbol id="sm-546">
         <name>_c_int00</name>
         <value>0x93c4</value>
         <object_component_ref idref="oc-6d"/>
      </symbol>
      <symbol id="sm-547">
         <name>__stack</name>
         <value>0x400</value>
         <object_component_ref idref="oc-3a"/>
      </symbol>
      <symbol id="sm-554">
         <name>__c28xabi_divf</name>
         <value>0x88ce</value>
         <object_component_ref idref="oc-380"/>
      </symbol>
      <symbol id="sm-562">
         <name>_system_pre_init</name>
         <value>0x9693</value>
         <object_component_ref idref="oc-7e"/>
      </symbol>
      <symbol id="sm-571">
         <name>__TI_auto_init_nobinit_nopinit</name>
         <value>0x8f73</value>
         <object_component_ref idref="oc-97"/>
      </symbol>
      <symbol id="sm-580">
         <name>__TI_zero_init_nomemset</name>
         <value>0x95f5</value>
         <object_component_ref idref="oc-45"/>
      </symbol>
      <symbol id="sm-58d">
         <name>__TI_decompress_none</name>
         <value>0x9662</value>
         <object_component_ref idref="oc-16"/>
      </symbol>
      <symbol id="sm-5a1">
         <name>__TI_decompress_lzss</name>
         <value>0x8e93</value>
         <object_component_ref idref="oc-10"/>
      </symbol>
      <symbol id="sm-5b7">
         <name>C$$EXIT</name>
         <value>0x8fc7</value>
         <object_component_ref idref="oc-8b"/>
      </symbol>
      <symbol id="sm-5b8">
         <name>abort</name>
         <value>0x8fc7</value>
         <object_component_ref idref="oc-8b"/>
      </symbol>
      <symbol id="sm-5b9">
         <name>exit</name>
         <value>0x8fc9</value>
         <object_component_ref idref="oc-8b"/>
      </symbol>
      <symbol id="sm-5ba">
         <name>__TI_dtors_ptr</name>
         <value>0xabc4</value>
         <object_component_ref idref="oc-cf"/>
      </symbol>
      <symbol id="sm-5bb">
         <name>__TI_cleanup_ptr</name>
         <value>0xabc2</value>
         <object_component_ref idref="oc-cf"/>
      </symbol>
      <symbol id="sm-5bc">
         <name>__TI_enable_exit_profile_output</name>
         <value>0xabc0</value>
         <object_component_ref idref="oc-cf"/>
      </symbol>
      <symbol id="sm-5d3">
         <name>_nop</name>
         <value>0x9661</value>
         <object_component_ref idref="oc-144"/>
      </symbol>
      <symbol id="sm-5d4">
         <name>_lock</name>
         <value>0xabc6</value>
         <object_component_ref idref="oc-d2"/>
      </symbol>
      <symbol id="sm-5d5">
         <name>_unlock</name>
         <value>0xabc8</value>
         <object_component_ref idref="oc-1ed"/>
      </symbol>
      <symbol id="sm-5d6">
         <name>_register_lock</name>
         <value>0x965d</value>
         <object_component_ref idref="oc-144"/>
      </symbol>
      <symbol id="sm-5d7">
         <name>_register_unlock</name>
         <value>0x9659</value>
         <object_component_ref idref="oc-144"/>
      </symbol>
      <symbol id="sm-5e6">
         <name>_args_main</name>
         <value>0x960e</value>
         <object_component_ref idref="oc-85"/>
      </symbol>
      <symbol id="sm-5fa">
         <name>memcpy</name>
         <value>0x924a</value>
         <object_component_ref idref="oc-3d"/>
      </symbol>
      <symbol id="sm-607">
         <name>_system_post_cinit</name>
         <value>0x9696</value>
         <object_component_ref idref="oc-da"/>
      </symbol>
      <symbol id="sm-609">
         <name>__c_args__</name>
         <value>0x0</value>
      </symbol>
   </symbol_table>
   <title>Link successful</title>
</link_info>
